<html>
<body>
<pre>
<h1>µVision Build Log</h1>
<h2>Tool Versions:</h2>
IDE-Version: ¦ÌVision V5.42.0.0
Copyright (C) 2025 ARM Ltd and ARM Germany GmbH. All rights reserved.
License Information: www 2010160914@qq.com, ww, LIC=14HV2-9XA5K-LQ10Q-ND1HH-QQ66Q-VN00B
 
Tool Versions:
Toolchain:       MDK-ARM Plus  Version: 5.42.0.0
Toolchain Path:  C:\Users\20101\AppData\Local\Keil_v5\ARM\ARMCLANG\Bin
C Compiler:      ArmClang.exe V6.23
Assembler:       Armasm.exe V6.23
Linker/Locator:  ArmLink.exe V6.23
Library Manager: ArmAr.exe V6.23
Hex Converter:   FromElf.exe V6.23
CPU DLL:         SARMCM3.DLL V5.42.0.0
Dialog DLL:      DCM.DLL V1.17.5.0
Target DLL:      CMSIS_AGDI.dll V1.33.22.0
Dialog DLL:      TCM.DLL V1.56.6.0
 
<h2>Project:</h2>
C:\Users\20101\Desktop\2024C\stmmain\MDK-ARM\407VE.uvprojx
Project File Date:  05/15/2025

<h2>Output:</h2>
*** Using Compiler 'V6.23', folder: 'C:\Users\20101\AppData\Local\Keil_v5\ARM\ARMCLANG\Bin'
Rebuild target '407VE'
assembling startup_stm32f407xx.s...
compiling stm32f4xx_hal_rcc.c...
compiling stm32f4xx_it.c...
compiling gpio.c...
compiling rtc.c...
compiling stm32f4xx_hal_msp.c...
compiling usart.c...
compiling spi.c...
compiling main.c...
compiling stm32f4xx_hal_rtc_ex.c...
compiling stm32f4xx_hal_rtc.c...
compiling stm32f4xx_hal_rcc_ex.c...
compiling stm32f4xx_hal_flash.c...
compiling stm32f4xx_hal_flash_ramfunc.c...
compiling stm32f4xx_hal_flash_ex.c...
compiling stm32f4xx_hal_dma_ex.c...
compiling stm32f4xx_hal_gpio.c...
compiling stm32f4xx_hal_dma.c...
compiling stm32f4xx_hal_pwr.c...
compiling stm32f4xx_hal_pwr_ex.c...
compiling stm32f4xx_hal_cortex.c...
compiling stm32f4xx_hal.c...
compiling stm32f4xx_hal_exti.c...
compiling stm32f4xx_hal_tim.c...
compiling stm32f4xx_hal_tim_ex.c...
compiling lcd_fonts.c...
compiling system_stm32f4xx.c...
compiling lcd_image.c...
compiling stm32f4xx_hal_spi.c...
compiling gui.c...
compiling AD9959.C...
compiling tjc_usart_hmi.c...
compiling stm32f4xx_hal_uart.c...
compiling lcd_spi_200.c...
linking...
Program Size: Code=19748 RO-data=8920 RW-data=88 ZI-data=4680  
FromELF: creating hex file...
"407VE\407VE.axf" - 0 Error(s), 0 Warning(s).

<h2>Software Packages used:</h2>

Package Vendor: ARM
                https://www.keil.com/pack/ARM.CMSIS.6.1.0.pack
                ARM::CMSIS@6.1.0
                CMSIS (Common Microcontroller Software Interface Standard)
   * Component: CORE Version: 6.1.0

Package Vendor: Keil
                https://www.keil.com/pack/Keil.STM32F4xx_DFP.3.0.0.pack
                Keil::STM32F4xx_DFP@3.0.0
                STMicroelectronics STM32F4 Series Device Support

<h2>Collection of Component include folders:</h2>
  ./RTE/_407VE
  C:/Users/20101/AppData/Local/Arm/Packs/ARM/CMSIS/6.1.0/CMSIS/Core/Include

<h2>Collection of Component Files used:</h2>

   * Component: ARM::CMSIS:CORE@6.1.0
      Include file:  CMSIS/Core/Include/tz_context.h
Build Time Elapsed:  00:00:02
</pre>
</body>
</html>
