Component: Arm Compiler for Embedded 6.22 Tool: armlink [5ee90200]

==============================================================================

Section Cross References

    startup_stm32f407xx.o(RESET) refers to startup_stm32f407xx.o(STACK) for __initial_sp
    startup_stm32f407xx.o(RESET) refers to startup_stm32f407xx.o(.text) for Reset_Handler
    startup_stm32f407xx.o(RESET) refers to stm32f4xx_it.o(.text.NMI_Handler) for NMI_Handler
    startup_stm32f407xx.o(RESET) refers to stm32f4xx_it.o(.text.HardFault_Handler) for HardFault_Handler
    startup_stm32f407xx.o(RESET) refers to stm32f4xx_it.o(.text.MemManage_Handler) for MemManage_Handler
    startup_stm32f407xx.o(RESET) refers to stm32f4xx_it.o(.text.BusFault_Handler) for BusFault_Handler
    startup_stm32f407xx.o(RESET) refers to stm32f4xx_it.o(.text.UsageFault_Handler) for UsageFault_Handler
    startup_stm32f407xx.o(RESET) refers to stm32f4xx_it.o(.text.SVC_Handler) for SVC_Handler
    startup_stm32f407xx.o(RESET) refers to stm32f4xx_it.o(.text.DebugMon_Handler) for DebugMon_Handler
    startup_stm32f407xx.o(RESET) refers to stm32f4xx_it.o(.text.PendSV_Handler) for PendSV_Handler
    startup_stm32f407xx.o(RESET) refers to stm32f4xx_it.o(.text.SysTick_Handler) for SysTick_Handler
    startup_stm32f407xx.o(RESET) refers to stm32f4xx_it.o(.text.USART1_IRQHandler) for USART1_IRQHandler
    startup_stm32f407xx.o(.text) refers to system_stm32f4xx.o(.text.SystemInit) for SystemInit
    startup_stm32f407xx.o(.text) refers to entry.o(.ARM.Collect$$$$00000000) for __main
    main.o(.text.main) refers to stm32f4xx_hal.o(.text.HAL_Init) for HAL_Init
    main.o(.text.main) refers to main.o(.text.SystemClock_Config) for SystemClock_Config
    main.o(.text.main) refers to gpio.o(.text.MX_GPIO_Init) for MX_GPIO_Init
    main.o(.text.main) refers to rtc.o(.text.MX_RTC_Init) for MX_RTC_Init
    main.o(.text.main) refers to spi.o(.text.MX_SPI3_Init) for MX_SPI3_Init
    main.o(.text.main) refers to usart.o(.text.MX_USART1_UART_Init) for MX_USART1_UART_Init
    main.o(.text.main) refers to lcd_spi_200.o(.text.SPI_LCD_Init) for SPI_LCD_Init
    main.o(.text.main) refers to gui.o(.text.syslog) for syslog
    main.o(.text.main) refers to tjc_usart_hmi.o(.text.initRingBuffer) for initRingBuffer
    main.o(.text.main) refers to usart.o(.bss.huart1) for huart1
    main.o(.text.main) refers to tjc_usart_hmi.o(.bss.RxBuffer) for RxBuffer
    main.o(.text.main) refers to stm32f4xx_hal_uart.o(.text.HAL_UART_Receive_IT) for HAL_UART_Receive_IT
    main.o(.text.main) refers to stm32f4xx_hal.o(.text.HAL_GetTick) for HAL_GetTick
    main.o(.text.main) refers to ad9959.o(.text.Init_AD9959) for Init_AD9959
    main.o(.text.main) refers to stm32f4xx_hal.o(.text.HAL_Delay) for HAL_Delay
    main.o(.text.main) refers to ad9959.o(.text.AD9959_IO_Update) for AD9959_IO_Update
    main.o(.text.main) refers to main.o(.data..L_MergedGlobals) for .L_MergedGlobals
    main.o(.text.main) refers to main.o(.bss..L_MergedGlobals.10) for .L_MergedGlobals.10
    main.o(.text.main) refers to main.o(.rodata.str1.1) for .L.str.6
    main.o(.text.main) refers to tjc_usart_hmi.o(.text.deleteRingBuffer) for deleteRingBuffer
    main.o(.text.main) refers to stm32f4xx_hal_gpio.o(.text.HAL_GPIO_TogglePin) for HAL_GPIO_TogglePin
    main.o(.text.main) refers to tjc_usart_hmi.o(.text.getRingBufferLength) for getRingBufferLength
    main.o(.text.main) refers to tjc_usart_hmi.o(.text.read1ByteFromRingBuffer) for read1ByteFromRingBuffer
    main.o(.text.main) refers to printfa.o(i.__0sprintf) for __2sprintf
    main.o(.ARM.exidx.text.main) refers to main.o(.text.main) for [Anonymous Symbol]
    main.o(.text.SystemClock_Config) refers to memseta.o(.text) for __aeabi_memclr4
    main.o(.text.SystemClock_Config) refers to stm32f4xx_hal_rcc.o(.text.HAL_RCC_OscConfig) for HAL_RCC_OscConfig
    main.o(.text.SystemClock_Config) refers to stm32f4xx_hal_rcc.o(.text.HAL_RCC_ClockConfig) for HAL_RCC_ClockConfig
    main.o(.ARM.exidx.text.SystemClock_Config) refers to main.o(.text.SystemClock_Config) for [Anonymous Symbol]
    main.o(.ARM.exidx.text.Error_Handler) refers to main.o(.text.Error_Handler) for [Anonymous Symbol]
    main.o(.text.HAL_UART_RxCpltCallback) refers to tjc_usart_hmi.o(.bss.RxBuffer) for RxBuffer
    main.o(.text.HAL_UART_RxCpltCallback) refers to tjc_usart_hmi.o(.text.write1ByteToRingBuffer) for write1ByteToRingBuffer
    main.o(.text.HAL_UART_RxCpltCallback) refers to usart.o(.bss.huart1) for huart1
    main.o(.text.HAL_UART_RxCpltCallback) refers to stm32f4xx_hal_uart.o(.text.HAL_UART_Receive_IT) for HAL_UART_Receive_IT
    main.o(.ARM.exidx.text.HAL_UART_RxCpltCallback) refers to main.o(.text.HAL_UART_RxCpltCallback) for [Anonymous Symbol]
    gpio.o(.text.MX_GPIO_Init) refers to stm32f4xx_hal_gpio.o(.text.HAL_GPIO_WritePin) for HAL_GPIO_WritePin
    gpio.o(.text.MX_GPIO_Init) refers to stm32f4xx_hal_gpio.o(.text.HAL_GPIO_Init) for HAL_GPIO_Init
[...]
    Removing stm32f4xx_hal_uart.o(.text.HAL_UART_DMAResume), (370 bytes).
    Removing stm32f4xx_hal_uart.o(.ARM.exidx.text.HAL_UART_DMAResume), (8 bytes).
    Removing stm32f4xx_hal_uart.o(.text.HAL_UART_DMAStop), (540 bytes).
    Removing stm32f4xx_hal_uart.o(.ARM.exidx.text.HAL_UART_DMAStop), (8 bytes).
    Removing stm32f4xx_hal_uart.o(.text.HAL_UARTEx_ReceiveToIdle), (474 bytes).
    Removing stm32f4xx_hal_uart.o(.ARM.exidx.text.HAL_UARTEx_ReceiveToIdle), (8 bytes).
    Removing stm32f4xx_hal_uart.o(.text.HAL_UARTEx_ReceiveToIdle_IT), (212 bytes).
    Removing stm32f4xx_hal_uart.o(.ARM.exidx.text.HAL_UARTEx_ReceiveToIdle_IT), (8 bytes).
    Removing stm32f4xx_hal_uart.o(.text.HAL_UARTEx_ReceiveToIdle_DMA), (492 bytes).
    Removing stm32f4xx_hal_uart.o(.ARM.exidx.text.HAL_UARTEx_ReceiveToIdle_DMA), (8 bytes).
    Removing stm32f4xx_hal_uart.o(.text.HAL_UART_Abort), (482 bytes).
    Removing stm32f4xx_hal_uart.o(.ARM.exidx.text.HAL_UART_Abort), (8 bytes).
    Removing stm32f4xx_hal_uart.o(.text.HAL_UART_AbortTransmit), (208 bytes).
    Removing stm32f4xx_hal_uart.o(.ARM.exidx.text.HAL_UART_AbortTransmit), (8 bytes).
    Removing stm32f4xx_hal_uart.o(.text.HAL_UART_AbortReceive), (366 bytes).
    Removing stm32f4xx_hal_uart.o(.ARM.exidx.text.HAL_UART_AbortReceive), (8 bytes).
    Removing stm32f4xx_hal_uart.o(.text.HAL_UART_Abort_IT), (516 bytes).
    Removing stm32f4xx_hal_uart.o(.ARM.exidx.text.HAL_UART_Abort_IT), (8 bytes).
    Removing stm32f4xx_hal_uart.o(.text.UART_DMATxAbortCallback), (42 bytes).
    Removing stm32f4xx_hal_uart.o(.ARM.exidx.text.UART_DMATxAbortCallback), (8 bytes).
    Removing stm32f4xx_hal_uart.o(.text.UART_DMARxAbortCallback), (42 bytes).
    Removing stm32f4xx_hal_uart.o(.ARM.exidx.text.UART_DMARxAbortCallback), (8 bytes).
    Removing stm32f4xx_hal_uart.o(.text.HAL_UART_AbortCpltCallback), (2 bytes).
    Removing stm32f4xx_hal_uart.o(.ARM.exidx.text.HAL_UART_AbortCpltCallback), (8 bytes).
    Removing stm32f4xx_hal_uart.o(.text.HAL_UART_AbortTransmit_IT), (214 bytes).
    Removing stm32f4xx_hal_uart.o(.ARM.exidx.text.HAL_UART_AbortTransmit_IT), (8 bytes).
    Removing stm32f4xx_hal_uart.o(.text.UART_DMATxOnlyAbortCallback), (16 bytes).
    Removing stm32f4xx_hal_uart.o(.ARM.exidx.text.UART_DMATxOnlyAbortCallback), (8 bytes).
    Removing stm32f4xx_hal_uart.o(.text.HAL_UART_AbortTransmitCpltCallback), (2 bytes).
    Removing stm32f4xx_hal_uart.o(.ARM.exidx.text.HAL_UART_AbortTransmitCpltCallback), (8 bytes).
    Removing stm32f4xx_hal_uart.o(.text.HAL_UART_AbortReceive_IT), (372 bytes).
    Removing stm32f4xx_hal_uart.o(.ARM.exidx.text.HAL_UART_AbortReceive_IT), (8 bytes).
    Removing stm32f4xx_hal_uart.o(.text.UART_DMARxOnlyAbortCallback), (18 bytes).
    Removing stm32f4xx_hal_uart.o(.ARM.exidx.text.UART_DMARxOnlyAbortCallback), (8 bytes).
    Removing stm32f4xx_hal_uart.o(.text.HAL_UART_AbortReceiveCpltCallback), (2 bytes).
    Removing stm32f4xx_hal_uart.o(.ARM.exidx.text.HAL_UART_AbortReceiveCpltCallback), (8 bytes).
    Removing stm32f4xx_hal_uart.o(.ARM.exidx.text.HAL_UART_IRQHandler), (8 bytes).
    Removing stm32f4xx_hal_uart.o(.ARM.exidx.text.UART_Receive_IT), (8 bytes).
    Removing stm32f4xx_hal_uart.o(.ARM.exidx.text.UART_DMAAbortOnError), (8 bytes).
    Removing stm32f4xx_hal_uart.o(.ARM.exidx.text.HAL_UART_ErrorCallback), (8 bytes).
    Removing stm32f4xx_hal_uart.o(.ARM.exidx.text.HAL_UARTEx_RxEventCallback), (8 bytes).
    Removing stm32f4xx_hal_uart.o(.ARM.exidx.text.HAL_UART_TxCpltCallback), (8 bytes).
    Removing stm32f4xx_hal_uart.o(.text.HAL_UART_TxHalfCpltCallback), (2 bytes).
    Removing stm32f4xx_hal_uart.o(.ARM.exidx.text.HAL_UART_TxHalfCpltCallback), (8 bytes).
    Removing stm32f4xx_hal_uart.o(.text.HAL_UART_RxCpltCallback), (2 bytes).
    Removing stm32f4xx_hal_uart.o(.ARM.exidx.text.HAL_UART_RxCpltCallback), (8 bytes).
    Removing stm32f4xx_hal_uart.o(.text.HAL_UART_RxHalfCpltCallback), (2 bytes).
    Removing stm32f4xx_hal_uart.o(.ARM.exidx.text.HAL_UART_RxHalfCpltCallback), (8 bytes).
    Removing stm32f4xx_hal_uart.o(.text.HAL_LIN_SendBreak), (114 bytes).
    Removing stm32f4xx_hal_uart.o(.ARM.exidx.text.HAL_LIN_SendBreak), (8 bytes).
    Removing stm32f4xx_hal_uart.o(.text.HAL_MultiProcessor_EnterMuteMode), (114 bytes).
    Removing stm32f4xx_hal_uart.o(.ARM.exidx.text.HAL_MultiProcessor_EnterMuteMode), (8 bytes).
    Removing stm32f4xx_hal_uart.o(.text.HAL_MultiProcessor_ExitMuteMode), (114 bytes).
    Removing stm32f4xx_hal_uart.o(.ARM.exidx.text.HAL_MultiProcessor_ExitMuteMode), (8 bytes).
    Removing stm32f4xx_hal_uart.o(.text.HAL_HalfDuplex_EnableTransmitter), (44 bytes).
    Removing stm32f4xx_hal_uart.o(.ARM.exidx.text.HAL_HalfDuplex_EnableTransmitter), (8 bytes).
    Removing stm32f4xx_hal_uart.o(.text.HAL_HalfDuplex_EnableReceiver), (46 bytes).
    Removing stm32f4xx_hal_uart.o(.ARM.exidx.text.HAL_HalfDuplex_EnableReceiver), (8 bytes).
    Removing stm32f4xx_hal_uart.o(.text.HAL_UART_GetState), (14 bytes).
    Removing stm32f4xx_hal_uart.o(.ARM.exidx.text.HAL_UART_GetState), (8 bytes).
    Removing stm32f4xx_hal_uart.o(.text.HAL_UART_GetError), (4 bytes).
    Removing stm32f4xx_hal_uart.o(.ARM.exidx.text.HAL_UART_GetError), (8 bytes).
    Removing stm32f4xx_hal_uart.o(.text.UART_DMAReceiveCplt), (346 bytes).
    Removing stm32f4xx_hal_uart.o(.ARM.exidx.text.UART_DMAReceiveCplt), (8 bytes).
    Removing stm32f4xx_hal_uart.o(.text.UART_DMARxHalfCplt), (20 bytes).
    Removing stm32f4xx_hal_uart.o(.ARM.exidx.text.UART_DMARxHalfCplt), (8 bytes).
    Removing system_stm32f4xx.o(.text), (0 bytes).
    Removing system_stm32f4xx.o(.ARM.exidx.text.SystemInit), (8 bytes).
    Removing system_stm32f4xx.o(.text.SystemCoreClockUpdate), (134 bytes).
    Removing system_stm32f4xx.o(.ARM.exidx.text.SystemCoreClockUpdate), (8 bytes).
    Removing lcd_fonts.o(.text), (0 bytes).
    Removing lcd_fonts.o(.rodata.ASCII_3216_Table), (6080 bytes).
    Removing lcd_fonts.o(.rodata.ASCII_1608_Table), (1520 bytes).
    Removing lcd_fonts.o(.rodata.ASCII_1206_Table), (1140 bytes).
    Removing lcd_fonts.o(.data.ASCII_Font32), (12 bytes).
    Removing lcd_fonts.o(.data.ASCII_Font16), (12 bytes).
    Removing lcd_fonts.o(.data.ASCII_Font12), (12 bytes).
    Removing lcd_image.o(.text), (0 bytes).
    Removing lcd_image.o(.rodata.Image_Android_83x83), (913 bytes).
    Removing lcd_image.o(.rodata.Image_Message_83x83), (913 bytes).
    Removing lcd_image.o(.rodata.Image_Toys_83x83), (913 bytes).
    Removing lcd_image.o(.rodata.Image_Video_83x83), (913 bytes).
    Removing lcd_spi_200.o(.text), (0 bytes).
    Removing lcd_spi_200.o(.text.LCD_MX_SPI3_Init), (28 bytes).
    Removing lcd_spi_200.o(.ARM.exidx.text.LCD_MX_SPI3_Init), (8 bytes).
    Removing lcd_spi_200.o(.text.LCD_WriteCommand), (134 bytes).
    Removing lcd_spi_200.o(.ARM.exidx.text.LCD_WriteCommand), (8 bytes).
    Removing lcd_spi_200.o(.text.LCD_WriteData_8bit), (46 bytes).
    Removing lcd_spi_200.o(.ARM.exidx.text.LCD_WriteData_8bit), (8 bytes).
    Removing lcd_spi_200.o(.text.LCD_WriteData_16bit), (74 bytes).
    Removing lcd_spi_200.o(.ARM.exidx.text.LCD_WriteData_16bit), (8 bytes).
    Removing lcd_spi_200.o(.text.LCD_WriteBuff), (400 bytes).
    Removing lcd_spi_200.o(.ARM.exidx.text.LCD_WriteBuff), (8 bytes).
    Removing lcd_spi_200.o(.ARM.exidx.text.SPI_LCD_Init), (8 bytes).
    Removing lcd_spi_200.o(.text.LCD_SetDirection), (724 bytes).
    Removing lcd_spi_200.o(.ARM.exidx.text.LCD_SetDirection), (8 bytes).
    Removing lcd_spi_200.o(.ARM.exidx.text.LCD_SetBackColor), (8 bytes).
    Removing lcd_spi_200.o(.ARM.exidx.text.LCD_SetColor), (8 bytes).
    Removing lcd_spi_200.o(.ARM.exidx.text.LCD_Clear), (8 bytes).
    Removing lcd_spi_200.o(.ARM.exidx.text.LCD_SetAsciiFont), (8 bytes).
    Removing lcd_spi_200.o(.text.LCD_ShowNumMode), (12 bytes).
    Removing lcd_spi_200.o(.ARM.exidx.text.LCD_ShowNumMode), (8 bytes).
    Removing lcd_spi_200.o(.ARM.exidx.text.LCD_SetAddress), (8 bytes).
    Removing lcd_spi_200.o(.text.LCD_ClearRect), (194 bytes).
    Removing lcd_spi_200.o(.ARM.exidx.text.LCD_ClearRect), (8 bytes).
    Removing lcd_spi_200.o(.text.LCD_DrawPoint), (134 bytes).
    Removing lcd_spi_200.o(.ARM.exidx.text.LCD_DrawPoint), (8 bytes).
    Removing lcd_spi_200.o(.ARM.exidx.text.LCD_DisplayChar), (8 bytes).
    Removing lcd_spi_200.o(.ARM.exidx.text.LCD_DisplayString), (8 bytes).
    Removing lcd_spi_200.o(.text.LCD_SetTextFont), (52 bytes).
    Removing lcd_spi_200.o(.ARM.exidx.text.LCD_SetTextFont), (8 bytes).
    Removing lcd_spi_200.o(.text.LCD_DisplayChinese), (844 bytes).
    Removing lcd_spi_200.o(.ARM.exidx.text.LCD_DisplayChinese), (8 bytes).
    Removing lcd_spi_200.o(.text.LCD_DisplayText), (88 bytes).
    Removing lcd_spi_200.o(.ARM.exidx.text.LCD_DisplayText), (8 bytes).
    Removing lcd_spi_200.o(.text.LCD_DisplayNumber), (96 bytes).
    Removing lcd_spi_200.o(.ARM.exidx.text.LCD_DisplayNumber), (8 bytes).
    Removing lcd_spi_200.o(.text.LCD_DisplayDecimals), (96 bytes).
    Removing lcd_spi_200.o(.ARM.exidx.text.LCD_DisplayDecimals), (8 bytes).
    Removing lcd_spi_200.o(.ARM.exidx.text.LCD_DrawLine), (8 bytes).
    Removing lcd_spi_200.o(.text.LCD_DrawLine_V), (504 bytes).
    Removing lcd_spi_200.o(.ARM.exidx.text.LCD_DrawLine_V), (8 bytes).
    Removing lcd_spi_200.o(.text.LCD_DrawLine_H), (504 bytes).
    Removing lcd_spi_200.o(.ARM.exidx.text.LCD_DrawLine_H), (8 bytes).
    Removing lcd_spi_200.o(.text.LCD_DrawRect), (1988 bytes).
    Removing lcd_spi_200.o(.ARM.exidx.text.LCD_DrawRect), (8 bytes).
    Removing lcd_spi_200.o(.text.LCD_DrawCircle), (678 bytes).
    Removing lcd_spi_200.o(.ARM.exidx.text.LCD_DrawCircle), (8 bytes).
    Removing lcd_spi_200.o(.text.LCD_DrawEllipse), (1416 bytes).
    Removing lcd_spi_200.o(.ARM.exidx.text.LCD_DrawEllipse), (8 bytes).
    Removing lcd_spi_200.o(.text.LCD_FillCircle), (2064 bytes).
    Removing lcd_spi_200.o(.ARM.exidx.text.LCD_FillCircle), (8 bytes).
    Removing lcd_spi_200.o(.text.LCD_FillRect), (194 bytes).
    Removing lcd_spi_200.o(.ARM.exidx.text.LCD_FillRect), (8 bytes).
    Removing lcd_spi_200.o(.text.LCD_DrawImage), (1432 bytes).
    Removing lcd_spi_200.o(.ARM.exidx.text.LCD_DrawImage), (8 bytes).
    Removing lcd_spi_200.o(.text.LCD_Test_Clear), (732 bytes).
    Removing lcd_spi_200.o(.ARM.exidx.text.LCD_Test_Clear), (8 bytes).
    Removing lcd_spi_200.o(.rodata..Lswitch.table.LCD_Test_Clear), (24 bytes).
    Removing gui.o(.text), (0 bytes).
    Removing gui.o(.ARM.exidx.text.SPI_PrintWithPrefix), (8 bytes).
    Removing gui.o(.ARM.exidx.text.syslog), (8 bytes).
    Removing tjc_usart_hmi.o(.text), (0 bytes).
    Removing tjc_usart_hmi.o(.text.intToStr), (362 bytes).
    Removing tjc_usart_hmi.o(.ARM.exidx.text.intToStr), (8 bytes).
    Removing tjc_usart_hmi.o(.text.uart_send_char), (68 bytes).
    Removing tjc_usart_hmi.o(.ARM.exidx.text.uart_send_char), (8 bytes).
    Removing tjc_usart_hmi.o(.text.uart_send_string), (80 bytes).
    Removing tjc_usart_hmi.o(.ARM.exidx.text.uart_send_string), (8 bytes).
    Removing tjc_usart_hmi.o(.text.tjc_send_string), (230 bytes).
    Removing tjc_usart_hmi.o(.ARM.exidx.text.tjc_send_string), (8 bytes).
    Removing tjc_usart_hmi.o(.text.tjc_send_txt), (570 bytes).
    Removing tjc_usart_hmi.o(.ARM.exidx.text.tjc_send_txt), (8 bytes).
    Removing tjc_usart_hmi.o(.text.tjc_send_val), (868 bytes).
    Removing tjc_usart_hmi.o(.ARM.exidx.text.tjc_send_val), (8 bytes).
    Removing tjc_usart_hmi.o(.text.tjc_send_nstring), (238 bytes).
    Removing tjc_usart_hmi.o(.ARM.exidx.text.tjc_send_nstring), (8 bytes).
    Removing tjc_usart_hmi.o(.ARM.exidx.text.initRingBuffer), (8 bytes).
    Removing tjc_usart_hmi.o(.ARM.exidx.text.write1ByteToRingBuffer), (8 bytes).
    Removing tjc_usart_hmi.o(.ARM.exidx.text.deleteRingBuffer), (8 bytes).
    Removing tjc_usart_hmi.o(.ARM.exidx.text.read1ByteFromRingBuffer), (8 bytes).
    Removing tjc_usart_hmi.o(.ARM.exidx.text.getRingBufferLength), (8 bytes).
    Removing tjc_usart_hmi.o(.text.isRingBufferOverflow), (22 bytes).
    Removing tjc_usart_hmi.o(.ARM.exidx.text.isRingBufferOverflow), (8 bytes).
    Removing ad9959.o(.text), (0 bytes).
    Removing ad9959.o(.ARM.exidx.text.Init_AD9959), (8 bytes).
    Removing ad9959.o(.text.IntReset), (50 bytes).
    Removing ad9959.o(.ARM.exidx.text.IntReset), (8 bytes).
    Removing ad9959.o(.ARM.exidx.text.WriteData_AD9959), (8 bytes).
    Removing ad9959.o(.text.AD9959_Set_Amp), (98 bytes).
    Removing ad9959.o(.ARM.exidx.text.AD9959_Set_Amp), (8 bytes).
    Removing ad9959.o(.text.AD9959_Set_Freq), (50 bytes).
    Removing ad9959.o(.ARM.exidx.text.AD9959_Set_Freq), (8 bytes).
    Removing ad9959.o(.text.AD9959_Set_Phase), (528 bytes).
    Removing ad9959.o(.ARM.exidx.text.AD9959_Set_Phase), (8 bytes).
    Removing ad9959.o(.text.AD9959_Apply_Change), (584 bytes).
    Removing ad9959.o(.ARM.exidx.text.AD9959_Apply_Change), (8 bytes).
    Removing ad9959.o(.text.delay1), (2 bytes).
    Removing ad9959.o(.ARM.exidx.text.delay1), (8 bytes).
    Removing ad9959.o(.ARM.exidx.text.AD9959_IO_Update), (8 bytes).
    Removing ad9959.o(.text.Write_frequence), (88 bytes).
    Removing ad9959.o(.ARM.exidx.text.Write_frequence), (8 bytes).
    Removing ad9959.o(.text.Write_Amplitude), (68 bytes).
    Removing ad9959.o(.ARM.exidx.text.Write_Amplitude), (8 bytes).
    Removing ad9959.o(.text.Write_Phase), (64 bytes).
    Removing ad9959.o(.ARM.exidx.text.Write_Phase), (8 bytes).
    Removing ad9959.o(.data.CFR_DATA), (3 bytes).
    Removing ad9959.o(.bss.CPOW0_DATA), (2 bytes).
    Removing ad9959.o(.bss.LSRR_DATA), (2 bytes).
    Removing ad9959.o(.bss.RDW_DATA), (4 bytes).
    Removing ad9959.o(.bss.FDW_DATA), (4 bytes).
    Removing ad9959.o(.rodata..Lswitch.table.Write_Phase), (16 bytes).
    Removing ad9959.o(.data..L_MergedGlobals), (4 bytes).
    Removing dfltui.o(.text), (26 bytes).
    Removing dfixui.o(.text), (50 bytes).

773 unused section(s) (total 63949 bytes) removed from the image.

==============================================================================

Image Symbol Table

    Local Symbols

    Symbol Name                              Value     Ov Type        Size  Object(Section)

    ../clib/division.s                       0x00000000   Number         0  aeabi_sdiv.o ABSOLUTE
    ../clib/microlib/division.c              0x00000000   Number         0  uldiv.o ABSOLUTE
    ../clib/microlib/division.c              0x00000000   Number         0  uidiv.o ABSOLUTE
    ../clib/microlib/init/entry.s            0x00000000   Number         0  entry.o ABSOLUTE
    ../clib/microlib/init/entry.s            0x00000000   Number         0  entry2.o ABSOLUTE
    ../clib/microlib/init/entry.s            0x00000000   Number         0  entry5.o ABSOLUTE
    ../clib/microlib/init/entry.s            0x00000000   Number         0  entry7a.o ABSOLUTE
    ../clib/microlib/init/entry.s            0x00000000   Number         0  entry7b.o ABSOLUTE
    ../clib/microlib/init/entry.s            0x00000000   Number         0  entry8a.o ABSOLUTE
    ../clib/microlib/init/entry.s            0x00000000   Number         0  entry8b.o ABSOLUTE
    ../clib/microlib/init/entry.s            0x00000000   Number         0  entry9a.o ABSOLUTE
    ../clib/microlib/init/entry.s            0x00000000   Number         0  entry9b.o ABSOLUTE
    ../clib/microlib/init/entry.s            0x00000000   Number         0  entry10a.o ABSOLUTE
    ../clib/microlib/init/entry.s            0x00000000   Number         0  entry10b.o ABSOLUTE
    ../clib/microlib/init/entry.s            0x00000000   Number         0  entry11a.o ABSOLUTE
    ../clib/microlib/init/entry.s            0x00000000   Number         0  entry11b.o ABSOLUTE
    ../clib/microlib/longlong.c              0x00000000   Number         0  llshl.o ABSOLUTE
    ../clib/microlib/longlong.c              0x00000000   Number         0  llushr.o ABSOLUTE
    ../clib/microlib/longlong.c              0x00000000   Number         0  llsshr.o ABSOLUTE
    ../clib/microlib/malloc/malloc.c         0x00000000   Number         0  malloc.o ABSOLUTE
    ../clib/microlib/malloc/malloc.c         0x00000000   Number         0  mallocr.o ABSOLUTE
    ../clib/microlib/malloc/malloc.c         0x00000000   Number         0  malloca.o ABSOLUTE
    ../clib/microlib/malloc/malloc.c         0x00000000   Number         0  mallocra.o ABSOLUTE
    ../clib/microlib/malloc/mvars.c          0x00000000   Number         0  mvars.o ABSOLUTE
    ../clib/microlib/printf/printf.c         0x00000000   Number         0  printfb.o ABSOLUTE
    ../clib/microlib/printf/printf.c         0x00000000   Number         0  printf0.o ABSOLUTE
    ../clib/microlib/printf/printf.c         0x00000000   Number         0  printf1.o ABSOLUTE
    ../clib/microlib/printf/printf.c         0x00000000   Number         0  printf2.o ABSOLUTE
    ../clib/microlib/printf/printf.c         0x00000000   Number         0  printf3.o ABSOLUTE
    ../clib/microlib/printf/printf.c         0x00000000   Number         0  printf4.o ABSOLUTE
    ../clib/microlib/printf/printf.c         0x00000000   Number         0  printf5.o ABSOLUTE
    ../clib/microlib/printf/printf.c         0x00000000   Number         0  printf6.o ABSOLUTE
    ../clib/microlib/printf/printf.c         0x00000000   Number         0  printf7.o ABSOLUTE
    ../clib/microlib/printf/printf.c         0x00000000   Number         0  printf8.o ABSOLUTE
    ../clib/microlib/printf/printf.c         0x00000000   Number         0  printfa.o ABSOLUTE
    ../clib/microlib/printf/stubs.s          0x00000000   Number         0  printfstubs.o ABSOLUTE
    ../clib/microlib/stdio/fputc.c           0x00000000   Number         0  fputc.o ABSOLUTE
    ../clib/microlib/stdio/fputc.c           0x00000000   Number         0  fputc_h.o ABSOLUTE
    ../clib/microlib/stdio/semi.s            0x00000000   Number         0  semi.o ABSOLUTE
    ../clib/microlib/stdio/streams.c         0x00000000   Number         0  stdout.o ABSOLUTE
    ../clib/microlib/string/memcpy.c         0x00000000   Number         0  memcpya.o ABSOLUTE
    ../clib/microlib/string/memcpy.c         0x00000000   Number         0  memcpyb.o ABSOLUTE
    ../clib/microlib/string/memset.c         0x00000000   Number         0  memseta.o ABSOLUTE
    ../clib/microlib/string/strcat.c         0x00000000   Number         0  strcat.o ABSOLUTE
    ../clib/microlib/string/strcpy.c         0x00000000   Number         0  strcpy.o ABSOLUTE
    ../clib/microlib/string/strlen.c         0x00000000   Number         0  strlen.o ABSOLUTE
    ../clib/microlib/string/strncpy.c        0x00000000   Number         0  strncpy.o ABSOLUTE
    ../clib/microlib/stubs.s                 0x00000000   Number         0  iusefp.o ABSOLUTE
    ../clib/microlib/stubs.s                 0x00000000   Number         0  iusesemip.o ABSOLUTE
    ../fplib/microlib/fpadd.c                0x00000000   Number         0  dadd.o ABSOLUTE
    ../fplib/microlib/fpdiv.c                0x00000000   Number         0  ddiv.o ABSOLUTE
    ../fplib/microlib/fpepilogue.c           0x00000000   Number         0  depilogue.o ABSOLUTE
    ../fplib/microlib/fpfix.c                0x00000000   Number         0  dfixui.o ABSOLUTE
    ../fplib/microlib/fpfix.c                0x00000000   Number         0  dfixul.o ABSOLUTE
    ../fplib/microlib/fpflt.c                0x00000000   Number         0  dfltui.o ABSOLUTE
    ../fplib/microlib/fpmul.c                0x00000000   Number         0  dmul.o ABSOLUTE
    AD9959.C                                 0x00000000   Number         0  ad9959.o ABSOLUTE
    cdrcmple.s                               0x00000000   Number         0  cdrcmple.o ABSOLUTE
    dc.s                                     0x00000000   Number         0  dc.o ABSOLUTE
    gpio.c                                   0x00000000   Number         0  gpio.o ABSOLUTE
    gui.c                                    0x00000000   Number         0  gui.o ABSOLUTE
    handlers.s                               0x00000000   Number         0  handlers.o ABSOLUTE
    init.s                                   0x00000000   Number         0  init.o ABSOLUTE
    lcd_fonts.c                              0x00000000   Number         0  lcd_fonts.o ABSOLUTE
    lcd_image.c                              0x00000000   Number         0  lcd_image.o ABSOLUTE
    lcd_spi_200.c                            0x00000000   Number         0  lcd_spi_200.o ABSOLUTE
    main.c                                   0x00000000   Number         0  main.o ABSOLUTE
    rtc.c                                    0x00000000   Number         0  rtc.o ABSOLUTE
    spi.c                                    0x00000000   Number         0  spi.o ABSOLUTE
    startup_stm32f407xx.s                    0x00000000   Number         0  startup_stm32f407xx.o ABSOLUTE
    stm32f4xx_hal.c                          0x00000000   Number         0  stm32f4xx_hal.o ABSOLUTE
    stm32f4xx_hal_cortex.c                   0x00000000   Number         0  stm32f4xx_hal_cortex.o ABSOLUTE
    stm32f4xx_hal_dma.c                      0x00000000   Number         0  stm32f4xx_hal_dma.o ABSOLUTE
    stm32f4xx_hal_dma_ex.c                   0x00000000   Number         0  stm32f4xx_hal_dma_ex.o ABSOLUTE
    stm32f4xx_hal_exti.c                     0x00000000   Number         0  stm32f4xx_hal_exti.o ABSOLUTE
    stm32f4xx_hal_flash.c                    0x00000000   Number         0  stm32f4xx_hal_flash.o ABSOLUTE
    stm32f4xx_hal_flash_ex.c                 0x00000000   Number         0  stm32f4xx_hal_flash_ex.o ABSOLUTE
    stm32f4xx_hal_flash_ramfunc.c            0x00000000   Number         0  stm32f4xx_hal_flash_ramfunc.o ABSOLUTE
    stm32f4xx_hal_gpio.c                     0x00000000   Number         0  stm32f4xx_hal_gpio.o ABSOLUTE
    stm32f4xx_hal_msp.c                      0x00000000   Number         0  stm32f4xx_hal_msp.o ABSOLUTE
    stm32f4xx_hal_pwr.c                      0x00000000   Number         0  stm32f4xx_hal_pwr.o ABSOLUTE
    stm32f4xx_hal_pwr_ex.c                   0x00000000   Number         0  stm32f4xx_hal_pwr_ex.o ABSOLUTE
    stm32f4xx_hal_rcc.c                      0x00000000   Number         0  stm32f4xx_hal_rcc.o ABSOLUTE
    stm32f4xx_hal_rcc_ex.c                   0x00000000   Number         0  stm32f4xx_hal_rcc_ex.o ABSOLUTE
    stm32f4xx_hal_rtc.c                      0x00000000   Number         0  stm32f4xx_hal_rtc.o ABSOLUTE
    stm32f4xx_hal_rtc_ex.c                   0x00000000   Number         0  stm32f4xx_hal_rtc_ex.o ABSOLUTE
    stm32f4xx_hal_spi.c                      0x00000000   Number         0  stm32f4xx_hal_spi.o ABSOLUTE
    stm32f4xx_hal_tim.c                      0x00000000   Number         0  stm32f4xx_hal_tim.o ABSOLUTE
    stm32f4xx_hal_tim_ex.c                   0x00000000   Number         0  stm32f4xx_hal_tim_ex.o ABSOLUTE
    stm32f4xx_hal_uart.c                     0x00000000   Number         0  stm32f4xx_hal_uart.o ABSOLUTE
    stm32f4xx_it.c                           0x00000000   Number         0  stm32f4xx_it.o ABSOLUTE
    system_stm32f4xx.c                       0x00000000   Number         0  system_stm32f4xx.o ABSOLUTE
    tjc_usart_hmi.c                          0x00000000   Number         0  tjc_usart_hmi.o ABSOLUTE
    usart.c                                  0x00000000   Number         0  usart.o ABSOLUTE
    RESET                                    0x08000000   Section      392  startup_stm32f407xx.o(RESET)
    .ARM.Collect$$$$00000000                 0x08000188   Section        0  entry.o(.ARM.Collect$$$$00000000)
    .ARM.Collect$$$$00000001                 0x08000188   Section        4  entry2.o(.ARM.Collect$$$$00000001)
    .ARM.Collect$$$$00000004                 0x0800018c   Section        4  entry5.o(.ARM.Collect$$$$00000004)
    .ARM.Collect$$$$00000008                 0x08000190   Section        0  entry7b.o(.ARM.Collect$$$$00000008)
    .ARM.Collect$$$$0000000A                 0x08000190   Section        0  entry8b.o(.ARM.Collect$$$$0000000A)
    .ARM.Collect$$$$0000000B                 0x08000190   Section        8  entry9a.o(.ARM.Collect$$$$0000000B)
    __lit__00000000                          0x08000198   Data           4  entry2.o(.ARM.Collect$$$$00002712)
    .ARM.Collect$$$$0000000D                 0x08000198   Section        0  entry10a.o(.ARM.Collect$$$$0000000D)
    .ARM.Collect$$$$0000000F                 0x08000198   Section        0  entry11a.o(.ARM.Collect$$$$0000000F)
    .ARM.Collect$$$$00002712                 0x08000198   Section        4  entry2.o(.ARM.Collect$$$$00002712)
    $v0                                      0x0800019c   Number         0  startup_stm32f407xx.o(.text)
    .text                                    0x0800019c   Section       36  startup_stm32f407xx.o(.text)
    .text                                    0x080001c0   Section        0  uldiv.o(.text)
    .text                                    0x08000222   Section        0  memcpya.o(.text)
    .text                                    0x08000246   Section        0  memseta.o(.text)
    .text                                    0x0800026a   Section        0  strcat.o(.text)
    .text                                    0x08000282   Section        0  strncpy.o(.text)
    .text                                    0x0800029a   Section        0  strlen.o(.text)
    .text                                    0x080002a8   Section        0  strcpy.o(.text)
    .text                                    0x080002ba   Section        0  dmul.o(.text)
    .text                                    0x0800039e   Section        0  uidiv.o(.text)
    .text                                    0x080003ca   Section        0  llshl.o(.text)
    .text                                    0x080003e8   Section        0  llushr.o(.text)
    .text                                    0x08000408   Section        0  iusefp.o(.text)
    .text                                    0x08000408   Section        0  depilogue.o(.text)
    .text                                    0x080004c2   Section        0  dadd.o(.text)
    .text                                    0x08000610   Section        0  ddiv.o(.text)
    .text                                    0x080006ee   Section        0  dfixul.o(.text)
    .text                                    0x08000720   Section       48  cdrcmple.o(.text)
    .text                                    0x08000750   Section       48  init.o(.text)
    .text                                    0x08000780   Section        0  llsshr.o(.text)
    [Anonymous Symbol]                       0x080007a4   Section        0  ad9959.o(.text.AD9959_IO_Update)
    [Anonymous Symbol]                       0x080007d8   Section        0  stm32f4xx_it.o(.text.BusFault_Handler)
    [Anonymous Symbol]                       0x080007dc   Section        0  stm32f4xx_it.o(.text.DebugMon_Handler)
    [Anonymous Symbol]                       0x080007e0   Section        0  main.o(.text.Error_Handler)
    [Anonymous Symbol]                       0x080007ec   Section        0  stm32f4xx_hal_dma.o(.text.HAL_DMA_Abort)
    [Anonymous Symbol]                       0x0800087c   Section        0  stm32f4xx_hal_dma.o(.text.HAL_DMA_Abort_IT)
    [Anonymous Symbol]                       0x080008a0   Section        0  stm32f4xx_hal.o(.text.HAL_Delay)
    [Anonymous Symbol]                       0x080008c8   Section        0  stm32f4xx_hal_gpio.o(.text.HAL_GPIO_Init)
    [Anonymous Symbol]                       0x08000a68   Section        0  stm32f4xx_hal_gpio.o(.text.HAL_GPIO_TogglePin)
    [Anonymous Symbol]                       0x08000a78   Section        0  stm32f4xx_hal_gpio.o(.text.HAL_GPIO_WritePin)
    [Anonymous Symbol]                       0x08000a84   Section        0  stm32f4xx_hal.o(.text.HAL_GetTick)
    [Anonymous Symbol]                       0x08000a90   Section        0  stm32f4xx_hal.o(.text.HAL_IncTick)
    [Anonymous Symbol]                       0x08000aac   Section        0  stm32f4xx_hal.o(.text.HAL_Init)
    [Anonymous Symbol]                       0x08000ae4   Section        0  stm32f4xx_hal.o(.text.HAL_InitTick)
    [Anonymous Symbol]                       0x08000b2c   Section        0  stm32f4xx_hal_msp.o(.text.HAL_MspInit)
    [Anonymous Symbol]                       0x08000b64   Section        0  stm32f4xx_hal_cortex.o(.text.HAL_NVIC_EnableIRQ)
    [Anonymous Symbol]                       0x08000b88   Section        0  stm32f4xx_hal_cortex.o(.text.HAL_NVIC_SetPriority)
    [Anonymous Symbol]                       0x08000be0   Section        0  stm32f4xx_hal_cortex.o(.text.HAL_NVIC_SetPriorityGrouping)
    [Anonymous Symbol]                       0x08000c00   Section        0  stm32f4xx_hal_rcc_ex.o(.text.HAL_RCCEx_PeriphCLKConfig)
    [Anonymous Symbol]                       0x08000d4c   Section        0  stm32f4xx_hal_rcc.o(.text.HAL_RCC_ClockConfig)
    [Anonymous Symbol]                       0x08000eb0   Section        0  stm32f4xx_hal_rcc.o(.text.HAL_RCC_GetPCLK1Freq)
    [Anonymous Symbol]                       0x08000ed8   Section        0  stm32f4xx_hal_rcc.o(.text.HAL_RCC_GetPCLK2Freq)
    [Anonymous Symbol]                       0x08000f00   Section        0  stm32f4xx_hal_rcc.o(.text.HAL_RCC_GetSysClockFreq)
    [Anonymous Symbol]                       0x08000f6c   Section        0  stm32f4xx_hal_rcc.o(.text.HAL_RCC_OscConfig)
    [Anonymous Symbol]                       0x08001318   Section        0  stm32f4xx_hal_rtc.o(.text.HAL_RTC_Init)
    [Anonymous Symbol]                       0x08001408   Section        0  rtc.o(.text.HAL_RTC_MspInit)
    [Anonymous Symbol]                       0x0800144c   Section        0  stm32f4xx_hal_spi.o(.text.HAL_SPI_Init)
    [Anonymous Symbol]                       0x080014fc   Section        0  spi.o(.text.HAL_SPI_MspInit)
    [Anonymous Symbol]                       0x08001570   Section        0  stm32f4xx_hal_cortex.o(.text.HAL_SYSTICK_Config)
    [Anonymous Symbol]                       0x0800159c   Section        0  stm32f4xx_hal_uart.o(.text.HAL_UARTEx_RxEventCallback)
    [Anonymous Symbol]                       0x080015a0   Section        0  stm32f4xx_hal_uart.o(.text.HAL_UART_ErrorCallback)
    [Anonymous Symbol]                       0x080015a4   Section        0  stm32f4xx_hal_uart.o(.text.HAL_UART_IRQHandler)
    [Anonymous Symbol]                       0x08001b0c   Section        0  stm32f4xx_hal_uart.o(.text.HAL_UART_Init)
    [Anonymous Symbol]                       0x08001b6c   Section        0  usart.o(.text.HAL_UART_MspInit)
    [Anonymous Symbol]                       0x08001bf4   Section        0  stm32f4xx_hal_uart.o(.text.HAL_UART_Receive_IT)
    [Anonymous Symbol]                       0x08001c54   Section        0  main.o(.text.HAL_UART_RxCpltCallback)
    [Anonymous Symbol]                       0x08001c88   Section        0  stm32f4xx_hal_uart.o(.text.HAL_UART_TxCpltCallback)
    [Anonymous Symbol]                       0x08001c8c   Section        0  stm32f4xx_it.o(.text.HardFault_Handler)
    [Anonymous Symbol]                       0x08001c90   Section        0  ad9959.o(.text.Init_AD9959)
    [Anonymous Symbol]                       0x08001d20   Section        0  lcd_spi_200.o(.text.LCD_Clear)
    [Anonymous Symbol]                       0x08001ea8   Section        0  lcd_spi_200.o(.text.LCD_DisplayChar)
    [Anonymous Symbol]                       0x080021d8   Section        0  lcd_spi_200.o(.text.LCD_DisplayString)
    [Anonymous Symbol]                       0x08002210   Section        0  lcd_spi_200.o(.text.LCD_DrawLine)
    [Anonymous Symbol]                       0x0800234c   Section        0  lcd_spi_200.o(.text.LCD_SetAddress)
    [Anonymous Symbol]                       0x08002600   Section        0  lcd_spi_200.o(.text.LCD_SetAsciiFont)
    [Anonymous Symbol]                       0x0800260c   Section        0  lcd_spi_200.o(.text.LCD_SetBackColor)
    [Anonymous Symbol]                       0x08002630   Section        0  lcd_spi_200.o(.text.LCD_SetColor)
    [Anonymous Symbol]                       0x08002654   Section        0  gpio.o(.text.MX_GPIO_Init)
    [Anonymous Symbol]                       0x080027d8   Section        0  rtc.o(.text.MX_RTC_Init)
    [Anonymous Symbol]                       0x08002810   Section        0  spi.o(.text.MX_SPI3_Init)
    [Anonymous Symbol]                       0x08002858   Section        0  usart.o(.text.MX_USART1_UART_Init)
    [Anonymous Symbol]                       0x08002894   Section        0  stm32f4xx_it.o(.text.MemManage_Handler)
    [Anonymous Symbol]                       0x08002898   Section        0  stm32f4xx_it.o(.text.NMI_Handler)
    [Anonymous Symbol]                       0x0800289c   Section        0  stm32f4xx_it.o(.text.PendSV_Handler)
    [Anonymous Symbol]                       0x080028a0   Section        0  lcd_spi_200.o(.text.SPI_LCD_Init)
    [Anonymous Symbol]                       0x080037a4   Section        0  gui.o(.text.SPI_PrintWithPrefix)
    [Anonymous Symbol]                       0x08003a4c   Section        0  stm32f4xx_it.o(.text.SVC_Handler)
    [Anonymous Symbol]                       0x08003a50   Section        0  stm32f4xx_it.o(.text.SysTick_Handler)
    [Anonymous Symbol]                       0x08003a54   Section        0  main.o(.text.SystemClock_Config)
    [Anonymous Symbol]                       0x08003b0c   Section        0  system_stm32f4xx.o(.text.SystemInit)
    UART_DMAAbortOnError                     0x08003b21   Thumb Code    12  stm32f4xx_hal_uart.o(.text.UART_DMAAbortOnError)
    [Anonymous Symbol]                       0x08003b20   Section        0  stm32f4xx_hal_uart.o(.text.UART_DMAAbortOnError)
    UART_Receive_IT                          0x08003b2d   Thumb Code   254  stm32f4xx_hal_uart.o(.text.UART_Receive_IT)
    [Anonymous Symbol]                       0x08003b2c   Section        0  stm32f4xx_hal_uart.o(.text.UART_Receive_IT)
    UART_SetConfig                           0x08003c2d   Thumb Code   230  stm32f4xx_hal_uart.o(.text.UART_SetConfig)
    [Anonymous Symbol]                       0x08003c2c   Section        0  stm32f4xx_hal_uart.o(.text.UART_SetConfig)
    [Anonymous Symbol]                       0x08003d14   Section        0  stm32f4xx_it.o(.text.USART1_IRQHandler)
    [Anonymous Symbol]                       0x08003d20   Section        0  stm32f4xx_it.o(.text.UsageFault_Handler)
    [Anonymous Symbol]                       0x08003d24   Section        0  ad9959.o(.text.WriteData_AD9959)
    [Anonymous Symbol]                       0x08003fd0   Section        0  tjc_usart_hmi.o(.text.deleteRingBuffer)
    [Anonymous Symbol]                       0x0800400c   Section        0  tjc_usart_hmi.o(.text.getRingBufferLength)
    [Anonymous Symbol]                       0x08004018   Section        0  tjc_usart_hmi.o(.text.initRingBuffer)
    [Anonymous Symbol]                       0x08004028   Section        0  main.o(.text.main)
    [Anonymous Symbol]                       0x08004224   Section        0  tjc_usart_hmi.o(.text.read1ByteFromRingBuffer)
    [Anonymous Symbol]                       0x0800424c   Section        0  gui.o(.text.syslog)
    [Anonymous Symbol]                       0x0800425c   Section        0  tjc_usart_hmi.o(.text.write1ByteToRingBuffer)
    i.__0sprintf                             0x080042a4   Section        0  printfa.o(i.__0sprintf)
    i.__scatterload_copy                     0x080042cc   Section       14  handlers.o(i.__scatterload_copy)
    i.__scatterload_null                     0x080042da   Section        2  handlers.o(i.__scatterload_null)
    i.__scatterload_zeroinit                 0x080042dc   Section       14  handlers.o(i.__scatterload_zeroinit)
    _fp_digits                               0x080042ed   Thumb Code   366  printfa.o(i._fp_digits)
    i._fp_digits                             0x080042ec   Section        0  printfa.o(i._fp_digits)
    _printf_core                             0x08004471   Thumb Code  1744  printfa.o(i._printf_core)
    i._printf_core                           0x08004470   Section        0  printfa.o(i._printf_core)
    _printf_post_padding                     0x08004b4d   Thumb Code    36  printfa.o(i._printf_post_padding)
    i._printf_post_padding                   0x08004b4c   Section        0  printfa.o(i._printf_post_padding)
    _printf_pre_padding                      0x08004b71   Thumb Code    46  printfa.o(i._printf_pre_padding)
    i._printf_pre_padding                    0x08004b70   Section        0  printfa.o(i._printf_pre_padding)
    _sputc                                   0x08004b9f   Thumb Code    10  printfa.o(i._sputc)
    i._sputc                                 0x08004b9e   Section        0  printfa.o(i._sputc)
    i.free                                   0x08004ba8   Section        0  malloc.o(i.free)
    i.malloc                                 0x08004bf8   Section        0  malloc.o(i.malloc)
    .L.str.6                                 0x08006d24   Data          27  main.o(.rodata.str1.1)
    [Anonymous Symbol]                       0x08006d24   Section        0  main.o(.rodata.str1.1)
    .L.str.5                                 0x08006d3f   Data          27  main.o(.rodata.str1.1)
    .L.str.7                                 0x08006d5a   Data          28  main.o(.rodata.str1.1)
    .L.str.4                                 0x08006d76   Data          24  main.o(.rodata.str1.1)
    .data                                    0x20000000   Section        4  mvars.o(.data)
    .data                                    0x20000004   Section        4  mvars.o(.data)
    .L_MergedGlobals                         0x20000008   Data           3  main.o(.data..L_MergedGlobals)
    [Anonymous Symbol]                       0x20000008   Section        0  main.o(.data..L_MergedGlobals)
    .L_MergedGlobals                         0x2000000c   Data           8  stm32f4xx_hal.o(.data..L_MergedGlobals)
    [Anonymous Symbol]                       0x2000000c   Section        0  stm32f4xx_hal.o(.data..L_MergedGlobals)
    .L_MergedGlobals                         0x20000038   Data          24  lcd_spi_200.o(.bss..L_MergedGlobals)
    LCD_AsciiFonts                           0x20000038   Data           4  lcd_spi_200.o(.bss..L_MergedGlobals)
    [Anonymous Symbol]                       0x20000038   Section        0  lcd_spi_200.o(.bss..L_MergedGlobals)
    LCD_CHFonts                              0x2000003c   Data           4  lcd_spi_200.o(.bss..L_MergedGlobals)
    .L_MergedGlobals                         0x20000050   Data          64  gui.o(.bss..L_MergedGlobals)
    bufCount                                 0x20000050   Data           4  gui.o(.bss..L_MergedGlobals)
    [Anonymous Symbol]                       0x20000050   Section        0  gui.o(.bss..L_MergedGlobals)
    bufStart                                 0x20000054   Data           4  gui.o(.bss..L_MergedGlobals)
    isPrefixLine                             0x20000058   Data           9  gui.o(.bss..L_MergedGlobals)
    prefixLenBuf                             0x20000061   Data           9  gui.o(.bss..L_MergedGlobals)
    prefixColorBuf                           0x2000006c   Data          36  gui.o(.bss..L_MergedGlobals)
    .L_MergedGlobals.10                      0x20000090   Data           3  main.o(.bss..L_MergedGlobals.10)
    [Anonymous Symbol]                       0x20000090   Section        0  main.o(.bss..L_MergedGlobals.10)
    msgBuffer                                0x20000978   Data         297  gui.o(.bss.msgBuffer)
    [Anonymous Symbol]                       0x20000978   Section        0  gui.o(.bss.msgBuffer)
    HEAP                                     0x20000ca0   Section      512  startup_stm32f407xx.o(HEAP)
    STACK                                    0x20000ea0   Section     1024  startup_stm32f407xx.o(STACK)

    Global Symbols

    Symbol Name                              Value     Ov Type        Size  Object(Section)

    BuildAttributes$$THM_ISAv4$E$P$D$K$B$S$7EM$VFPi3$EXTD16$VFPS$VFMA$PE$A:L22UL41UL21$X:L11$S22US41US21$IEEE1$IW$~IW$USESV6$~STKCKD$USESV7$~SHL$OTIME$ROPI$EBA8$MICROLIB$REQ8$PRES8$EABIv2 0x00000000   Number         0  anon$$obj.o ABSOLUTE
    _printf_a                                0x00000000   Number         0  printfstubs.o ABSOLUTE
    _printf_c                                0x00000000   Number         0  printfstubs.o ABSOLUTE
    _printf_charcount                        0x00000000   Number         0  printfstubs.o ABSOLUTE
    _printf_d                                0x00000000   Number         0  printfstubs.o ABSOLUTE
    _printf_e                                0x00000000   Number         0  printfstubs.o ABSOLUTE
    _printf_f                                0x00000000   Number         0  printfstubs.o ABSOLUTE
    _printf_flags                            0x00000000   Number         0  printfstubs.o ABSOLUTE
    _printf_fp_dec                           0x00000000   Number         0  printfstubs.o ABSOLUTE
    _printf_fp_hex                           0x00000000   Number         0  printfstubs.o ABSOLUTE
    _printf_g                                0x00000000   Number         0  printfstubs.o ABSOLUTE
    _printf_i                                0x00000000   Number         0  printfstubs.o ABSOLUTE
    _printf_int_dec                          0x00000000   Number         0  printfstubs.o ABSOLUTE
    _printf_l                                0x00000000   Number         0  printfstubs.o ABSOLUTE
    _printf_lc                               0x00000000   Number         0  printfstubs.o ABSOLUTE
    _printf_ll                               0x00000000   Number         0  printfstubs.o ABSOLUTE
    _printf_lld                              0x00000000   Number         0  printfstubs.o ABSOLUTE
    _printf_lli                              0x00000000   Number         0  printfstubs.o ABSOLUTE
    _printf_llo                              0x00000000   Number         0  printfstubs.o ABSOLUTE
    _printf_llu                              0x00000000   Number         0  printfstubs.o ABSOLUTE
    _printf_llx                              0x00000000   Number         0  printfstubs.o ABSOLUTE
    _printf_longlong_dec                     0x00000000   Number         0  printfstubs.o ABSOLUTE
    _printf_longlong_hex                     0x00000000   Number         0  printfstubs.o ABSOLUTE
    _printf_longlong_oct                     0x00000000   Number         0  printfstubs.o ABSOLUTE
    _printf_ls                               0x00000000   Number         0  printfstubs.o ABSOLUTE
    _printf_mbtowc                           0x00000000   Number         0  printfstubs.o ABSOLUTE
    _printf_n                                0x00000000   Number         0  printfstubs.o ABSOLUTE
    _printf_o                                0x00000000   Number         0  printfstubs.o ABSOLUTE
    _printf_p                                0x00000000   Number         0  printfstubs.o ABSOLUTE
    _printf_percent                          0x00000000   Number         0  printfstubs.o ABSOLUTE
    _printf_pre_padding                      0x00000000   Number         0  printfstubs.o ABSOLUTE
    _printf_return_value                     0x00000000   Number         0  printfstubs.o ABSOLUTE
    _printf_s                                0x00000000   Number         0  printfstubs.o ABSOLUTE
    _printf_sizespec                         0x00000000   Number         0  printfstubs.o ABSOLUTE
    _printf_str                              0x00000000   Number         0  printfstubs.o ABSOLUTE
    _printf_truncate_signed                  0x00000000   Number         0  printfstubs.o ABSOLUTE
    _printf_truncate_unsigned                0x00000000   Number         0  printfstubs.o ABSOLUTE
    _printf_u                                0x00000000   Number         0  printfstubs.o ABSOLUTE
    _printf_wc                               0x00000000   Number         0  printfstubs.o ABSOLUTE
    _printf_wctomb                           0x00000000   Number         0  printfstubs.o ABSOLUTE
    _printf_widthprec                        0x00000000   Number         0  printfstubs.o ABSOLUTE
    _printf_x                                0x00000000   Number         0  printfstubs.o ABSOLUTE
    __cpp_initialize__aeabi_                  - Undefined Weak Reference
    __cxa_finalize                            - Undefined Weak Reference
    __decompress                              - Undefined Weak Reference
    _clock_init                               - Undefined Weak Reference
    _microlib_exit                            - Undefined Weak Reference
    __Vectors_Size                           0x00000188   Number         0  startup_stm32f407xx.o ABSOLUTE
    __Vectors                                0x08000000   Data           4  startup_stm32f407xx.o(RESET)
    __Vectors_End                            0x08000188   Data           0  startup_stm32f407xx.o(RESET)
    __main                                   0x08000189   Thumb Code     0  entry.o(.ARM.Collect$$$$00000000)
    _main_stk                                0x08000189   Thumb Code     0  entry2.o(.ARM.Collect$$$$00000001)
    _main_scatterload                        0x0800018d   Thumb Code     0  entry5.o(.ARM.Collect$$$$00000004)
    __main_after_scatterload                 0x08000191   Thumb Code     0  entry5.o(.ARM.Collect$$$$00000004)
    _main_clock                              0x08000191   Thumb Code     0  entry7b.o(.ARM.Collect$$$$00000008)
    _main_cpp_init                           0x08000191   Thumb Code     0  entry8b.o(.ARM.Collect$$$$0000000A)
    _main_init                               0x08000191   Thumb Code     0  entry9a.o(.ARM.Collect$$$$0000000B)
    __rt_final_cpp                           0x08000199   Thumb Code     0  entry10a.o(.ARM.Collect$$$$0000000D)
    __rt_final_exit                          0x08000199   Thumb Code     0  entry11a.o(.ARM.Collect$$$$0000000F)
    Reset_Handler                            0x0800019d   Thumb Code     8  startup_stm32f407xx.o(.text)
    ADC_IRQHandler                           0x080001b7   Thumb Code     0  startup_stm32f407xx.o(.text)
    CAN1_RX0_IRQHandler                      0x080001b7   Thumb Code     0  startup_stm32f407xx.o(.text)
    CAN1_RX1_IRQHandler                      0x080001b7   Thumb Code     0  startup_stm32f407xx.o(.text)
    CAN1_SCE_IRQHandler                      0x080001b7   Thumb Code     0  startup_stm32f407xx.o(.text)
    CAN1_TX_IRQHandler                       0x080001b7   Thumb Code     0  startup_stm32f407xx.o(.text)
    CAN2_RX0_IRQHandler                      0x080001b7   Thumb Code     0  startup_stm32f407xx.o(.text)
    CAN2_RX1_IRQHandler                      0x080001b7   Thumb Code     0  startup_stm32f407xx.o(.text)
    CAN2_SCE_IRQHandler                      0x080001b7   Thumb Code     0  startup_stm32f407xx.o(.text)
    CAN2_TX_IRQHandler                       0x080001b7   Thumb Code     0  startup_stm32f407xx.o(.text)
    DCMI_IRQHandler                          0x080001b7   Thumb Code     0  startup_stm32f407xx.o(.text)
    DMA1_Stream0_IRQHandler                  0x080001b7   Thumb Code     0  startup_stm32f407xx.o(.text)
    DMA1_Stream1_IRQHandler                  0x080001b7   Thumb Code     0  startup_stm32f407xx.o(.text)
    DMA1_Stream2_IRQHandler                  0x080001b7   Thumb Code     0  startup_stm32f407xx.o(.text)
    DMA1_Stream3_IRQHandler                  0x080001b7   Thumb Code     0  startup_stm32f407xx.o(.text)
    DMA1_Stream4_IRQHandler                  0x080001b7   Thumb Code     0  startup_stm32f407xx.o(.text)
    DMA1_Stream5_IRQHandler                  0x080001b7   Thumb Code     0  startup_stm32f407xx.o(.text)
    DMA1_Stream6_IRQHandler                  0x080001b7   Thumb Code     0  startup_stm32f407xx.o(.text)
    DMA1_Stream7_IRQHandler                  0x080001b7   Thumb Code     0  startup_stm32f407xx.o(.text)
    DMA2_Stream0_IRQHandler                  0x080001b7   Thumb Code     0  startup_stm32f407xx.o(.text)
    DMA2_Stream1_IRQHandler                  0x080001b7   Thumb Code     0  startup_stm32f407xx.o(.text)
    DMA2_Stream2_IRQHandler                  0x080001b7   Thumb Code     0  startup_stm32f407xx.o(.text)
    DMA2_Stream3_IRQHandler                  0x080001b7   Thumb Code     0  startup_stm32f407xx.o(.text)
    DMA2_Stream4_IRQHandler                  0x080001b7   Thumb Code     0  startup_stm32f407xx.o(.text)
    DMA2_Stream5_IRQHandler                  0x080001b7   Thumb Code     0  startup_stm32f407xx.o(.text)
    DMA2_Stream6_IRQHandler                  0x080001b7   Thumb Code     0  startup_stm32f407xx.o(.text)
    DMA2_Stream7_IRQHandler                  0x080001b7   Thumb Code     0  startup_stm32f407xx.o(.text)
    ETH_IRQHandler                           0x080001b7   Thumb Code     0  startup_stm32f407xx.o(.text)
    ETH_WKUP_IRQHandler                      0x080001b7   Thumb Code     0  startup_stm32f407xx.o(.text)
    EXTI0_IRQHandler                         0x080001b7   Thumb Code     0  startup_stm32f407xx.o(.text)
    EXTI15_10_IRQHandler                     0x080001b7   Thumb Code     0  startup_stm32f407xx.o(.text)
    EXTI1_IRQHandler                         0x080001b7   Thumb Code     0  startup_stm32f407xx.o(.text)
    EXTI2_IRQHandler                         0x080001b7   Thumb Code     0  startup_stm32f407xx.o(.text)
    EXTI3_IRQHandler                         0x080001b7   Thumb Code     0  startup_stm32f407xx.o(.text)
    EXTI4_IRQHandler                         0x080001b7   Thumb Code     0  startup_stm32f407xx.o(.text)
    EXTI9_5_IRQHandler                       0x080001b7   Thumb Code     0  startup_stm32f407xx.o(.text)
    FLASH_IRQHandler                         0x080001b7   Thumb Code     0  startup_stm32f407xx.o(.text)
    FMC_IRQHandler                           0x080001b7   Thumb Code     0  startup_stm32f407xx.o(.text)
    FPU_IRQHandler                           0x080001b7   Thumb Code     0  startup_stm32f407xx.o(.text)
    HASH_RNG_IRQHandler                      0x080001b7   Thumb Code     0  startup_stm32f407xx.o(.text)
    I2C1_ER_IRQHandler                       0x080001b7   Thumb Code     0  startup_stm32f407xx.o(.text)
    I2C1_EV_IRQHandler                       0x080001b7   Thumb Code     0  startup_stm32f407xx.o(.text)
    I2C2_ER_IRQHandler                       0x080001b7   Thumb Code     0  startup_stm32f407xx.o(.text)
    I2C2_EV_IRQHandler                       0x080001b7   Thumb Code     0  startup_stm32f407xx.o(.text)
    I2C3_ER_IRQHandler                       0x080001b7   Thumb Code     0  startup_stm32f407xx.o(.text)
    I2C3_EV_IRQHandler                       0x080001b7   Thumb Code     0  startup_stm32f407xx.o(.text)
    OTG_FS_IRQHandler                        0x080001b7   Thumb Code     0  startup_stm32f407xx.o(.text)
    OTG_FS_WKUP_IRQHandler                   0x080001b7   Thumb Code     0  startup_stm32f407xx.o(.text)
    OTG_HS_EP1_IN_IRQHandler                 0x080001b7   Thumb Code     0  startup_stm32f407xx.o(.text)
    OTG_HS_EP1_OUT_IRQHandler                0x080001b7   Thumb Code     0  startup_stm32f407xx.o(.text)
    OTG_HS_IRQHandler                        0x080001b7   Thumb Code     0  startup_stm32f407xx.o(.text)
    OTG_HS_WKUP_IRQHandler                   0x080001b7   Thumb Code     0  startup_stm32f407xx.o(.text)
    PVD_IRQHandler                           0x080001b7   Thumb Code     0  startup_stm32f407xx.o(.text)
    RCC_IRQHandler                           0x080001b7   Thumb Code     0  startup_stm32f407xx.o(.text)
    RTC_Alarm_IRQHandler                     0x080001b7   Thumb Code     0  startup_stm32f407xx.o(.text)
    RTC_WKUP_IRQHandler                      0x080001b7   Thumb Code     0  startup_stm32f407xx.o(.text)
    SDIO_IRQHandler                          0x080001b7   Thumb Code     0  startup_stm32f407xx.o(.text)
    SPI1_IRQHandler                          0x080001b7   Thumb Code     0  startup_stm32f407xx.o(.text)
    SPI2_IRQHandler                          0x080001b7   Thumb Code     0  startup_stm32f407xx.o(.text)
    SPI3_IRQHandler                          0x080001b7   Thumb Code     0  startup_stm32f407xx.o(.text)
    TAMP_STAMP_IRQHandler                    0x080001b7   Thumb Code     0  startup_stm32f407xx.o(.text)
    TIM1_BRK_TIM9_IRQHandler                 0x080001b7   Thumb Code     0  startup_stm32f407xx.o(.text)
    TIM1_CC_IRQHandler                       0x080001b7   Thumb Code     0  startup_stm32f407xx.o(.text)
    TIM1_TRG_COM_TIM11_IRQHandler            0x080001b7   Thumb Code     0  startup_stm32f407xx.o(.text)
    TIM1_UP_TIM10_IRQHandler                 0x080001b7   Thumb Code     0  startup_stm32f407xx.o(.text)
    TIM2_IRQHandler                          0x080001b7   Thumb Code     0  startup_stm32f407xx.o(.text)
    TIM3_IRQHandler                          0x080001b7   Thumb Code     0  startup_stm32f407xx.o(.text)
    TIM4_IRQHandler                          0x080001b7   Thumb Code     0  startup_stm32f407xx.o(.text)
    TIM5_IRQHandler                          0x080001b7   Thumb Code     0  startup_stm32f407xx.o(.text)
    TIM6_DAC_IRQHandler                      0x080001b7   Thumb Code     0  startup_stm32f407xx.o(.text)
    TIM7_IRQHandler                          0x080001b7   Thumb Code     0  startup_stm32f407xx.o(.text)
    TIM8_BRK_TIM12_IRQHandler                0x080001b7   Thumb Code     0  startup_stm32f407xx.o(.text)
    TIM8_CC_IRQHandler                       0x080001b7   Thumb Code     0  startup_stm32f407xx.o(.text)
    TIM8_TRG_COM_TIM14_IRQHandler            0x080001b7   Thumb Code     0  startup_stm32f407xx.o(.text)
    TIM8_UP_TIM13_IRQHandler                 0x080001b7   Thumb Code     0  startup_stm32f407xx.o(.text)
    UART4_IRQHandler                         0x080001b7   Thumb Code     0  startup_stm32f407xx.o(.text)
    UART5_IRQHandler                         0x080001b7   Thumb Code     0  startup_stm32f407xx.o(.text)
    USART2_IRQHandler                        0x080001b7   Thumb Code     0  startup_stm32f407xx.o(.text)
    USART3_IRQHandler                        0x080001b7   Thumb Code     0  startup_stm32f407xx.o(.text)
    USART6_IRQHandler                        0x080001b7   Thumb Code     0  startup_stm32f407xx.o(.text)
    WWDG_IRQHandler                          0x080001b7   Thumb Code     0  startup_stm32f407xx.o(.text)
    __aeabi_uldivmod                         0x080001c1   Thumb Code    98  uldiv.o(.text)
    __aeabi_memcpy                           0x08000223   Thumb Code    36  memcpya.o(.text)
    __aeabi_memcpy4                          0x08000223   Thumb Code     0  memcpya.o(.text)
    __aeabi_memcpy8                          0x08000223   Thumb Code     0  memcpya.o(.text)
    __aeabi_memset                           0x08000247   Thumb Code    14  memseta.o(.text)
    __aeabi_memset4                          0x08000247   Thumb Code     0  memseta.o(.text)
    __aeabi_memset8                          0x08000247   Thumb Code     0  memseta.o(.text)
    __aeabi_memclr                           0x08000255   Thumb Code     4  memseta.o(.text)
    __aeabi_memclr4                          0x08000255   Thumb Code     0  memseta.o(.text)
    __aeabi_memclr8                          0x08000255   Thumb Code     0  memseta.o(.text)
    _memset$wrapper                          0x08000259   Thumb Code    18  memseta.o(.text)
    strcat                                   0x0800026b   Thumb Code    24  strcat.o(.text)
    strncpy                                  0x08000283   Thumb Code    24  strncpy.o(.text)
    strlen                                   0x0800029b   Thumb Code    14  strlen.o(.text)
    strcpy                                   0x080002a9   Thumb Code    18  strcpy.o(.text)
    __aeabi_dmul                             0x080002bb   Thumb Code   228  dmul.o(.text)
    __aeabi_uidiv                            0x0800039f   Thumb Code     0  uidiv.o(.text)
    __aeabi_uidivmod                         0x0800039f   Thumb Code    44  uidiv.o(.text)
    __aeabi_llsl                             0x080003cb   Thumb Code    30  llshl.o(.text)
    _ll_shift_l                              0x080003cb   Thumb Code     0  llshl.o(.text)
    __aeabi_llsr                             0x080003e9   Thumb Code    32  llushr.o(.text)
    _ll_ushift_r                             0x080003e9   Thumb Code     0  llushr.o(.text)
    __I$use$fp                               0x08000409   Thumb Code     0  iusefp.o(.text)
    _double_round                            0x08000409   Thumb Code    30  depilogue.o(.text)
    _double_epilogue                         0x08000427   Thumb Code   156  depilogue.o(.text)
    __aeabi_dadd                             0x080004c3   Thumb Code   322  dadd.o(.text)
    __aeabi_dsub                             0x08000605   Thumb Code     6  dadd.o(.text)
    __aeabi_drsub                            0x0800060b   Thumb Code     6  dadd.o(.text)
    __aeabi_ddiv                             0x08000611   Thumb Code   222  ddiv.o(.text)
    __aeabi_d2ulz                            0x080006ef   Thumb Code    48  dfixul.o(.text)
    __aeabi_cdrcmple                         0x08000721   Thumb Code    48  cdrcmple.o(.text)
    __scatterload                            0x08000751   Thumb Code    38  init.o(.text)
    __scatterload_rt2                        0x08000751   Thumb Code     0  init.o(.text)
    __aeabi_lasr                             0x08000781   Thumb Code    36  llsshr.o(.text)
    _ll_sshift_r                             0x08000781   Thumb Code     0  llsshr.o(.text)
    AD9959_IO_Update                         0x080007a5   Thumb Code    50  ad9959.o(.text.AD9959_IO_Update)
    BusFault_Handler                         0x080007d9   Thumb Code     2  stm32f4xx_it.o(.text.BusFault_Handler)
    DebugMon_Handler                         0x080007dd   Thumb Code     2  stm32f4xx_it.o(.text.DebugMon_Handler)
    Error_Handler                            0x080007e1   Thumb Code    10  main.o(.text.Error_Handler)
    HAL_DMA_Abort                            0x080007ed   Thumb Code   142  stm32f4xx_hal_dma.o(.text.HAL_DMA_Abort)
    HAL_DMA_Abort_IT                         0x0800087d   Thumb Code    36  stm32f4xx_hal_dma.o(.text.HAL_DMA_Abort_IT)
    HAL_Delay                                0x080008a1   Thumb Code    40  stm32f4xx_hal.o(.text.HAL_Delay)
    HAL_GPIO_Init                            0x080008c9   Thumb Code   414  stm32f4xx_hal_gpio.o(.text.HAL_GPIO_Init)
    HAL_GPIO_TogglePin                       0x08000a69   Thumb Code    16  stm32f4xx_hal_gpio.o(.text.HAL_GPIO_TogglePin)
    HAL_GPIO_WritePin                        0x08000a79   Thumb Code    10  stm32f4xx_hal_gpio.o(.text.HAL_GPIO_WritePin)
    HAL_GetTick                              0x08000a85   Thumb Code    12  stm32f4xx_hal.o(.text.HAL_GetTick)
    HAL_IncTick                              0x08000a91   Thumb Code    26  stm32f4xx_hal.o(.text.HAL_IncTick)
    HAL_Init                                 0x08000aad   Thumb Code    54  stm32f4xx_hal.o(.text.HAL_Init)
    HAL_InitTick                             0x08000ae5   Thumb Code    72  stm32f4xx_hal.o(.text.HAL_InitTick)
    HAL_MspInit                              0x08000b2d   Thumb Code    56  stm32f4xx_hal_msp.o(.text.HAL_MspInit)
    HAL_NVIC_EnableIRQ                       0x08000b65   Thumb Code    34  stm32f4xx_hal_cortex.o(.text.HAL_NVIC_EnableIRQ)
    HAL_NVIC_SetPriority                     0x08000b89   Thumb Code    86  stm32f4xx_hal_cortex.o(.text.HAL_NVIC_SetPriority)
    HAL_NVIC_SetPriorityGrouping             0x08000be1   Thumb Code    32  stm32f4xx_hal_cortex.o(.text.HAL_NVIC_SetPriorityGrouping)
    HAL_RCCEx_PeriphCLKConfig                0x08000c01   Thumb Code   330  stm32f4xx_hal_rcc_ex.o(.text.HAL_RCCEx_PeriphCLKConfig)
    HAL_RCC_ClockConfig                      0x08000d4d   Thumb Code   356  stm32f4xx_hal_rcc.o(.text.HAL_RCC_ClockConfig)
    HAL_RCC_GetPCLK1Freq                     0x08000eb1   Thumb Code    38  stm32f4xx_hal_rcc.o(.text.HAL_RCC_GetPCLK1Freq)
    HAL_RCC_GetPCLK2Freq                     0x08000ed9   Thumb Code    38  stm32f4xx_hal_rcc.o(.text.HAL_RCC_GetPCLK2Freq)
    HAL_RCC_GetSysClockFreq                  0x08000f01   Thumb Code   108  stm32f4xx_hal_rcc.o(.text.HAL_RCC_GetSysClockFreq)
    HAL_RCC_OscConfig                        0x08000f6d   Thumb Code   940  stm32f4xx_hal_rcc.o(.text.HAL_RCC_OscConfig)
    HAL_RTC_Init                             0x08001319   Thumb Code   240  stm32f4xx_hal_rtc.o(.text.HAL_RTC_Init)
    HAL_RTC_MspInit                          0x08001409   Thumb Code    68  rtc.o(.text.HAL_RTC_MspInit)
    HAL_SPI_Init                             0x0800144d   Thumb Code   176  stm32f4xx_hal_spi.o(.text.HAL_SPI_Init)
    HAL_SPI_MspInit                          0x080014fd   Thumb Code   116  spi.o(.text.HAL_SPI_MspInit)
    HAL_SYSTICK_Config                       0x08001571   Thumb Code    44  stm32f4xx_hal_cortex.o(.text.HAL_SYSTICK_Config)
    HAL_UARTEx_RxEventCallback               0x0800159d   Thumb Code     2  stm32f4xx_hal_uart.o(.text.HAL_UARTEx_RxEventCallback)
    HAL_UART_ErrorCallback                   0x080015a1   Thumb Code     2  stm32f4xx_hal_uart.o(.text.HAL_UART_ErrorCallback)
    HAL_UART_IRQHandler                      0x080015a5   Thumb Code  1384  stm32f4xx_hal_uart.o(.text.HAL_UART_IRQHandler)
    HAL_UART_Init                            0x08001b0d   Thumb Code    94  stm32f4xx_hal_uart.o(.text.HAL_UART_Init)
    HAL_UART_MspInit                         0x08001b6d   Thumb Code   134  usart.o(.text.HAL_UART_MspInit)
    HAL_UART_Receive_IT                      0x08001bf5   Thumb Code    96  stm32f4xx_hal_uart.o(.text.HAL_UART_Receive_IT)
    HAL_UART_RxCpltCallback                  0x08001c55   Thumb Code    52  main.o(.text.HAL_UART_RxCpltCallback)
    HAL_UART_TxCpltCallback                  0x08001c89   Thumb Code     2  stm32f4xx_hal_uart.o(.text.HAL_UART_TxCpltCallback)
    HardFault_Handler                        0x08001c8d   Thumb Code     2  stm32f4xx_it.o(.text.HardFault_Handler)
    Init_AD9959                              0x08001c91   Thumb Code   140  ad9959.o(.text.Init_AD9959)
    LCD_Clear                                0x08001d21   Thumb Code   392  lcd_spi_200.o(.text.LCD_Clear)
    LCD_DisplayChar                          0x08001ea9   Thumb Code   816  lcd_spi_200.o(.text.LCD_DisplayChar)
    LCD_DisplayString                        0x080021d9   Thumb Code    56  lcd_spi_200.o(.text.LCD_DisplayString)
    LCD_DrawLine                             0x08002211   Thumb Code   314  lcd_spi_200.o(.text.LCD_DrawLine)
    LCD_SetAddress                           0x0800234d   Thumb Code   692  lcd_spi_200.o(.text.LCD_SetAddress)
    LCD_SetAsciiFont                         0x08002601   Thumb Code    12  lcd_spi_200.o(.text.LCD_SetAsciiFont)
    LCD_SetBackColor                         0x0800260d   Thumb Code    36  lcd_spi_200.o(.text.LCD_SetBackColor)
    LCD_SetColor                             0x08002631   Thumb Code    36  lcd_spi_200.o(.text.LCD_SetColor)
    MX_GPIO_Init                             0x08002655   Thumb Code   386  gpio.o(.text.MX_GPIO_Init)
    MX_RTC_Init                              0x080027d9   Thumb Code    54  rtc.o(.text.MX_RTC_Init)
    MX_SPI3_Init                             0x08002811   Thumb Code    70  spi.o(.text.MX_SPI3_Init)
    MX_USART1_UART_Init                      0x08002859   Thumb Code    60  usart.o(.text.MX_USART1_UART_Init)
    MemManage_Handler                        0x08002895   Thumb Code     2  stm32f4xx_it.o(.text.MemManage_Handler)
    NMI_Handler                              0x08002899   Thumb Code     2  stm32f4xx_it.o(.text.NMI_Handler)
    PendSV_Handler                           0x0800289d   Thumb Code     2  stm32f4xx_it.o(.text.PendSV_Handler)
    SPI_LCD_Init                             0x080028a1   Thumb Code  3842  lcd_spi_200.o(.text.SPI_LCD_Init)
    SPI_PrintWithPrefix                      0x080037a5   Thumb Code   678  gui.o(.text.SPI_PrintWithPrefix)
    SVC_Handler                              0x08003a4d   Thumb Code     2  stm32f4xx_it.o(.text.SVC_Handler)
    SysTick_Handler                          0x08003a51   Thumb Code     4  stm32f4xx_it.o(.text.SysTick_Handler)
    SystemClock_Config                       0x08003a55   Thumb Code   184  main.o(.text.SystemClock_Config)
    SystemInit                               0x08003b0d   Thumb Code    18  system_stm32f4xx.o(.text.SystemInit)
    USART1_IRQHandler                        0x08003d15   Thumb Code    12  stm32f4xx_it.o(.text.USART1_IRQHandler)
    UsageFault_Handler                       0x08003d21   Thumb Code     2  stm32f4xx_it.o(.text.UsageFault_Handler)
    WriteData_AD9959                         0x08003d25   Thumb Code   684  ad9959.o(.text.WriteData_AD9959)
    deleteRingBuffer                         0x08003fd1   Thumb Code    60  tjc_usart_hmi.o(.text.deleteRingBuffer)
    getRingBufferLength                      0x0800400d   Thumb Code    12  tjc_usart_hmi.o(.text.getRingBufferLength)
    initRingBuffer                           0x08004019   Thumb Code    16  tjc_usart_hmi.o(.text.initRingBuffer)
    main                                     0x08004029   Thumb Code   376  main.o(.text.main)
    read1ByteFromRingBuffer                  0x08004225   Thumb Code    38  tjc_usart_hmi.o(.text.read1ByteFromRingBuffer)
    syslog                                   0x0800424d   Thumb Code    12  gui.o(.text.syslog)
    write1ByteToRingBuffer                   0x0800425d   Thumb Code    72  tjc_usart_hmi.o(.text.write1ByteToRingBuffer)
    __0sprintf                               0x080042a5   Thumb Code    34  printfa.o(i.__0sprintf)
    __1sprintf                               0x080042a5   Thumb Code     0  printfa.o(i.__0sprintf)
    __2sprintf                               0x080042a5   Thumb Code     0  printfa.o(i.__0sprintf)
    __c89sprintf                             0x080042a5   Thumb Code     0  printfa.o(i.__0sprintf)
    sprintf                                  0x080042a5   Thumb Code     0  printfa.o(i.__0sprintf)
    __scatterload_copy                       0x080042cd   Thumb Code    14  handlers.o(i.__scatterload_copy)
    __scatterload_null                       0x080042db   Thumb Code     2  handlers.o(i.__scatterload_null)
    __scatterload_zeroinit                   0x080042dd   Thumb Code    14  handlers.o(i.__scatterload_zeroinit)
    free                                     0x08004ba9   Thumb Code    76  malloc.o(i.free)
    malloc                                   0x08004bf9   Thumb Code    92  malloc.o(i.malloc)
    AHBPrescTable                            0x08004c64   Data          16  system_stm32f4xx.o(.rodata.AHBPrescTable)
    APBPrescTable                            0x08004c74   Data           8  system_stm32f4xx.o(.rodata.APBPrescTable)
    ASCII_2010_Table                         0x08004c7c   Data        3800  lcd_fonts.o(.rodata.ASCII_2010_Table)
    ASCII_2412_Table                         0x08005b54   Data        4560  lcd_fonts.o(.rodata.ASCII_2412_Table)
    Region$$Table$$Base                      0x08006d90   Number         0  anon$$obj.o(Region$$Table)
    Region$$Table$$Limit                     0x08006db0   Number         0  anon$$obj.o(Region$$Table)
    __microlib_freelist                      0x20000000   Data           4  mvars.o(.data)
    __microlib_freelist_initialised          0x20000004   Data           4  mvars.o(.data)
    freq                                     0x20000008   Data           1  main.o(.data..L_MergedGlobals)
    amp                                      0x20000009   Data           1  main.o(.data..L_MergedGlobals)
    tdelay                                   0x2000000a   Data           1  main.o(.data..L_MergedGlobals)
    uwTickFreq                               0x2000000c   Data           1  stm32f4xx_hal.o(.data..L_MergedGlobals)
    uwTickPrio                               0x20000010   Data           4  stm32f4xx_hal.o(.data..L_MergedGlobals)
    ASCII_Font20                             0x20000014   Data          12  lcd_fonts.o(.data.ASCII_Font20)
    ASCII_Font24                             0x20000020   Data          12  lcd_fonts.o(.data.ASCII_Font24)
    FR2_DATA                                 0x2000002c   Data           2  ad9959.o(.data.FR2_DATA)
    SystemCoreClock                          0x20000030   Data           4  system_stm32f4xx.o(.data.SystemCoreClock)
    LCD                                      0x20000040   Data          16  lcd_spi_200.o(.bss..L_MergedGlobals)
    md                                       0x20000090   Data           1  main.o(.bss..L_MergedGlobals.10)
    atten                                    0x20000091   Data           1  main.o(.bss..L_MergedGlobals.10)
    sphase                                   0x20000092   Data           1  main.o(.bss..L_MergedGlobals.10)
    LCD_Buff                                 0x20000094   Data        2048  lcd_spi_200.o(.bss.LCD_Buff)
    RxBuffer                                 0x20000894   Data           1  tjc_usart_hmi.o(.bss.RxBuffer)
    hAD9959                                  0x20000898   Data          36  ad9959.o(.bss.hAD9959)
    hrtc                                     0x200008bc   Data          32  rtc.o(.bss.hrtc)
    hspi3                                    0x200008dc   Data          88  spi.o(.bss.hspi3)
    huart1                                   0x20000934   Data          68  usart.o(.bss.huart1)
    ringBuffer                               0x20000aa2   Data         506  tjc_usart_hmi.o(.bss.ringBuffer)
    uwTick                                   0x20000c9c   Data           4  stm32f4xx_hal.o(.bss.uwTick)
    __heap_base                              0x20000ca0   Data           0  startup_stm32f407xx.o(HEAP)
    __heap_limit                             0x20000ea0   Data           0  startup_stm32f407xx.o(HEAP)
    __initial_sp                             0x200012a0   Data           0  startup_stm32f407xx.o(STACK)



==============================================================================

Memory Map of the image

  Image Entry point : 0x08000189

  Load Region LR_IROM1 (Base: 0x08000000, Size: 0x00006de8, Max: 0x00080000, ABSOLUTE)

    Execution Region ER_IROM1 (Exec base: 0x08000000, Load base: 0x08000000, Size: 0x00006db0, Max: 0x00080000, ABSOLUTE)

    Exec Addr    Load Addr    Size         Type   Attr      Idx    E Section Name        Object

    0x08000000   0x08000000   0x00000188   Data   RO            3    RESET               startup_stm32f407xx.o
    0x08000188   0x08000188   0x00000000   Code   RO         1077  * .ARM.Collect$$$$00000000  mc_w.l(entry.o)
    0x08000188   0x08000188   0x00000004   Code   RO         1391    .ARM.Collect$$$$00000001  mc_w.l(entry2.o)
    0x0800018c   0x0800018c   0x00000004   Code   RO         1394    .ARM.Collect$$$$00000004  mc_w.l(entry5.o)
    0x08000190   0x08000190   0x00000000   Code   RO         1396    .ARM.Collect$$$$00000008  mc_w.l(entry7b.o)
    0x08000190   0x08000190   0x00000000   Code   RO         1398    .ARM.Collect$$$$0000000A  mc_w.l(entry8b.o)
    0x08000190   0x08000190   0x00000008   Code   RO         1399    .ARM.Collect$$$$0000000B  mc_w.l(entry9a.o)
    0x08000198   0x08000198   0x00000000   Code   RO         1401    .ARM.Collect$$$$0000000D  mc_w.l(entry10a.o)
    0x08000198   0x08000198   0x00000000   Code   RO         1403    .ARM.Collect$$$$0000000F  mc_w.l(entry11a.o)
    0x08000198   0x08000198   0x00000004   Code   RO         1392    .ARM.Collect$$$$00002712  mc_w.l(entry2.o)
    0x0800019c   0x0800019c   0x00000024   Code   RO            4    .text               startup_stm32f407xx.o
    0x080001c0   0x080001c0   0x00000062   Code   RO         1080    .text               mc_w.l(uldiv.o)
    0x08000222   0x08000222   0x00000024   Code   RO         1082    .text               mc_w.l(memcpya.o)
    0x08000246   0x08000246   0x00000024   Code   RO         1084    .text               mc_w.l(memseta.o)
    0x0800026a   0x0800026a   0x00000018   Code   RO         1086    .text               mc_w.l(strcat.o)
    0x08000282   0x08000282   0x00000018   Code   RO         1088    .text               mc_w.l(strncpy.o)
    0x0800029a   0x0800029a   0x0000000e   Code   RO         1090    .text               mc_w.l(strlen.o)
    0x080002a8   0x080002a8   0x00000012   Code   RO         1092    .text               mc_w.l(strcpy.o)
    0x080002ba   0x080002ba   0x000000e4   Code   RO         1385    .text               mf_w.l(dmul.o)
    0x0800039e   0x0800039e   0x0000002c   Code   RO         1419    .text               mc_w.l(uidiv.o)
    0x080003ca   0x080003ca   0x0000001e   Code   RO         1421    .text               mc_w.l(llshl.o)
    0x080003e8   0x080003e8   0x00000020   Code   RO         1423    .text               mc_w.l(llushr.o)
    0x08000408   0x08000408   0x00000000   Code   RO         1427    .text               mc_w.l(iusefp.o)
    0x08000408   0x08000408   0x000000ba   Code   RO         1428    .text               mf_w.l(depilogue.o)
    0x080004c2   0x080004c2   0x0000014e   Code   RO         1430    .text               mf_w.l(dadd.o)
    0x08000610   0x08000610   0x000000de   Code   RO         1432    .text               mf_w.l(ddiv.o)
    0x080006ee   0x080006ee   0x00000030   Code   RO         1434    .text               mf_w.l(dfixul.o)
    0x0800071e   0x0800071e   0x00000002   PAD
    0x08000720   0x08000720   0x00000030   Code   RO         1436    .text               mf_w.l(cdrcmple.o)
    0x08000750   0x08000750   0x00000030   Code   RO         1438    .text               mc_w.l(init.o)
    0x08000780   0x08000780   0x00000024   Code   RO         1441    .text               mc_w.l(llsshr.o)
    0x080007a4   0x080007a4   0x00000032   Code   RO         1053    .text.AD9959_IO_Update  ad9959.o
    0x080007d6   0x080007d6   0x00000002   PAD
    0x080007d8   0x080007d8   0x00000002   Code   RO           91    .text.BusFault_Handler  stm32f4xx_it.o
    0x080007da   0x080007da   0x00000002   PAD
    0x080007dc   0x080007dc   0x00000002   Code   RO           97    .text.DebugMon_Handler  stm32f4xx_it.o
    0x080007de   0x080007de   0x00000002   PAD
    0x080007e0   0x080007e0   0x0000000a   Code   RO           15    .text.Error_Handler  main.o
    0x080007ea   0x080007ea   0x00000002   PAD
    0x080007ec   0x080007ec   0x0000008e   Code   RO          414    .text.HAL_DMA_Abort  stm32f4xx_hal_dma.o
    0x0800087a   0x0800087a   0x00000002   PAD
    0x0800087c   0x0800087c   0x00000024   Code   RO          416    .text.HAL_DMA_Abort_IT  stm32f4xx_hal_dma.o
    0x080008a0   0x080008a0   0x00000028   Code   RO          567    .text.HAL_Delay     stm32f4xx_hal.o
    0x080008c8   0x080008c8   0x0000019e   Code   RO          368    .text.HAL_GPIO_Init  stm32f4xx_hal_gpio.o
    0x08000a66   0x08000a66   0x00000002   PAD
    0x08000a68   0x08000a68   0x00000010   Code   RO          376    .text.HAL_GPIO_TogglePin  stm32f4xx_hal_gpio.o
    0x08000a78   0x08000a78   0x0000000a   Code   RO          374    .text.HAL_GPIO_WritePin  stm32f4xx_hal_gpio.o
    0x08000a82   0x08000a82   0x00000002   PAD
    0x08000a84   0x08000a84   0x0000000c   Code   RO          559    .text.HAL_GetTick   stm32f4xx_hal.o
    0x08000a90   0x08000a90   0x0000001a   Code   RO          557    .text.HAL_IncTick   stm32f4xx_hal.o
    0x08000aaa   0x08000aaa   0x00000002   PAD
    0x08000aac   0x08000aac   0x00000036   Code   RO          547    .text.HAL_Init      stm32f4xx_hal.o
    0x08000ae2   0x08000ae2   0x00000002   PAD
    0x08000ae4   0x08000ae4   0x00000048   Code   RO          549    .text.HAL_InitTick  stm32f4xx_hal.o
    0x08000b2c   0x08000b2c   0x00000038   Code   RO          112    .text.HAL_MspInit   stm32f4xx_hal_msp.o
    0x08000b64   0x08000b64   0x00000022   Code   RO          505    .text.HAL_NVIC_EnableIRQ  stm32f4xx_hal_cortex.o
    0x08000b86   0x08000b86   0x00000002   PAD
    0x08000b88   0x08000b88   0x00000056   Code   RO          503    .text.HAL_NVIC_SetPriority  stm32f4xx_hal_cortex.o
    0x08000bde   0x08000bde   0x00000002   PAD
    0x08000be0   0x08000be0   0x00000020   Code   RO          501    .text.HAL_NVIC_SetPriorityGrouping  stm32f4xx_hal_cortex.o
    0x08000c00   0x08000c00   0x0000014a   Code   RO          294    .text.HAL_RCCEx_PeriphCLKConfig  stm32f4xx_hal_rcc_ex.o
    0x08000d4a   0x08000d4a   0x00000002   PAD
    0x08000d4c   0x08000d4c   0x00000164   Code   RO          262    .text.HAL_RCC_ClockConfig  stm32f4xx_hal_rcc.o
    0x08000eb0   0x08000eb0   0x00000026   Code   RO          274    .text.HAL_RCC_GetPCLK1Freq  stm32f4xx_hal_rcc.o
    0x08000ed6   0x08000ed6   0x00000002   PAD
    0x08000ed8   0x08000ed8   0x00000026   Code   RO          276    .text.HAL_RCC_GetPCLK2Freq  stm32f4xx_hal_rcc.o
    0x08000efe   0x08000efe   0x00000002   PAD
    0x08000f00   0x08000f00   0x0000006c   Code   RO          264    .text.HAL_RCC_GetSysClockFreq  stm32f4xx_hal_rcc.o
    0x08000f6c   0x08000f6c   0x000003ac   Code   RO          260    .text.HAL_RCC_OscConfig  stm32f4xx_hal_rcc.o
    0x08001318   0x08001318   0x000000f0   Code   RO          120    .text.HAL_RTC_Init  stm32f4xx_hal_rtc.o
    0x08001408   0x08001408   0x00000044   Code   RO           42    .text.HAL_RTC_MspInit  rtc.o
    0x0800144c   0x0800144c   0x000000b0   Code   RO          637    .text.HAL_SPI_Init  stm32f4xx_hal_spi.o
    0x080014fc   0x080014fc   0x00000074   Code   RO           57    .text.HAL_SPI_MspInit  spi.o
    0x08001570   0x08001570   0x0000002c   Code   RO          513    .text.HAL_SYSTICK_Config  stm32f4xx_hal_cortex.o
    0x0800159c   0x0800159c   0x00000002   Code   RO          837    .text.HAL_UARTEx_RxEventCallback  stm32f4xx_hal_uart.o
    0x0800159e   0x0800159e   0x00000002   PAD
    0x080015a0   0x080015a0   0x00000002   Code   RO          835    .text.HAL_UART_ErrorCallback  stm32f4xx_hal_uart.o
    0x080015a2   0x080015a2   0x00000002   PAD
    0x080015a4   0x080015a4   0x00000568   Code   RO          829    .text.HAL_UART_IRQHandler  stm32f4xx_hal_uart.o
    0x08001b0c   0x08001b0c   0x0000005e   Code   RO          753    .text.HAL_UART_Init  stm32f4xx_hal_uart.o
    0x08001b6a   0x08001b6a   0x00000002   PAD
    0x08001b6c   0x08001b6c   0x00000086   Code   RO           72    .text.HAL_UART_MspInit  usart.o
    0x08001bf2   0x08001bf2   0x00000002   PAD
    0x08001bf4   0x08001bf4   0x00000060   Code   RO          775    .text.HAL_UART_Receive_IT  stm32f4xx_hal_uart.o
    0x08001c54   0x08001c54   0x00000034   Code   RO           17    .text.HAL_UART_RxCpltCallback  main.o
    0x08001c88   0x08001c88   0x00000002   Code   RO          839    .text.HAL_UART_TxCpltCallback  stm32f4xx_hal_uart.o
    0x08001c8a   0x08001c8a   0x00000002   PAD
    0x08001c8c   0x08001c8c   0x00000002   Code   RO           87    .text.HardFault_Handler  stm32f4xx_it.o
    0x08001c8e   0x08001c8e   0x00000002   PAD
    0x08001c90   0x08001c90   0x00000090   Code   RO         1037    .text.Init_AD9959   ad9959.o
    0x08001d20   0x08001d20   0x00000188   Code   RO          930    .text.LCD_Clear     lcd_spi_200.o
    0x08001ea8   0x08001ea8   0x00000330   Code   RO          942    .text.LCD_DisplayChar  lcd_spi_200.o
    0x080021d8   0x080021d8   0x00000038   Code   RO          944    .text.LCD_DisplayString  lcd_spi_200.o
    0x08002210   0x08002210   0x0000013a   Code   RO          956    .text.LCD_DrawLine  lcd_spi_200.o
    0x0800234a   0x0800234a   0x00000002   PAD
    0x0800234c   0x0800234c   0x000002b4   Code   RO          936    .text.LCD_SetAddress  lcd_spi_200.o
    0x08002600   0x08002600   0x0000000c   Code   RO          932    .text.LCD_SetAsciiFont  lcd_spi_200.o
    0x0800260c   0x0800260c   0x00000024   Code   RO          926    .text.LCD_SetBackColor  lcd_spi_200.o
    0x08002630   0x08002630   0x00000024   Code   RO          928    .text.LCD_SetColor  lcd_spi_200.o
    0x08002654   0x08002654   0x00000182   Code   RO           31    .text.MX_GPIO_Init  gpio.o
    0x080027d6   0x080027d6   0x00000002   PAD
    0x080027d8   0x080027d8   0x00000036   Code   RO           40    .text.MX_RTC_Init   rtc.o
    0x0800280e   0x0800280e   0x00000002   PAD
    0x08002810   0x08002810   0x00000046   Code   RO           55    .text.MX_SPI3_Init  spi.o
    0x08002856   0x08002856   0x00000002   PAD
    0x08002858   0x08002858   0x0000003c   Code   RO           70    .text.MX_USART1_UART_Init  usart.o
    0x08002894   0x08002894   0x00000002   Code   RO           89    .text.MemManage_Handler  stm32f4xx_it.o
    0x08002896   0x08002896   0x00000002   PAD
    0x08002898   0x08002898   0x00000002   Code   RO           85    .text.NMI_Handler   stm32f4xx_it.o
    0x0800289a   0x0800289a   0x00000002   PAD
    0x0800289c   0x0800289c   0x00000002   Code   RO           99    .text.PendSV_Handler  stm32f4xx_it.o
    0x0800289e   0x0800289e   0x00000002   PAD
    0x080028a0   0x080028a0   0x00000f02   Code   RO          922    .text.SPI_LCD_Init  lcd_spi_200.o
    0x080037a2   0x080037a2   0x00000002   PAD
    0x080037a4   0x080037a4   0x000002a6   Code   RO          987    .text.SPI_PrintWithPrefix  gui.o
    0x08003a4a   0x08003a4a   0x00000002   PAD
    0x08003a4c   0x08003a4c   0x00000002   Code   RO           95    .text.SVC_Handler   stm32f4xx_it.o
    0x08003a4e   0x08003a4e   0x00000002   PAD
    0x08003a50   0x08003a50   0x00000004   Code   RO          101    .text.SysTick_Handler  stm32f4xx_it.o
    0x08003a54   0x08003a54   0x000000b8   Code   RO           13    .text.SystemClock_Config  main.o
    0x08003b0c   0x08003b0c   0x00000012   Code   RO          873    .text.SystemInit    system_stm32f4xx.o
    0x08003b1e   0x08003b1e   0x00000002   PAD
    0x08003b20   0x08003b20   0x0000000c   Code   RO          833    .text.UART_DMAAbortOnError  stm32f4xx_hal_uart.o
    0x08003b2c   0x08003b2c   0x000000fe   Code   RO          831    .text.UART_Receive_IT  stm32f4xx_hal_uart.o
    0x08003c2a   0x08003c2a   0x00000002   PAD
    0x08003c2c   0x08003c2c   0x000000e6   Code   RO          757    .text.UART_SetConfig  stm32f4xx_hal_uart.o
    0x08003d12   0x08003d12   0x00000002   PAD
    0x08003d14   0x08003d14   0x0000000c   Code   RO          103    .text.USART1_IRQHandler  stm32f4xx_it.o
    0x08003d20   0x08003d20   0x00000002   Code   RO           93    .text.UsageFault_Handler  stm32f4xx_it.o
    0x08003d22   0x08003d22   0x00000002   PAD
    0x08003d24   0x08003d24   0x000002ac   Code   RO         1041    .text.WriteData_AD9959  ad9959.o
    0x08003fd0   0x08003fd0   0x0000003c   Code   RO         1019    .text.deleteRingBuffer  tjc_usart_hmi.o
    0x0800400c   0x0800400c   0x0000000c   Code   RO         1023    .text.getRingBufferLength  tjc_usart_hmi.o
    0x08004018   0x08004018   0x00000010   Code   RO         1015    .text.initRingBuffer  tjc_usart_hmi.o
    0x08004028   0x08004028   0x000001fc   Code   RO           11    .text.main          main.o
    0x08004224   0x08004224   0x00000026   Code   RO         1021    .text.read1ByteFromRingBuffer  tjc_usart_hmi.o
    0x0800424a   0x0800424a   0x00000002   PAD
    0x0800424c   0x0800424c   0x00000010   Code   RO          989    .text.syslog        gui.o
    0x0800425c   0x0800425c   0x00000048   Code   RO         1017    .text.write1ByteToRingBuffer  tjc_usart_hmi.o
    0x080042a4   0x080042a4   0x00000028   Code   RO         1331    i.__0sprintf        mc_w.l(printfa.o)
    0x080042cc   0x080042cc   0x0000000e   Code   RO         1446    i.__scatterload_copy  mc_w.l(handlers.o)
    0x080042da   0x080042da   0x00000002   Code   RO         1447    i.__scatterload_null  mc_w.l(handlers.o)
    0x080042dc   0x080042dc   0x0000000e   Code   RO         1448    i.__scatterload_zeroinit  mc_w.l(handlers.o)
    0x080042ea   0x080042ea   0x00000002   PAD
    0x080042ec   0x080042ec   0x00000184   Code   RO         1336    i._fp_digits        mc_w.l(printfa.o)
    0x08004470   0x08004470   0x000006dc   Code   RO         1337    i._printf_core      mc_w.l(printfa.o)
    0x08004b4c   0x08004b4c   0x00000024   Code   RO         1338    i._printf_post_padding  mc_w.l(printfa.o)
    0x08004b70   0x08004b70   0x0000002e   Code   RO         1339    i._printf_pre_padding  mc_w.l(printfa.o)
    0x08004b9e   0x08004b9e   0x0000000a   Code   RO         1341    i._sputc            mc_w.l(printfa.o)
    0x08004ba8   0x08004ba8   0x00000050   Code   RO         1357    i.free              mc_w.l(malloc.o)
    0x08004bf8   0x08004bf8   0x0000006c   Code   RO         1358    i.malloc            mc_w.l(malloc.o)
    0x08004c64   0x08004c64   0x00000010   Data   RO          878    .rodata.AHBPrescTable  system_stm32f4xx.o
    0x08004c74   0x08004c74   0x00000008   Data   RO          879    .rodata.APBPrescTable  system_stm32f4xx.o
    0x08004c7c   0x08004c7c   0x00000ed8   Data   RO          890    .rodata.ASCII_2010_Table  lcd_fonts.o
    0x08005b54   0x08005b54   0x000011d0   Data   RO          889    .rodata.ASCII_2412_Table  lcd_fonts.o
    0x08006d24   0x08006d24   0x0000006a   Data   RO           19    .rodata.str1.1      main.o
    0x08006d8e   0x08006d8e   0x00000002   PAD
    0x08006d90   0x08006d90   0x00000020   Data   RO         1445    Region$$Table       anon$$obj.o


    Execution Region RW_IRAM1 (Exec base: 0x20000000, Load base: 0x08006db0, Size: 0x000012a0, Max: 0x0001c000, ABSOLUTE)

    Exec Addr    Load Addr    Size         Type   Attr      Idx    E Section Name        Object

    0x20000000   0x08006db0   0x00000004   Data   RW         1425    .data               mc_w.l(mvars.o)
    0x20000004   0x08006db4   0x00000004   Data   RW         1426    .data               mc_w.l(mvars.o)
    0x20000008   0x08006db8   0x00000003   Data   RW           21    .data..L_MergedGlobals  main.o
    0x2000000b   0x08006dbb   0x00000001   PAD
    0x2000000c   0x08006dbc   0x00000008   Data   RW          602    .data..L_MergedGlobals  stm32f4xx_hal.o
    0x20000014   0x08006dc4   0x0000000c   Data   RW          895    .data.ASCII_Font20  lcd_fonts.o
    0x20000020   0x08006dd0   0x0000000c   Data   RW          894    .data.ASCII_Font24  lcd_fonts.o
    0x2000002c   0x08006ddc   0x00000002   Data   RW         1061    .data.FR2_DATA      ad9959.o
    0x2000002e   0x08006dde   0x00000002   PAD
    0x20000030   0x08006de0   0x00000004   Data   RW          877    .data.SystemCoreClock  system_stm32f4xx.o
    0x20000034   0x08006de4   0x00000004   PAD
    0x20000038        -       0x00000018   Zero   RW          978    .bss..L_MergedGlobals  lcd_spi_200.o
    0x20000050        -       0x00000040   Zero   RW          992    .bss..L_MergedGlobals  gui.o
    0x20000090        -       0x00000003   Zero   RW           22    .bss..L_MergedGlobals.10  main.o
    0x20000093   0x08006de4   0x00000001   PAD
    0x20000094        -       0x00000800   Zero   RW          976    .bss.LCD_Buff       lcd_spi_200.o
    0x20000894        -       0x00000001   Zero   RW         1028    .bss.RxBuffer       tjc_usart_hmi.o
    0x20000895   0x08006de4   0x00000003   PAD
    0x20000898        -       0x00000024   Zero   RW         1067    .bss.hAD9959        ad9959.o
    0x200008bc        -       0x00000020   Zero   RW           46    .bss.hrtc           rtc.o
    0x200008dc        -       0x00000058   Zero   RW           61    .bss.hspi3          spi.o
    0x20000934        -       0x00000044   Zero   RW           76    .bss.huart1         usart.o
    0x20000978        -       0x00000129   Zero   RW          991    .bss.msgBuffer      gui.o
    0x20000aa1   0x08006de4   0x00000001   PAD
    0x20000aa2        -       0x000001fa   Zero   RW         1027    .bss.ringBuffer     tjc_usart_hmi.o
    0x20000c9c        -       0x00000004   Zero   RW          601    .bss.uwTick         stm32f4xx_hal.o
    0x20000ca0        -       0x00000200   Zero   RW            2    HEAP                startup_stm32f407xx.o
    0x20000ea0        -       0x00000400   Zero   RW            1    STACK               startup_stm32f407xx.o


    Execution Region RW_IRAM2 (Exec base: 0x2001c000, Load base: 0x08006de8, Size: 0x00000000, Max: 0x00004000, ABSOLUTE)

    **** No section assigned to this execution region ****


==============================================================================

Image component sizes


      Code (inc. data)   RO Data    RW Data    ZI Data      Debug   Object Name

       878          4          0          2         36       8618   ad9959.o
       386          0          0          0          0       2334   gpio.o
       694          4          0          0        361       3642   gui.o
         0          0       8360         24          0       1115   lcd_fonts.o
      6196          0          0          0       2072      41022   lcd_spi_200.o
       754        138        106          3          3       6380   main.o
       122          0          0          0         32       3189   rtc.o
       186          0          0          0         88       5044   spi.o
        36          8        392          0       1536        844   startup_stm32f407xx.o
       204          0          0          8          4       7315   stm32f4xx_hal.o
       196          0          0          0          0      10443   stm32f4xx_hal_cortex.o
       178          0          0          0          0      10545   stm32f4xx_hal_dma.o
       440          0          0          0          0       5363   stm32f4xx_hal_gpio.o
        56          0          0          0          0       1473   stm32f4xx_hal_msp.o
      1480          0          0          0          0       7460   stm32f4xx_hal_rcc.o
       330          0          0          0          0       4435   stm32f4xx_hal_rcc_ex.o
       240          0          0          0          0      16369   stm32f4xx_hal_rtc.o
       176          0          0          0          0      27457   stm32f4xx_hal_spi.o
      2076          0          0          0          0      32085   stm32f4xx_hal_uart.o
        32          0          0          0          0       3977   stm32f4xx_it.o
        18          0         24          4          0       2660   system_stm32f4xx.o
       198          0          0          0        507       9809   tjc_usart_hmi.o
       194          0          0          0         68       6904   usart.o

    ----------------------------------------------------------------------
     15140        154       8916         44       4716     218483   Object Totals
         0          0         32          0          0          0   (incl. Generated)
        70          0          2          3          9          0   (incl. Padding)

    ----------------------------------------------------------------------

      Code (inc. data)   RO Data    RW Data    ZI Data      Debug   Library Member Name

         0          0          0          0          0          0   entry.o
         0          0          0          0          0          0   entry10a.o
         0          0          0          0          0          0   entry11a.o
         8          4          0          0          0          0   entry2.o
         4          0          0          0          0          0   entry5.o
         0          0          0          0          0          0   entry7b.o
         0          0          0          0          0          0   entry8b.o
         8          4          0          0          0          0   entry9a.o
        30          0          0          0          0          0   handlers.o
        48         10          0          0          0         68   init.o
         0          0          0          0          0          0   iusefp.o
        30          0          0          0          0         68   llshl.o
        36          0          0          0          0         68   llsshr.o
        32          0          0          0          0         68   llushr.o
       188         20          0          0          0        160   malloc.o
        36          0          0          0          0         68   memcpya.o
        36          0          0          0          0        108   memseta.o
         0          0          0          8          0          0   mvars.o
      2276         86          0          0          0        520   printfa.o
        24          0          0          0          0         68   strcat.o
        18          0          0          0          0         68   strcpy.o
        14          0          0          0          0         68   strlen.o
        24          0          0          0          0         76   strncpy.o
        44          0          0          0          0         80   uidiv.o
        98          0          0          0          0         92   uldiv.o
        48          0          0          0          0         68   cdrcmple.o
       334          0          0          0          0        148   dadd.o
       222          0          0          0          0        100   ddiv.o
       186          0          0          0          0        176   depilogue.o
        48          0          0          0          0         68   dfixul.o
       228          0          0          0          0         96   dmul.o

    ----------------------------------------------------------------------
      4024        124          0          8          0       2236   Library Totals
         4          0          0          0          0          0   (incl. Padding)

    ----------------------------------------------------------------------

      Code (inc. data)   RO Data    RW Data    ZI Data      Debug   Library Name

      2954        124          0          8          0       1580   mc_w.l
      1066          0          0          0          0        656   mf_w.l

    ----------------------------------------------------------------------
      4024        124          0          8          0       2236   Library Totals

    ----------------------------------------------------------------------

==============================================================================


      Code (inc. data)   RO Data    RW Data    ZI Data      Debug   

     19164        278       8916         52       4716     219327   Grand Totals
     19164        278       8916         52       4716     219327   ELF Image Totals
     19164        278       8916         52          0          0   ROM Totals

==============================================================================

    Total RO  Size (Code + RO Data)                28080 (  27.42kB)
    Total RW  Size (RW Data + ZI Data)              4768 (   4.66kB)
    Total ROM Size (Code + RO Data + RW Data)      28132 (  27.47kB)

==============================================================================

