<html>
<body>
<pre>
<h1>µVision Build Log</h1>
<h2>Tool Versions:</h2>
IDE-Version: ¦ÌVision V5.40.0.0
Copyright (C) 2024 ARM Ltd and ARM Germany GmbH. All rights reserved.
License Information: a a, a, LIC=32B1Q-N1EPK-VE5HA-1CQ8L-0QQ64-AB0S4
 
Tool Versions:
Toolchain:       MDK-ARM Plus  Version: 5.40.0.3
Toolchain Path:  D:\Software\keil\core\ARM\ARMCLANG\Bin
C Compiler:      ArmClang.exe V6.22
Assembler:       Armasm.exe V6.22
Linker/Locator:  ArmLink.exe V6.22
Library Manager: ArmAr.exe V6.22
Hex Converter:   FromElf.exe V6.22
CPU DLL:         SARMCM3.DLL V5.40.0.3
Dialog DLL:      DCM.DLL V1.17.5.0
Target DLL:      CMSIS_AGDI.dll V1.33.18.0
Dialog DLL:      TCM.DLL V1.56.4.0
 
<h2>Project:</h2>
D:\Software\keil\project\GitTest\EDC2024C\stmmain\MDK-ARM\407VE.uvprojx
Project File Date:  05/19/2025

<h2>Output:</h2>
*** Using Compiler 'V6.22', folder: 'D:\Software\keil\core\ARM\ARMCLANG\Bin'
Build target '407VE'
compiling gpio.c...
compiling rtc.c...
compiling main.c...
compiling stm32f4xx_it.c...
compiling spi.c...
compiling usart.c...
compiling stm32f4xx_hal_msp.c...
compiling gui.c...
compiling AD9959.C...
compiling tjc_usart_hmi.c...
compiling lcd_spi_200.c...
linking...
Program Size: Code=19712 RO-data=8916 RW-data=88 ZI-data=4680  
FromELF: creating hex file...
"407VE\407VE.axf" - 0 Error(s), 0 Warning(s).

<h2>Software Packages used:</h2>

Package Vendor: ARM
                https://www.keil.com/pack/ARM.CMSIS.6.1.0.pack
                ARM::CMSIS@6.1.0
                CMSIS (Common Microcontroller Software Interface Standard)
   * Component: CORE Version: 6.1.0

Package Vendor: Keil
                https://www.keil.com/pack/Keil.STM32F4xx_DFP.3.0.0.pack
                Keil::STM32F4xx_DFP@3.0.0
                STMicroelectronics STM32F4 Series Device Support

<h2>Collection of Component include folders:</h2>
  ./RTE/_407VE
  D:/Software/keil/pack/ARM/CMSIS/6.1.0/CMSIS/Core/Include

<h2>Collection of Component Files used:</h2>

   * Component: ARM::CMSIS:CORE@6.1.0
      Include file:  CMSIS/Core/Include/tz_context.h
Build Time Elapsed:  00:00:01
</pre>
</body>
</html>
