Component: ARM Compiler 5.06 update 7 (build 960) Tool: armlink [4d3601]

==============================================================================

Section Cross References

    startup_stm32h743xx.o(RESET) refers to startup_stm32h743xx.o(STACK) for __initial_sp
    startup_stm32h743xx.o(RESET) refers to startup_stm32h743xx.o(.text) for Reset_Handler
    startup_stm32h743xx.o(RESET) refers to stm32h7xx_it.o(i.NMI_Handler) for NMI_Handler
    startup_stm32h743xx.o(RESET) refers to stm32h7xx_it.o(i.HardFault_Handler) for HardFault_Handler
    startup_stm32h743xx.o(RESET) refers to stm32h7xx_it.o(i.MemManage_Handler) for MemManage_Handler
    startup_stm32h743xx.o(RESET) refers to stm32h7xx_it.o(i.BusFault_Handler) for BusFault_Handler
    startup_stm32h743xx.o(RESET) refers to stm32h7xx_it.o(i.UsageFault_Handler) for UsageFault_Handler
    startup_stm32h743xx.o(RESET) refers to stm32h7xx_it.o(i.SVC_Handler) for SVC_Handler
    startup_stm32h743xx.o(RESET) refers to stm32h7xx_it.o(i.DebugMon_Handler) for DebugMon_Handler
    startup_stm32h743xx.o(RESET) refers to stm32h7xx_it.o(i.PendSV_Handler) for PendSV_Handler
    startup_stm32h743xx.o(RESET) refers to stm32h7xx_it.o(i.SysTick_Handler) for SysTick_Handler
    startup_stm32h743xx.o(.text) refers to system_stm32h7xx.o(i.SystemInit) for SystemInit
    startup_stm32h743xx.o(.text) refers to entry.o(.ARM.Collect$$$$00000000) for __main
    main.o(i.MPU_Config) refers to stm32h7xx_hal_cortex.o(i.HAL_MPU_Disable) for HAL_MPU_Disable
    main.o(i.MPU_Config) refers to stm32h7xx_hal_cortex.o(i.HAL_MPU_ConfigRegion) for HAL_MPU_ConfigRegion
    main.o(i.MPU_Config) refers to stm32h7xx_hal_cortex.o(i.HAL_MPU_Enable) for HAL_MPU_Enable
    main.o(i.MPU_Config_Nobug) refers to stm32h7xx_hal_cortex.o(i.HAL_MPU_Disable) for HAL_MPU_Disable
    main.o(i.MPU_Config_Nobug) refers to stm32h7xx_hal_cortex.o(i.HAL_MPU_ConfigRegion) for HAL_MPU_ConfigRegion
    main.o(i.MPU_Config_Nobug) refers to stm32h7xx_hal_cortex.o(i.HAL_MPU_Enable) for HAL_MPU_Enable
    main.o(i.SystemClock_Config) refers to memseta.o(.text) for __aeabi_memclr4
    main.o(i.SystemClock_Config) refers to stm32h7xx_hal_pwr_ex.o(i.HAL_PWREx_ConfigSupply) for HAL_PWREx_ConfigSupply
    main.o(i.SystemClock_Config) refers to stm32h7xx_hal_rcc.o(i.HAL_RCC_OscConfig) for HAL_RCC_OscConfig
    main.o(i.SystemClock_Config) refers to main.o(i.Error_Handler) for Error_Handler
    main.o(i.SystemClock_Config) refers to stm32h7xx_hal_rcc.o(i.HAL_RCC_ClockConfig) for HAL_RCC_ClockConfig
    main.o(i.SystemClock_Config_Nobug) refers to memseta.o(.text) for __aeabi_memclr4
    main.o(i.SystemClock_Config_Nobug) refers to stm32h7xx_hal_pwr_ex.o(i.HAL_PWREx_ConfigSupply) for HAL_PWREx_ConfigSupply
    main.o(i.SystemClock_Config_Nobug) refers to stm32h7xx_hal_rcc.o(i.HAL_RCC_OscConfig) for HAL_RCC_OscConfig
    main.o(i.SystemClock_Config_Nobug) refers to main.o(i.Error_Handler) for Error_Handler
    main.o(i.SystemClock_Config_Nobug) refers to stm32h7xx_hal_rcc.o(i.HAL_RCC_ClockConfig) for HAL_RCC_ClockConfig
    main.o(i.SystemClock_Config_Nobug) refers to stm32h7xx_hal_rcc_ex.o(i.HAL_RCCEx_PeriphCLKConfig) for HAL_RCCEx_PeriphCLKConfig
    main.o(i.main) refers to main.o(i.MPU_Config_Nobug) for MPU_Config_Nobug
    main.o(i.main) refers to stm32h7xx_hal.o(i.HAL_Init) for HAL_Init
    main.o(i.main) refers to main.o(i.SystemClock_Config_Nobug) for SystemClock_Config_Nobug
    main.o(i.main) refers to gpio.o(i.MX_GPIO_Init) for MX_GPIO_Init
    main.o(i.main) refers to led.o(i.LED_Init) for LED_Init
    main.o(i.main) refers to lcd_spi_200.o(i.SPI_LCD_Init) for SPI_LCD_Init
    main.o(i.main) refers to lcd_spi_200.o(i.LCD_SetBackColor) for LCD_SetBackColor
    main.o(i.main) refers to lcd_spi_200.o(i.LCD_Clear) for LCD_Clear
    main.o(i.main) refers to gui.o(i.syslog) for syslog
    main.o(i.main) refers to stm32h7xx_hal.o(i.HAL_Delay) for HAL_Delay
    main.o(i.main) refers to sdram.o(i.MX_FMC_Init) for MX_FMC_Init
    main.o(i.main) refers to sdram.o(i.SDRAM_Test) for SDRAM_Test
    main.o(i.main) refers to stm32h7xx_hal_gpio.o(i.HAL_GPIO_TogglePin) for HAL_GPIO_TogglePin
    stm32h7xx_it.o(i.SysTick_Handler) refers to stm32h7xx_hal.o(i.HAL_IncTick) for HAL_IncTick
    stm32h7xx_hal_spi.o(i.HAL_SPI_Abort) refers to stm32h7xx_hal_dma.o(i.HAL_DMA_Abort) for HAL_DMA_Abort
    stm32h7xx_hal_spi.o(i.HAL_SPI_Abort) refers to stm32h7xx_hal_dma.o(i.HAL_DMA_GetError) for HAL_DMA_GetError
    stm32h7xx_hal_spi.o(i.HAL_SPI_Abort) refers to stm32h7xx_hal_spi.o(i.SPI_AbortTransfer) for SPI_AbortTransfer
    stm32h7xx_hal_spi.o(i.HAL_SPI_Abort) refers to system_stm32h7xx.o(.data) for SystemCoreClock
    stm32h7xx_hal_spi.o(i.HAL_SPI_Abort_IT) refers to stm32h7xx_hal_dma.o(i.HAL_DMA_Abort_IT) for HAL_DMA_Abort_IT
    stm32h7xx_hal_spi.o(i.HAL_SPI_Abort_IT) refers to stm32h7xx_hal_dma.o(i.HAL_DMA_GetError) for HAL_DMA_GetError
[...]
    Removing stm32h7xx_hal_sdram.o(i.HAL_SDRAM_Read_32b), (104 bytes).
    Removing stm32h7xx_hal_sdram.o(i.HAL_SDRAM_Read_8b), (104 bytes).
    Removing stm32h7xx_hal_sdram.o(i.HAL_SDRAM_Read_DMA), (132 bytes).
    Removing stm32h7xx_hal_sdram.o(i.HAL_SDRAM_RefreshErrorCallback), (2 bytes).
    Removing stm32h7xx_hal_sdram.o(i.HAL_SDRAM_SetAutoRefreshNumber), (54 bytes).
    Removing stm32h7xx_hal_sdram.o(i.HAL_SDRAM_WriteProtection_Disable), (50 bytes).
    Removing stm32h7xx_hal_sdram.o(i.HAL_SDRAM_WriteProtection_Enable), (52 bytes).
    Removing stm32h7xx_hal_sdram.o(i.HAL_SDRAM_Write_16b), (132 bytes).
    Removing stm32h7xx_hal_sdram.o(i.HAL_SDRAM_Write_32b), (98 bytes).
    Removing stm32h7xx_hal_sdram.o(i.HAL_SDRAM_Write_8b), (98 bytes).
    Removing stm32h7xx_hal_sdram.o(i.HAL_SDRAM_Write_DMA), (120 bytes).
    Removing stm32h7xx_hal_sdram.o(i.SDRAM_DMACplt), (32 bytes).
    Removing stm32h7xx_hal_sdram.o(i.SDRAM_DMACpltProt), (32 bytes).
    Removing stm32h7xx_hal_sdram.o(i.SDRAM_DMAError), (32 bytes).
    Removing stm32h7xx_ll_fmc.o(.rev16_text), (4 bytes).
    Removing stm32h7xx_ll_fmc.o(.revsh_text), (4 bytes).
    Removing stm32h7xx_ll_fmc.o(.rrx_text), (6 bytes).
    Removing stm32h7xx_ll_fmc.o(i.FMC_NAND_AttributeSpace_Timing_Init), (32 bytes).
    Removing stm32h7xx_ll_fmc.o(i.FMC_NAND_CommonSpace_Timing_Init), (32 bytes).
    Removing stm32h7xx_ll_fmc.o(i.FMC_NAND_DeInit), (30 bytes).
    Removing stm32h7xx_ll_fmc.o(i.FMC_NAND_ECC_Disable), (14 bytes).
    Removing stm32h7xx_ll_fmc.o(i.FMC_NAND_ECC_Enable), (14 bytes).
    Removing stm32h7xx_ll_fmc.o(i.FMC_NAND_GetECC), (60 bytes).
    Removing stm32h7xx_ll_fmc.o(i.FMC_NAND_Init), (52 bytes).
    Removing stm32h7xx_ll_fmc.o(i.FMC_NORSRAM_DeInit), (56 bytes).
    Removing stm32h7xx_ll_fmc.o(i.FMC_NORSRAM_Extended_Timing_Init), (68 bytes).
    Removing stm32h7xx_ll_fmc.o(i.FMC_NORSRAM_Init), (164 bytes).
    Removing stm32h7xx_ll_fmc.o(i.FMC_NORSRAM_Timing_Init), (102 bytes).
    Removing stm32h7xx_ll_fmc.o(i.FMC_NORSRAM_WriteOperation_Disable), (18 bytes).
    Removing stm32h7xx_ll_fmc.o(i.FMC_NORSRAM_WriteOperation_Enable), (18 bytes).
    Removing stm32h7xx_ll_fmc.o(i.FMC_SDRAM_DeInit), (32 bytes).
    Removing stm32h7xx_ll_fmc.o(i.FMC_SDRAM_GetModeStatus), (22 bytes).
    Removing stm32h7xx_ll_fmc.o(i.FMC_SDRAM_SetAutoRefreshNumber), (20 bytes).
    Removing stm32h7xx_ll_fmc.o(i.FMC_SDRAM_WriteProtection_Disable), (18 bytes).
    Removing stm32h7xx_ll_fmc.o(i.FMC_SDRAM_WriteProtection_Enable), (18 bytes).
    Removing system_stm32h7xx.o(.rev16_text), (4 bytes).
    Removing system_stm32h7xx.o(.revsh_text), (4 bytes).
    Removing system_stm32h7xx.o(.rrx_text), (6 bytes).
    Removing system_stm32h7xx.o(i.SystemCoreClockUpdate), (564 bytes).
    Removing led.o(.rev16_text), (4 bytes).
    Removing led.o(.revsh_text), (4 bytes).
    Removing led.o(.rrx_text), (6 bytes).
    Removing lcd_image.o(.constdata), (3652 bytes).
    Removing lcd_spi_200.o(.rev16_text), (4 bytes).
    Removing lcd_spi_200.o(.revsh_text), (4 bytes).
    Removing lcd_spi_200.o(.rrx_text), (6 bytes).
    Removing lcd_spi_200.o(i.LCD_ClearRect), (96 bytes).
    Removing lcd_spi_200.o(i.LCD_CopyBuffer), (92 bytes).
    Removing lcd_spi_200.o(i.LCD_DisplayChinese), (288 bytes).
    Removing lcd_spi_200.o(i.LCD_DisplayDecimals), (100 bytes).
    Removing lcd_spi_200.o(i.LCD_DisplayNumber), (76 bytes).
    Removing lcd_spi_200.o(i.LCD_DisplayText), (80 bytes).
    Removing lcd_spi_200.o(i.LCD_DrawCircle), (148 bytes).
    Removing lcd_spi_200.o(i.LCD_DrawEllipse), (552 bytes).
    Removing lcd_spi_200.o(i.LCD_DrawImage), (304 bytes).
    Removing lcd_spi_200.o(i.LCD_DrawLine_H), (68 bytes).
    Removing lcd_spi_200.o(i.LCD_DrawLine_V), (68 bytes).
    Removing lcd_spi_200.o(i.LCD_DrawRect), (64 bytes).
    Removing lcd_spi_200.o(i.LCD_FillCircle), (138 bytes).
    Removing lcd_spi_200.o(i.LCD_FillRect), (96 bytes).
    Removing lcd_spi_200.o(i.LCD_SPI_TransmitBuffer), (410 bytes).
    Removing lcd_spi_200.o(i.LCD_SetTextFont), (108 bytes).
    Removing lcd_spi_200.o(i.LCD_Test_Clear), (244 bytes).
    Removing lcd_spi_200.o(i.LCD_Test_Color), (736 bytes).
    Removing lcd_spi_200.o(i.LCD_Test_Direction), (300 bytes).
    Removing lcd_spi_200.o(i.LCD_Test_Grahic), (320 bytes).
    Removing lcd_spi_200.o(i.LCD_Test_Image), (144 bytes).
    Removing lcd_spi_200.o(i.LCD_Test_Text), (824 bytes).
    Removing lcd_spi_200.o(i.LCD_Test_Variable), (452 bytes).
    Removing gui.o(.rev16_text), (4 bytes).
    Removing gui.o(.revsh_text), (4 bytes).
    Removing gui.o(.rrx_text), (6 bytes).
    Removing sdram.o(.rev16_text), (4 bytes).
    Removing sdram.o(.revsh_text), (4 bytes).
    Removing sdram.o(.rrx_text), (6 bytes).

561 unused section(s) (total 72786 bytes) removed from the image.

==============================================================================

Image Symbol Table

    Local Symbols

    Symbol Name                              Value     Ov Type        Size  Object(Section)

    ../Core/Src/gpio.c                       0x00000000   Number         0  gpio.o ABSOLUTE
    ../Core/Src/main.c                       0x00000000   Number         0  main.o ABSOLUTE
    ../Core/Src/stm32h7xx_hal_msp.c          0x00000000   Number         0  stm32h7xx_hal_msp.o ABSOLUTE
    ../Core/Src/stm32h7xx_it.c               0x00000000   Number         0  stm32h7xx_it.o ABSOLUTE
    ../Core/Src/system_stm32h7xx.c           0x00000000   Number         0  system_stm32h7xx.o ABSOLUTE
    ../Drivers/STM32H7xx_HAL_Driver/Src/stm32h7xx_hal.c 0x00000000   Number         0  stm32h7xx_hal.o ABSOLUTE
    ../Drivers/STM32H7xx_HAL_Driver/Src/stm32h7xx_hal_cortex.c 0x00000000   Number         0  stm32h7xx_hal_cortex.o ABSOLUTE
    ../Drivers/STM32H7xx_HAL_Driver/Src/stm32h7xx_hal_dma.c 0x00000000   Number         0  stm32h7xx_hal_dma.o ABSOLUTE
    ../Drivers/STM32H7xx_HAL_Driver/Src/stm32h7xx_hal_dma_ex.c 0x00000000   Number         0  stm32h7xx_hal_dma_ex.o ABSOLUTE
    ../Drivers/STM32H7xx_HAL_Driver/Src/stm32h7xx_hal_exti.c 0x00000000   Number         0  stm32h7xx_hal_exti.o ABSOLUTE
    ../Drivers/STM32H7xx_HAL_Driver/Src/stm32h7xx_hal_flash.c 0x00000000   Number         0  stm32h7xx_hal_flash.o ABSOLUTE
    ../Drivers/STM32H7xx_HAL_Driver/Src/stm32h7xx_hal_flash_ex.c 0x00000000   Number         0  stm32h7xx_hal_flash_ex.o ABSOLUTE
    ../Drivers/STM32H7xx_HAL_Driver/Src/stm32h7xx_hal_gpio.c 0x00000000   Number         0  stm32h7xx_hal_gpio.o ABSOLUTE
    ../Drivers/STM32H7xx_HAL_Driver/Src/stm32h7xx_hal_hsem.c 0x00000000   Number         0  stm32h7xx_hal_hsem.o ABSOLUTE
    ../Drivers/STM32H7xx_HAL_Driver/Src/stm32h7xx_hal_i2c.c 0x00000000   Number         0  stm32h7xx_hal_i2c.o ABSOLUTE
    ../Drivers/STM32H7xx_HAL_Driver/Src/stm32h7xx_hal_i2c_ex.c 0x00000000   Number         0  stm32h7xx_hal_i2c_ex.o ABSOLUTE
    ../Drivers/STM32H7xx_HAL_Driver/Src/stm32h7xx_hal_mdma.c 0x00000000   Number         0  stm32h7xx_hal_mdma.o ABSOLUTE
    ../Drivers/STM32H7xx_HAL_Driver/Src/stm32h7xx_hal_pwr.c 0x00000000   Number         0  stm32h7xx_hal_pwr.o ABSOLUTE
    ../Drivers/STM32H7xx_HAL_Driver/Src/stm32h7xx_hal_pwr_ex.c 0x00000000   Number         0  stm32h7xx_hal_pwr_ex.o ABSOLUTE
    ../Drivers/STM32H7xx_HAL_Driver/Src/stm32h7xx_hal_rcc.c 0x00000000   Number         0  stm32h7xx_hal_rcc.o ABSOLUTE
    ../Drivers/STM32H7xx_HAL_Driver/Src/stm32h7xx_hal_rcc_ex.c 0x00000000   Number         0  stm32h7xx_hal_rcc_ex.o ABSOLUTE
    ../Drivers/STM32H7xx_HAL_Driver/Src/stm32h7xx_hal_tim.c 0x00000000   Number         0  stm32h7xx_hal_tim.o ABSOLUTE
    ../Drivers/STM32H7xx_HAL_Driver/Src/stm32h7xx_hal_tim_ex.c 0x00000000   Number         0  stm32h7xx_hal_tim_ex.o ABSOLUTE
    ../clib/microlib/division.c              0x00000000   Number         0  uldiv.o ABSOLUTE
    ../clib/microlib/division.c              0x00000000   Number         0  uidiv.o ABSOLUTE
    ../clib/microlib/init/entry.s            0x00000000   Number         0  entry10b.o ABSOLUTE
    ../clib/microlib/init/entry.s            0x00000000   Number         0  entry.o ABSOLUTE
    ../clib/microlib/init/entry.s            0x00000000   Number         0  entry10a.o ABSOLUTE
    ../clib/microlib/init/entry.s            0x00000000   Number         0  entry9b.o ABSOLUTE
    ../clib/microlib/init/entry.s            0x00000000   Number         0  entry7b.o ABSOLUTE
    ../clib/microlib/init/entry.s            0x00000000   Number         0  entry9a.o ABSOLUTE
    ../clib/microlib/init/entry.s            0x00000000   Number         0  entry8b.o ABSOLUTE
    ../clib/microlib/init/entry.s            0x00000000   Number         0  entry8a.o ABSOLUTE
    ../clib/microlib/init/entry.s            0x00000000   Number         0  entry12b.o ABSOLUTE
    ../clib/microlib/init/entry.s            0x00000000   Number         0  entry7a.o ABSOLUTE
    ../clib/microlib/init/entry.s            0x00000000   Number         0  entry5.o ABSOLUTE
    ../clib/microlib/init/entry.s            0x00000000   Number         0  entry2.o ABSOLUTE
    ../clib/microlib/init/entry.s            0x00000000   Number         0  entry12a.o ABSOLUTE
    ../clib/microlib/init/entry.s            0x00000000   Number         0  entry11b.o ABSOLUTE
    ../clib/microlib/init/entry.s            0x00000000   Number         0  entry11a.o ABSOLUTE
    ../clib/microlib/longlong.c              0x00000000   Number         0  llsshr.o ABSOLUTE
    ../clib/microlib/longlong.c              0x00000000   Number         0  llshl.o ABSOLUTE
    ../clib/microlib/longlong.c              0x00000000   Number         0  llushr.o ABSOLUTE
    ../clib/microlib/malloc/malloc.c         0x00000000   Number         0  mallocra.o ABSOLUTE
    ../clib/microlib/malloc/malloc.c         0x00000000   Number         0  mallocr.o ABSOLUTE
    ../clib/microlib/malloc/malloc.c         0x00000000   Number         0  malloc.o ABSOLUTE
    ../clib/microlib/malloc/malloc.c         0x00000000   Number         0  malloca.o ABSOLUTE
    ../clib/microlib/malloc/mvars.c          0x00000000   Number         0  mvars.o ABSOLUTE
    ../clib/microlib/printf/printf.c         0x00000000   Number         0  printf1.o ABSOLUTE
    ../clib/microlib/printf/printf.c         0x00000000   Number         0  printfa.o ABSOLUTE
    ../clib/microlib/printf/printf.c         0x00000000   Number         0  printf2.o ABSOLUTE
    ../clib/microlib/printf/printf.c         0x00000000   Number         0  printf3.o ABSOLUTE
    ../clib/microlib/printf/printf.c         0x00000000   Number         0  printf4.o ABSOLUTE
    ../clib/microlib/printf/printf.c         0x00000000   Number         0  printf5.o ABSOLUTE
    ../clib/microlib/printf/printf.c         0x00000000   Number         0  printf6.o ABSOLUTE
    ../clib/microlib/printf/printf.c         0x00000000   Number         0  printf7.o ABSOLUTE
    ../clib/microlib/printf/printf.c         0x00000000   Number         0  printf8.o ABSOLUTE
    ../clib/microlib/printf/printf.c         0x00000000   Number         0  printfb.o ABSOLUTE
    ../clib/microlib/printf/printf.c         0x00000000   Number         0  printf0.o ABSOLUTE
    ../clib/microlib/printf/stubs.s          0x00000000   Number         0  stubs.o ABSOLUTE
    ../clib/microlib/stdio/fputc.c           0x00000000   Number         0  fputc.o ABSOLUTE
    ../clib/microlib/stdio/semi.s            0x00000000   Number         0  semi.o ABSOLUTE
    ../clib/microlib/stdio/streams.c         0x00000000   Number         0  stdout.o ABSOLUTE
    ../clib/microlib/string/memcpy.c         0x00000000   Number         0  memcpyb.o ABSOLUTE
    ../clib/microlib/string/memcpy.c         0x00000000   Number         0  memcpya.o ABSOLUTE
    ../clib/microlib/string/memset.c         0x00000000   Number         0  memseta.o ABSOLUTE
    ../clib/microlib/string/strcat.c         0x00000000   Number         0  strcat.o ABSOLUTE
    ../clib/microlib/string/strcpy.c         0x00000000   Number         0  strcpy.o ABSOLUTE
    ../clib/microlib/string/strlen.c         0x00000000   Number         0  strlen.o ABSOLUTE
    ../clib/microlib/string/strncpy.c        0x00000000   Number         0  strncpy.o ABSOLUTE
    ../clib/microlib/stubs.s                 0x00000000   Number         0  iusesemip.o ABSOLUTE
    ../clib/microlib/stubs.s                 0x00000000   Number         0  iusefp.o ABSOLUTE
    ../fplib/microlib/fpadd.c                0x00000000   Number         0  dadd.o ABSOLUTE
    ../fplib/microlib/fpdiv.c                0x00000000   Number         0  ddiv.o ABSOLUTE
    ../fplib/microlib/fpepilogue.c           0x00000000   Number         0  depilogue.o ABSOLUTE
    ../fplib/microlib/fpfix.c                0x00000000   Number         0  dfixul.o ABSOLUTE
    ../fplib/microlib/fpmul.c                0x00000000   Number         0  dmul.o ABSOLUTE
    ..\Core\Src\gpio.c                       0x00000000   Number         0  gpio.o ABSOLUTE
    ..\Core\Src\main.c                       0x00000000   Number         0  main.o ABSOLUTE
    ..\Core\Src\stm32h7xx_hal_msp.c          0x00000000   Number         0  stm32h7xx_hal_msp.o ABSOLUTE
    ..\Core\Src\stm32h7xx_it.c               0x00000000   Number         0  stm32h7xx_it.o ABSOLUTE
    ..\Core\Src\system_stm32h7xx.c           0x00000000   Number         0  system_stm32h7xx.o ABSOLUTE
    ..\Drivers\HADRWARE\gui.c                0x00000000   Number         0  gui.o ABSOLUTE
    ..\Drivers\HADRWARE\lcd_fonts.c          0x00000000   Number         0  lcd_fonts.o ABSOLUTE
    ..\Drivers\HADRWARE\lcd_image.c          0x00000000   Number         0  lcd_image.o ABSOLUTE
    ..\Drivers\HADRWARE\lcd_spi_200.c        0x00000000   Number         0  lcd_spi_200.o ABSOLUTE
    ..\Drivers\HADRWARE\led.c                0x00000000   Number         0  led.o ABSOLUTE
    ..\Drivers\HADRWARE\sdram.c              0x00000000   Number         0  sdram.o ABSOLUTE
    ..\Drivers\STM32H7xx_HAL_Driver\Src\stm32h7xx_hal.c 0x00000000   Number         0  stm32h7xx_hal.o ABSOLUTE
    ..\Drivers\STM32H7xx_HAL_Driver\Src\stm32h7xx_hal_cortex.c 0x00000000   Number         0  stm32h7xx_hal_cortex.o ABSOLUTE
    ..\Drivers\STM32H7xx_HAL_Driver\Src\stm32h7xx_hal_dma.c 0x00000000   Number         0  stm32h7xx_hal_dma.o ABSOLUTE
    ..\Drivers\STM32H7xx_HAL_Driver\Src\stm32h7xx_hal_dma_ex.c 0x00000000   Number         0  stm32h7xx_hal_dma_ex.o ABSOLUTE
    ..\Drivers\STM32H7xx_HAL_Driver\Src\stm32h7xx_hal_exti.c 0x00000000   Number         0  stm32h7xx_hal_exti.o ABSOLUTE
    ..\Drivers\STM32H7xx_HAL_Driver\Src\stm32h7xx_hal_flash.c 0x00000000   Number         0  stm32h7xx_hal_flash.o ABSOLUTE
    ..\Drivers\STM32H7xx_HAL_Driver\Src\stm32h7xx_hal_flash_ex.c 0x00000000   Number         0  stm32h7xx_hal_flash_ex.o ABSOLUTE
    ..\Drivers\STM32H7xx_HAL_Driver\Src\stm32h7xx_hal_gpio.c 0x00000000   Number         0  stm32h7xx_hal_gpio.o ABSOLUTE
    ..\Drivers\STM32H7xx_HAL_Driver\Src\stm32h7xx_hal_hsem.c 0x00000000   Number         0  stm32h7xx_hal_hsem.o ABSOLUTE
    ..\Drivers\STM32H7xx_HAL_Driver\Src\stm32h7xx_hal_i2c.c 0x00000000   Number         0  stm32h7xx_hal_i2c.o ABSOLUTE
    ..\Drivers\STM32H7xx_HAL_Driver\Src\stm32h7xx_hal_i2c_ex.c 0x00000000   Number         0  stm32h7xx_hal_i2c_ex.o ABSOLUTE
    ..\Drivers\STM32H7xx_HAL_Driver\Src\stm32h7xx_hal_mdma.c 0x00000000   Number         0  stm32h7xx_hal_mdma.o ABSOLUTE
    ..\Drivers\STM32H7xx_HAL_Driver\Src\stm32h7xx_hal_pwr.c 0x00000000   Number         0  stm32h7xx_hal_pwr.o ABSOLUTE
    ..\Drivers\STM32H7xx_HAL_Driver\Src\stm32h7xx_hal_pwr_ex.c 0x00000000   Number         0  stm32h7xx_hal_pwr_ex.o ABSOLUTE
    ..\Drivers\STM32H7xx_HAL_Driver\Src\stm32h7xx_hal_rcc.c 0x00000000   Number         0  stm32h7xx_hal_rcc.o ABSOLUTE
    ..\Drivers\STM32H7xx_HAL_Driver\Src\stm32h7xx_hal_rcc_ex.c 0x00000000   Number         0  stm32h7xx_hal_rcc_ex.o ABSOLUTE
    ..\Drivers\STM32H7xx_HAL_Driver\Src\stm32h7xx_hal_sdram.c 0x00000000   Number         0  stm32h7xx_hal_sdram.o ABSOLUTE
    ..\Drivers\STM32H7xx_HAL_Driver\Src\stm32h7xx_hal_spi.c 0x00000000   Number         0  stm32h7xx_hal_spi.o ABSOLUTE
    ..\Drivers\STM32H7xx_HAL_Driver\Src\stm32h7xx_hal_spi_ex.c 0x00000000   Number         0  stm32h7xx_hal_spi_ex.o ABSOLUTE
    ..\Drivers\STM32H7xx_HAL_Driver\Src\stm32h7xx_hal_tim.c 0x00000000   Number         0  stm32h7xx_hal_tim.o ABSOLUTE
    ..\Drivers\STM32H7xx_HAL_Driver\Src\stm32h7xx_hal_tim_ex.c 0x00000000   Number         0  stm32h7xx_hal_tim_ex.o ABSOLUTE
    ..\Drivers\STM32H7xx_HAL_Driver\Src\stm32h7xx_ll_fmc.c 0x00000000   Number         0  stm32h7xx_ll_fmc.o ABSOLUTE
    ..\\Drivers\\HADRWARE\\gui.c             0x00000000   Number         0  gui.o ABSOLUTE
    ..\\Drivers\\HADRWARE\\lcd_spi_200.c     0x00000000   Number         0  lcd_spi_200.o ABSOLUTE
    ..\\Drivers\\HADRWARE\\led.c             0x00000000   Number         0  led.o ABSOLUTE
    ..\\Drivers\\HADRWARE\\sdram.c           0x00000000   Number         0  sdram.o ABSOLUTE
    ..\\Drivers\\STM32H7xx_HAL_Driver\\Src\\stm32h7xx_hal_sdram.c 0x00000000   Number         0  stm32h7xx_hal_sdram.o ABSOLUTE
    ..\\Drivers\\STM32H7xx_HAL_Driver\\Src\\stm32h7xx_hal_spi.c 0x00000000   Number         0  stm32h7xx_hal_spi.o ABSOLUTE
    ..\\Drivers\\STM32H7xx_HAL_Driver\\Src\\stm32h7xx_hal_spi_ex.c 0x00000000   Number         0  stm32h7xx_hal_spi_ex.o ABSOLUTE
    ..\\Drivers\\STM32H7xx_HAL_Driver\\Src\\stm32h7xx_ll_fmc.c 0x00000000   Number         0  stm32h7xx_ll_fmc.o ABSOLUTE
    cdrcmple.s                               0x00000000   Number         0  cdrcmple.o ABSOLUTE
    dc.s                                     0x00000000   Number         0  dc.o ABSOLUTE
    handlers.s                               0x00000000   Number         0  handlers.o ABSOLUTE
    init.s                                   0x00000000   Number         0  init.o ABSOLUTE
    startup_stm32h743xx.s                    0x00000000   Number         0  startup_stm32h743xx.o ABSOLUTE
    RESET                                    0x08000000   Section      664  startup_stm32h743xx.o(RESET)
    .ARM.Collect$$$$00000000                 0x08000298   Section        0  entry.o(.ARM.Collect$$$$00000000)
    .ARM.Collect$$$$00000001                 0x08000298   Section        4  entry2.o(.ARM.Collect$$$$00000001)
    .ARM.Collect$$$$00000004                 0x0800029c   Section        4  entry5.o(.ARM.Collect$$$$00000004)
    .ARM.Collect$$$$00000008                 0x080002a0   Section        0  entry7b.o(.ARM.Collect$$$$00000008)
    .ARM.Collect$$$$0000000A                 0x080002a0   Section        0  entry8b.o(.ARM.Collect$$$$0000000A)
    .ARM.Collect$$$$0000000B                 0x080002a0   Section        8  entry9a.o(.ARM.Collect$$$$0000000B)
    .ARM.Collect$$$$0000000E                 0x080002a8   Section        4  entry12b.o(.ARM.Collect$$$$0000000E)
    .ARM.Collect$$$$0000000F                 0x080002ac   Section        0  entry10a.o(.ARM.Collect$$$$0000000F)
    .ARM.Collect$$$$00000011                 0x080002ac   Section        0  entry11a.o(.ARM.Collect$$$$00000011)
    .ARM.Collect$$$$00002712                 0x080002ac   Section        4  entry2.o(.ARM.Collect$$$$00002712)
    __lit__00000000                          0x080002ac   Data           4  entry2.o(.ARM.Collect$$$$00002712)
    .text                                    0x080002b0   Section       36  startup_stm32h743xx.o(.text)
    $v0                                      0x080002b0   Number         0  startup_stm32h743xx.o(.text)
    .text                                    0x080002d4   Section        0  memcpya.o(.text)
    .text                                    0x080002f8   Section        0  memseta.o(.text)
    .text                                    0x0800031c   Section        0  strcat.o(.text)
    .text                                    0x08000334   Section        0  strncpy.o(.text)
    .text                                    0x0800034c   Section        0  strlen.o(.text)
    .text                                    0x0800035a   Section        0  strcpy.o(.text)
    .text                                    0x0800036c   Section        0  uidiv.o(.text)
    .text                                    0x08000398   Section        0  uldiv.o(.text)
    .text                                    0x080003fa   Section        0  iusefp.o(.text)
    .text                                    0x080003fa   Section        0  dadd.o(.text)
    .text                                    0x08000548   Section        0  dmul.o(.text)
    .text                                    0x0800062c   Section        0  ddiv.o(.text)
    .text                                    0x0800070a   Section        0  dfixul.o(.text)
    .text                                    0x0800073c   Section       48  cdrcmple.o(.text)
    .text                                    0x0800076c   Section       36  init.o(.text)
    .text                                    0x08000790   Section        0  llshl.o(.text)
    .text                                    0x080007ae   Section        0  llushr.o(.text)
    .text                                    0x080007ce   Section        0  llsshr.o(.text)
    .text                                    0x080007f2   Section        0  depilogue.o(.text)
    i.BusFault_Handler                       0x080008ac   Section        0  stm32h7xx_it.o(i.BusFault_Handler)
    i.DebugMon_Handler                       0x080008b0   Section        0  stm32h7xx_it.o(i.DebugMon_Handler)
    i.Error_Handler                          0x080008b2   Section        0  main.o(i.Error_Handler)
    i.FMC_SDRAM_Init                         0x080008b8   Section        0  stm32h7xx_ll_fmc.o(i.FMC_SDRAM_Init)
    i.FMC_SDRAM_ProgramRefreshRate           0x08000924   Section        0  stm32h7xx_ll_fmc.o(i.FMC_SDRAM_ProgramRefreshRate)
    i.FMC_SDRAM_SendCommand                  0x08000938   Section        0  stm32h7xx_ll_fmc.o(i.FMC_SDRAM_SendCommand)
    i.FMC_SDRAM_Timing_Init                  0x08000960   Section        0  stm32h7xx_ll_fmc.o(i.FMC_SDRAM_Timing_Init)
    i.HAL_Delay                              0x080009f4   Section        0  stm32h7xx_hal.o(i.HAL_Delay)
    i.HAL_FMC_MspInit                        0x08000a1c   Section        0  sdram.o(i.HAL_FMC_MspInit)
    HAL_FMC_MspInit                          0x08000a1d   Thumb Code   382  sdram.o(i.HAL_FMC_MspInit)
    i.HAL_GPIO_Init                          0x08000bb8   Section        0  stm32h7xx_hal_gpio.o(i.HAL_GPIO_Init)
    i.HAL_GPIO_TogglePin                     0x08000db4   Section        0  stm32h7xx_hal_gpio.o(i.HAL_GPIO_TogglePin)
    i.HAL_GPIO_WritePin                      0x08000dc8   Section        0  stm32h7xx_hal_gpio.o(i.HAL_GPIO_WritePin)
    i.HAL_GetREVID                           0x08000dd4   Section        0  stm32h7xx_hal.o(i.HAL_GetREVID)
    i.HAL_GetTick                            0x08000de0   Section        0  stm32h7xx_hal.o(i.HAL_GetTick)
    i.HAL_IncTick                            0x08000dec   Section        0  stm32h7xx_hal.o(i.HAL_IncTick)
    i.HAL_Init                               0x08000e04   Section        0  stm32h7xx_hal.o(i.HAL_Init)
    i.HAL_InitTick                           0x08000e64   Section        0  stm32h7xx_hal.o(i.HAL_InitTick)
    i.HAL_MPU_ConfigRegion                   0x08000ebc   Section        0  stm32h7xx_hal_cortex.o(i.HAL_MPU_ConfigRegion)
    i.HAL_MPU_Disable                        0x08000f18   Section        0  stm32h7xx_hal_cortex.o(i.HAL_MPU_Disable)
    i.HAL_MPU_Enable                         0x08000f44   Section        0  stm32h7xx_hal_cortex.o(i.HAL_MPU_Enable)
    i.HAL_MspInit                            0x08000f84   Section        0  stm32h7xx_hal_msp.o(i.HAL_MspInit)
    i.HAL_NVIC_SetPriority                   0x08000fa8   Section        0  stm32h7xx_hal_cortex.o(i.HAL_NVIC_SetPriority)
    i.HAL_NVIC_SetPriorityGrouping           0x08001024   Section        0  stm32h7xx_hal_cortex.o(i.HAL_NVIC_SetPriorityGrouping)
    i.HAL_PWREx_ConfigSupply                 0x0800104c   Section        0  stm32h7xx_hal_pwr_ex.o(i.HAL_PWREx_ConfigSupply)
    i.HAL_RCCEx_PeriphCLKConfig              0x080010ac   Section        0  stm32h7xx_hal_rcc_ex.o(i.HAL_RCCEx_PeriphCLKConfig)
    i.HAL_RCC_ClockConfig                    0x08001e14   Section        0  stm32h7xx_hal_rcc.o(i.HAL_RCC_ClockConfig)
    i.HAL_RCC_GetSysClockFreq                0x08002134   Section        0  stm32h7xx_hal_rcc.o(i.HAL_RCC_GetSysClockFreq)
    i.HAL_RCC_OscConfig                      0x08002360   Section        0  stm32h7xx_hal_rcc.o(i.HAL_RCC_OscConfig)
    i.HAL_SDRAM_Init                         0x08002bb8   Section        0  stm32h7xx_hal_sdram.o(i.HAL_SDRAM_Init)
    i.HAL_SDRAM_MspInit                      0x08002c08   Section        0  sdram.o(i.HAL_SDRAM_MspInit)
    i.HAL_SDRAM_ProgramRefreshRate           0x08002c12   Section        0  stm32h7xx_hal_sdram.o(i.HAL_SDRAM_ProgramRefreshRate)
    i.HAL_SDRAM_SendCommand                  0x08002c48   Section        0  stm32h7xx_hal_sdram.o(i.HAL_SDRAM_SendCommand)
    i.HAL_SPI_Init                           0x08002c98   Section        0  stm32h7xx_hal_spi.o(i.HAL_SPI_Init)
    i.HAL_SPI_MspInit                        0x08002e48   Section        0  lcd_spi_200.o(i.HAL_SPI_MspInit)
    i.HAL_SPI_Transmit                       0x08002f84   Section        0  stm32h7xx_hal_spi.o(i.HAL_SPI_Transmit)
    i.HAL_SYSTICK_Config                     0x08003238   Section        0  stm32h7xx_hal_cortex.o(i.HAL_SYSTICK_Config)
    i.HardFault_Handler                      0x0800326c   Section        0  stm32h7xx_it.o(i.HardFault_Handler)
    i.LCD_Clear                              0x08003270   Section        0  lcd_spi_200.o(i.LCD_Clear)
    i.LCD_DisplayChar                        0x080032d0   Section        0  lcd_spi_200.o(i.LCD_DisplayChar)
    i.LCD_DisplayString                      0x080033a8   Section        0  lcd_spi_200.o(i.LCD_DisplayString)
    i.LCD_DrawLine                           0x080033e0   Section        0  lcd_spi_200.o(i.LCD_DrawLine)
    i.LCD_DrawPoint                          0x0800350c   Section        0  lcd_spi_200.o(i.LCD_DrawPoint)
    i.LCD_SPI_CloseTransfer                  0x08003528   Section        0  lcd_spi_200.o(i.LCD_SPI_CloseTransfer)
    i.LCD_SPI_Transmit                       0x080035fe   Section        0  lcd_spi_200.o(i.LCD_SPI_Transmit)
    i.LCD_SPI_WaitOnFlagUntilTimeout         0x0800379a   Section        0  lcd_spi_200.o(i.LCD_SPI_WaitOnFlagUntilTimeout)
    i.LCD_SetAddress                         0x080037dc   Section        0  lcd_spi_200.o(i.LCD_SetAddress)
    i.LCD_SetAsciiFont                       0x08003834   Section        0  lcd_spi_200.o(i.LCD_SetAsciiFont)
    i.LCD_SetBackColor                       0x08003840   Section        0  lcd_spi_200.o(i.LCD_SetBackColor)
    i.LCD_SetColor                           0x08003868   Section        0  lcd_spi_200.o(i.LCD_SetColor)
    i.LCD_SetDirection                       0x08003890   Section        0  lcd_spi_200.o(i.LCD_SetDirection)
    i.LCD_ShowNumMode                        0x0800392c   Section        0  lcd_spi_200.o(i.LCD_ShowNumMode)
    i.LCD_WriteBuff                          0x08003938   Section        0  lcd_spi_200.o(i.LCD_WriteBuff)
    i.LCD_WriteCommand                       0x08003974   Section        0  lcd_spi_200.o(i.LCD_WriteCommand)
    i.LCD_WriteData_16bit                    0x0800399c   Section        0  lcd_spi_200.o(i.LCD_WriteData_16bit)
    i.LCD_WriteData_8bit                     0x080039d0   Section        0  lcd_spi_200.o(i.LCD_WriteData_8bit)
    i.LED_Init                               0x080039f4   Section        0  led.o(i.LED_Init)
    i.MPU_Config_Nobug                       0x08003a4c   Section        0  main.o(i.MPU_Config_Nobug)
    i.MX_FMC_Init                            0x08003aa0   Section        0  sdram.o(i.MX_FMC_Init)
    i.MX_GPIO_Init                           0x08003b1c   Section        0  gpio.o(i.MX_GPIO_Init)
    i.MX_SPI5_Init                           0x08003b74   Section        0  lcd_spi_200.o(i.MX_SPI5_Init)
    i.MemManage_Handler                      0x08003bd4   Section        0  stm32h7xx_it.o(i.MemManage_Handler)
    i.NMI_Handler                            0x08003bd8   Section        0  stm32h7xx_it.o(i.NMI_Handler)
    i.PendSV_Handler                         0x08003bdc   Section        0  stm32h7xx_it.o(i.PendSV_Handler)
    i.RCCEx_PLL2_Config                      0x08003be0   Section        0  stm32h7xx_hal_rcc_ex.o(i.RCCEx_PLL2_Config)
    RCCEx_PLL2_Config                        0x08003be1   Thumb Code   350  stm32h7xx_hal_rcc_ex.o(i.RCCEx_PLL2_Config)
    i.RCCEx_PLL3_Config                      0x08003d44   Section        0  stm32h7xx_hal_rcc_ex.o(i.RCCEx_PLL3_Config)
    RCCEx_PLL3_Config                        0x08003d45   Thumb Code   350  stm32h7xx_hal_rcc_ex.o(i.RCCEx_PLL3_Config)
    i.SDRAM_Initialization_Sequence          0x08003ea8   Section        0  sdram.o(i.SDRAM_Initialization_Sequence)
    i.SDRAM_Test                             0x08003f3c   Section        0  sdram.o(i.SDRAM_Test)
    i.SPI_CloseTransfer                      0x08004194   Section        0  stm32h7xx_hal_spi.o(i.SPI_CloseTransfer)
    SPI_CloseTransfer                        0x08004195   Thumb Code   214  stm32h7xx_hal_spi.o(i.SPI_CloseTransfer)
    i.SPI_GetPacketSize                      0x0800426a   Section        0  stm32h7xx_hal_spi.o(i.SPI_GetPacketSize)
    SPI_GetPacketSize                        0x0800426b   Thumb Code    26  stm32h7xx_hal_spi.o(i.SPI_GetPacketSize)
    i.SPI_LCD_Init                           0x08004284   Section        0  lcd_spi_200.o(i.SPI_LCD_Init)
    i.SPI_PrintWithPrefix                    0x08004438   Section        0  gui.o(i.SPI_PrintWithPrefix)
    i.SPI_WaitOnFlagUntilTimeout             0x080044f4   Section        0  stm32h7xx_hal_spi.o(i.SPI_WaitOnFlagUntilTimeout)
    SPI_WaitOnFlagUntilTimeout               0x080044f5   Thumb Code    66  stm32h7xx_hal_spi.o(i.SPI_WaitOnFlagUntilTimeout)
    i.SVC_Handler                            0x08004536   Section        0  stm32h7xx_it.o(i.SVC_Handler)
    i.SysTick_Handler                        0x08004538   Section        0  stm32h7xx_it.o(i.SysTick_Handler)
    i.SystemClock_Config_Nobug               0x08004540   Section        0  main.o(i.SystemClock_Config_Nobug)
    i.SystemInit                             0x080046a0   Section        0  system_stm32h7xx.o(i.SystemInit)
    i.UsageFault_Handler                     0x0800479c   Section        0  stm32h7xx_it.o(i.UsageFault_Handler)
    i.__0sprintf                             0x080047a0   Section        0  printfa.o(i.__0sprintf)
    i.__NVIC_GetPriorityGrouping             0x080047c8   Section        0  stm32h7xx_hal_cortex.o(i.__NVIC_GetPriorityGrouping)
    __NVIC_GetPriorityGrouping               0x080047c9   Thumb Code    10  stm32h7xx_hal_cortex.o(i.__NVIC_GetPriorityGrouping)
    i.__NVIC_SetPriority                     0x080047d8   Section        0  stm32h7xx_hal_cortex.o(i.__NVIC_SetPriority)
    __NVIC_SetPriority                       0x080047d9   Thumb Code    32  stm32h7xx_hal_cortex.o(i.__NVIC_SetPriority)
    i.__scatterload_copy                     0x08004800   Section       14  handlers.o(i.__scatterload_copy)
    i.__scatterload_null                     0x0800480e   Section        2  handlers.o(i.__scatterload_null)
    i.__scatterload_zeroinit                 0x08004810   Section       14  handlers.o(i.__scatterload_zeroinit)
    i._fp_digits                             0x08004820   Section        0  printfa.o(i._fp_digits)
    _fp_digits                               0x08004821   Thumb Code   366  printfa.o(i._fp_digits)
    i._printf_core                           0x080049a4   Section        0  printfa.o(i._printf_core)
    _printf_core                             0x080049a5   Thumb Code  1704  printfa.o(i._printf_core)
    i._printf_post_padding                   0x08005058   Section        0  printfa.o(i._printf_post_padding)
    _printf_post_padding                     0x08005059   Thumb Code    36  printfa.o(i._printf_post_padding)
    i._printf_pre_padding                    0x0800507c   Section        0  printfa.o(i._printf_pre_padding)
    _printf_pre_padding                      0x0800507d   Thumb Code    46  printfa.o(i._printf_pre_padding)
    i._sputc                                 0x080050aa   Section        0  printfa.o(i._sputc)
    _sputc                                   0x080050ab   Thumb Code    10  printfa.o(i._sputc)
    i.free                                   0x080050b4   Section        0  malloc.o(i.free)
    i.main                                   0x08005104   Section        0  main.o(i.main)
    i.malloc                                 0x08005308   Section        0  malloc.o(i.malloc)
    i.push_line                              0x08005374   Section        0  gui.o(i.push_line)
    push_line                                0x08005375   Thumb Code   134  gui.o(i.push_line)
    i.redraw_all                             0x08005414   Section        0  gui.o(i.redraw_all)
    redraw_all                               0x08005415   Thumb Code   222  gui.o(i.redraw_all)
    i.syslog                                 0x08005510   Section        0  gui.o(i.syslog)
    .constdata                               0x08005528   Section       16  system_stm32h7xx.o(.constdata)
    .constdata                               0x08005538   Section    26660  lcd_fonts.o(.constdata)
    .data                                    0x24000000   Section        9  stm32h7xx_hal.o(.data)
    .data                                    0x2400000c   Section        8  system_stm32h7xx.o(.data)
    .data                                    0x24000014   Section      120  lcd_fonts.o(.data)
    .data                                    0x2400008c   Section        8  lcd_spi_200.o(.data)
    LCD_AsciiFonts                           0x2400008c   Data           4  lcd_spi_200.o(.data)
    LCD_CHFonts                              0x24000090   Data           4  lcd_spi_200.o(.data)
    .data                                    0x24000094   Section       24  gui.o(.data)
    isPrefixLine                             0x24000094   Data           8  gui.o(.data)
    prefixLenBuf                             0x2400009c   Data           8  gui.o(.data)
    bufStart                                 0x240000a4   Data           4  gui.o(.data)
    bufCount                                 0x240000a8   Data           4  gui.o(.data)
    .data                                    0x240000ac   Section        4  mvars.o(.data)
    .data                                    0x240000b0   Section        4  mvars.o(.data)
    .bss                                     0x240000b4   Section     2200  lcd_spi_200.o(.bss)
    .bss                                     0x2400094c   Section      232  gui.o(.bss)
    msgBuffer                                0x2400094c   Data         200  gui.o(.bss)
    prefixColorBuf                           0x24000a14   Data          32  gui.o(.bss)
    .bss                                     0x24000a34   Section       68  sdram.o(.bss)
    HEAP                                     0x24000a78   Section      512  startup_stm32h743xx.o(HEAP)
    STACK                                    0x24000c78   Section     1024  startup_stm32h743xx.o(STACK)

    Global Symbols

    Symbol Name                              Value     Ov Type        Size  Object(Section)

    BuildAttributes$$THM_ISAv4$E$P$D$K$B$S$7EM$VFPv5_D16$PE$PLD8$A:L22UL41UL21$X:L11$S22US41US21$IEEE1$IW$USESV6$~STKCKD$USESV7$~SHL$OSPACE$ROPI$EBA8$MICROLIB$REQ8$PRES8$EABIv2 0x00000000   Number         0  anon$$obj.o ABSOLUTE
    __ARM_use_no_argv                        0x00000000   Number         0  main.o ABSOLUTE
    _printf_a                                0x00000000   Number         0  stubs.o ABSOLUTE
    _printf_c                                0x00000000   Number         0  stubs.o ABSOLUTE
    _printf_charcount                        0x00000000   Number         0  stubs.o ABSOLUTE
    _printf_d                                0x00000000   Number         0  stubs.o ABSOLUTE
    _printf_e                                0x00000000   Number         0  stubs.o ABSOLUTE
    _printf_f                                0x00000000   Number         0  stubs.o ABSOLUTE
    _printf_flags                            0x00000000   Number         0  stubs.o ABSOLUTE
    _printf_fp_dec                           0x00000000   Number         0  stubs.o ABSOLUTE
    _printf_fp_hex                           0x00000000   Number         0  stubs.o ABSOLUTE
    _printf_g                                0x00000000   Number         0  stubs.o ABSOLUTE
    _printf_i                                0x00000000   Number         0  stubs.o ABSOLUTE
    _printf_int_dec                          0x00000000   Number         0  stubs.o ABSOLUTE
    _printf_l                                0x00000000   Number         0  stubs.o ABSOLUTE
    _printf_lc                               0x00000000   Number         0  stubs.o ABSOLUTE
    _printf_ll                               0x00000000   Number         0  stubs.o ABSOLUTE
    _printf_lld                              0x00000000   Number         0  stubs.o ABSOLUTE
    _printf_lli                              0x00000000   Number         0  stubs.o ABSOLUTE
    _printf_llo                              0x00000000   Number         0  stubs.o ABSOLUTE
    _printf_llu                              0x00000000   Number         0  stubs.o ABSOLUTE
    _printf_llx                              0x00000000   Number         0  stubs.o ABSOLUTE
    _printf_longlong_dec                     0x00000000   Number         0  stubs.o ABSOLUTE
    _printf_longlong_hex                     0x00000000   Number         0  stubs.o ABSOLUTE
    _printf_longlong_oct                     0x00000000   Number         0  stubs.o ABSOLUTE
    _printf_ls                               0x00000000   Number         0  stubs.o ABSOLUTE
    _printf_mbtowc                           0x00000000   Number         0  stubs.o ABSOLUTE
    _printf_n                                0x00000000   Number         0  stubs.o ABSOLUTE
    _printf_o                                0x00000000   Number         0  stubs.o ABSOLUTE
    _printf_p                                0x00000000   Number         0  stubs.o ABSOLUTE
    _printf_percent                          0x00000000   Number         0  stubs.o ABSOLUTE
    _printf_pre_padding                      0x00000000   Number         0  stubs.o ABSOLUTE
    _printf_return_value                     0x00000000   Number         0  stubs.o ABSOLUTE
    _printf_s                                0x00000000   Number         0  stubs.o ABSOLUTE
    _printf_sizespec                         0x00000000   Number         0  stubs.o ABSOLUTE
    _printf_str                              0x00000000   Number         0  stubs.o ABSOLUTE
    _printf_truncate_signed                  0x00000000   Number         0  stubs.o ABSOLUTE
    _printf_truncate_unsigned                0x00000000   Number         0  stubs.o ABSOLUTE
    _printf_u                                0x00000000   Number         0  stubs.o ABSOLUTE
    _printf_wc                               0x00000000   Number         0  stubs.o ABSOLUTE
    _printf_wctomb                           0x00000000   Number         0  stubs.o ABSOLUTE
    _printf_widthprec                        0x00000000   Number         0  stubs.o ABSOLUTE
    _printf_x                                0x00000000   Number         0  stubs.o ABSOLUTE
    __arm_fini_                               - Undefined Weak Reference
    __cpp_initialize__aeabi_                  - Undefined Weak Reference
    __cxa_finalize                            - Undefined Weak Reference
    __decompress                              - Undefined Weak Reference
    _clock_init                               - Undefined Weak Reference
    _microlib_exit                            - Undefined Weak Reference
    __Vectors_Size                           0x00000298   Number         0  startup_stm32h743xx.o ABSOLUTE
    __Vectors                                0x08000000   Data           4  startup_stm32h743xx.o(RESET)
    __Vectors_End                            0x08000298   Data           0  startup_stm32h743xx.o(RESET)
    __main                                   0x08000299   Thumb Code     0  entry.o(.ARM.Collect$$$$00000000)
    _main_stk                                0x08000299   Thumb Code     0  entry2.o(.ARM.Collect$$$$00000001)
    _main_scatterload                        0x0800029d   Thumb Code     0  entry5.o(.ARM.Collect$$$$00000004)
    __main_after_scatterload                 0x080002a1   Thumb Code     0  entry5.o(.ARM.Collect$$$$00000004)
    _main_clock                              0x080002a1   Thumb Code     0  entry7b.o(.ARM.Collect$$$$00000008)
    _main_cpp_init                           0x080002a1   Thumb Code     0  entry8b.o(.ARM.Collect$$$$0000000A)
    _main_init                               0x080002a1   Thumb Code     0  entry9a.o(.ARM.Collect$$$$0000000B)
    __rt_lib_shutdown_fini                   0x080002a9   Thumb Code     0  entry12b.o(.ARM.Collect$$$$0000000E)
    __rt_final_cpp                           0x080002ad   Thumb Code     0  entry10a.o(.ARM.Collect$$$$0000000F)
    __rt_final_exit                          0x080002ad   Thumb Code     0  entry11a.o(.ARM.Collect$$$$00000011)
    Reset_Handler                            0x080002b1   Thumb Code     8  startup_stm32h743xx.o(.text)
    ADC3_IRQHandler                          0x080002cb   Thumb Code     0  startup_stm32h743xx.o(.text)
    ADC_IRQHandler                           0x080002cb   Thumb Code     0  startup_stm32h743xx.o(.text)
    BDMA_Channel0_IRQHandler                 0x080002cb   Thumb Code     0  startup_stm32h743xx.o(.text)
    BDMA_Channel1_IRQHandler                 0x080002cb   Thumb Code     0  startup_stm32h743xx.o(.text)
    BDMA_Channel2_IRQHandler                 0x080002cb   Thumb Code     0  startup_stm32h743xx.o(.text)
    BDMA_Channel3_IRQHandler                 0x080002cb   Thumb Code     0  startup_stm32h743xx.o(.text)
    BDMA_Channel4_IRQHandler                 0x080002cb   Thumb Code     0  startup_stm32h743xx.o(.text)
    BDMA_Channel5_IRQHandler                 0x080002cb   Thumb Code     0  startup_stm32h743xx.o(.text)
    BDMA_Channel6_IRQHandler                 0x080002cb   Thumb Code     0  startup_stm32h743xx.o(.text)
    BDMA_Channel7_IRQHandler                 0x080002cb   Thumb Code     0  startup_stm32h743xx.o(.text)
    CEC_IRQHandler                           0x080002cb   Thumb Code     0  startup_stm32h743xx.o(.text)
    COMP1_IRQHandler                         0x080002cb   Thumb Code     0  startup_stm32h743xx.o(.text)
    CRS_IRQHandler                           0x080002cb   Thumb Code     0  startup_stm32h743xx.o(.text)
    DCMI_IRQHandler                          0x080002cb   Thumb Code     0  startup_stm32h743xx.o(.text)
    DFSDM1_FLT0_IRQHandler                   0x080002cb   Thumb Code     0  startup_stm32h743xx.o(.text)
    DFSDM1_FLT1_IRQHandler                   0x080002cb   Thumb Code     0  startup_stm32h743xx.o(.text)
    DFSDM1_FLT2_IRQHandler                   0x080002cb   Thumb Code     0  startup_stm32h743xx.o(.text)
    DFSDM1_FLT3_IRQHandler                   0x080002cb   Thumb Code     0  startup_stm32h743xx.o(.text)
    DMA1_Stream0_IRQHandler                  0x080002cb   Thumb Code     0  startup_stm32h743xx.o(.text)
    DMA1_Stream1_IRQHandler                  0x080002cb   Thumb Code     0  startup_stm32h743xx.o(.text)
    DMA1_Stream2_IRQHandler                  0x080002cb   Thumb Code     0  startup_stm32h743xx.o(.text)
    DMA1_Stream3_IRQHandler                  0x080002cb   Thumb Code     0  startup_stm32h743xx.o(.text)
    DMA1_Stream4_IRQHandler                  0x080002cb   Thumb Code     0  startup_stm32h743xx.o(.text)
    DMA1_Stream5_IRQHandler                  0x080002cb   Thumb Code     0  startup_stm32h743xx.o(.text)
    DMA1_Stream6_IRQHandler                  0x080002cb   Thumb Code     0  startup_stm32h743xx.o(.text)
    DMA1_Stream7_IRQHandler                  0x080002cb   Thumb Code     0  startup_stm32h743xx.o(.text)
    DMA2D_IRQHandler                         0x080002cb   Thumb Code     0  startup_stm32h743xx.o(.text)
    DMA2_Stream0_IRQHandler                  0x080002cb   Thumb Code     0  startup_stm32h743xx.o(.text)
    DMA2_Stream1_IRQHandler                  0x080002cb   Thumb Code     0  startup_stm32h743xx.o(.text)
    DMA2_Stream2_IRQHandler                  0x080002cb   Thumb Code     0  startup_stm32h743xx.o(.text)
    DMA2_Stream3_IRQHandler                  0x080002cb   Thumb Code     0  startup_stm32h743xx.o(.text)
    DMA2_Stream4_IRQHandler                  0x080002cb   Thumb Code     0  startup_stm32h743xx.o(.text)
    DMA2_Stream5_IRQHandler                  0x080002cb   Thumb Code     0  startup_stm32h743xx.o(.text)
    DMA2_Stream6_IRQHandler                  0x080002cb   Thumb Code     0  startup_stm32h743xx.o(.text)
    DMA2_Stream7_IRQHandler                  0x080002cb   Thumb Code     0  startup_stm32h743xx.o(.text)
    DMAMUX1_OVR_IRQHandler                   0x080002cb   Thumb Code     0  startup_stm32h743xx.o(.text)
    DMAMUX2_OVR_IRQHandler                   0x080002cb   Thumb Code     0  startup_stm32h743xx.o(.text)
    ECC_IRQHandler                           0x080002cb   Thumb Code     0  startup_stm32h743xx.o(.text)
    ETH_IRQHandler                           0x080002cb   Thumb Code     0  startup_stm32h743xx.o(.text)
    ETH_WKUP_IRQHandler                      0x080002cb   Thumb Code     0  startup_stm32h743xx.o(.text)
    EXTI0_IRQHandler                         0x080002cb   Thumb Code     0  startup_stm32h743xx.o(.text)
    EXTI15_10_IRQHandler                     0x080002cb   Thumb Code     0  startup_stm32h743xx.o(.text)
    EXTI1_IRQHandler                         0x080002cb   Thumb Code     0  startup_stm32h743xx.o(.text)
    EXTI2_IRQHandler                         0x080002cb   Thumb Code     0  startup_stm32h743xx.o(.text)
    EXTI3_IRQHandler                         0x080002cb   Thumb Code     0  startup_stm32h743xx.o(.text)
    EXTI4_IRQHandler                         0x080002cb   Thumb Code     0  startup_stm32h743xx.o(.text)
    EXTI9_5_IRQHandler                       0x080002cb   Thumb Code     0  startup_stm32h743xx.o(.text)
    FDCAN1_IT0_IRQHandler                    0x080002cb   Thumb Code     0  startup_stm32h743xx.o(.text)
    FDCAN1_IT1_IRQHandler                    0x080002cb   Thumb Code     0  startup_stm32h743xx.o(.text)
    FDCAN2_IT0_IRQHandler                    0x080002cb   Thumb Code     0  startup_stm32h743xx.o(.text)
    FDCAN2_IT1_IRQHandler                    0x080002cb   Thumb Code     0  startup_stm32h743xx.o(.text)
    FDCAN_CAL_IRQHandler                     0x080002cb   Thumb Code     0  startup_stm32h743xx.o(.text)
    FLASH_IRQHandler                         0x080002cb   Thumb Code     0  startup_stm32h743xx.o(.text)
    FMC_IRQHandler                           0x080002cb   Thumb Code     0  startup_stm32h743xx.o(.text)
    FPU_IRQHandler                           0x080002cb   Thumb Code     0  startup_stm32h743xx.o(.text)
    HRTIM1_FLT_IRQHandler                    0x080002cb   Thumb Code     0  startup_stm32h743xx.o(.text)
    HRTIM1_Master_IRQHandler                 0x080002cb   Thumb Code     0  startup_stm32h743xx.o(.text)
    HRTIM1_TIMA_IRQHandler                   0x080002cb   Thumb Code     0  startup_stm32h743xx.o(.text)
    HRTIM1_TIMB_IRQHandler                   0x080002cb   Thumb Code     0  startup_stm32h743xx.o(.text)
    HRTIM1_TIMC_IRQHandler                   0x080002cb   Thumb Code     0  startup_stm32h743xx.o(.text)
    HRTIM1_TIMD_IRQHandler                   0x080002cb   Thumb Code     0  startup_stm32h743xx.o(.text)
    HRTIM1_TIME_IRQHandler                   0x080002cb   Thumb Code     0  startup_stm32h743xx.o(.text)
    HSEM1_IRQHandler                         0x080002cb   Thumb Code     0  startup_stm32h743xx.o(.text)
    I2C1_ER_IRQHandler                       0x080002cb   Thumb Code     0  startup_stm32h743xx.o(.text)
    I2C1_EV_IRQHandler                       0x080002cb   Thumb Code     0  startup_stm32h743xx.o(.text)
    I2C2_ER_IRQHandler                       0x080002cb   Thumb Code     0  startup_stm32h743xx.o(.text)
    I2C2_EV_IRQHandler                       0x080002cb   Thumb Code     0  startup_stm32h743xx.o(.text)
    I2C3_ER_IRQHandler                       0x080002cb   Thumb Code     0  startup_stm32h743xx.o(.text)
    I2C3_EV_IRQHandler                       0x080002cb   Thumb Code     0  startup_stm32h743xx.o(.text)
    I2C4_ER_IRQHandler                       0x080002cb   Thumb Code     0  startup_stm32h743xx.o(.text)
    I2C4_EV_IRQHandler                       0x080002cb   Thumb Code     0  startup_stm32h743xx.o(.text)
    JPEG_IRQHandler                          0x080002cb   Thumb Code     0  startup_stm32h743xx.o(.text)
    LPTIM1_IRQHandler                        0x080002cb   Thumb Code     0  startup_stm32h743xx.o(.text)
    LPTIM2_IRQHandler                        0x080002cb   Thumb Code     0  startup_stm32h743xx.o(.text)
    LPTIM3_IRQHandler                        0x080002cb   Thumb Code     0  startup_stm32h743xx.o(.text)
    LPTIM4_IRQHandler                        0x080002cb   Thumb Code     0  startup_stm32h743xx.o(.text)
    LPTIM5_IRQHandler                        0x080002cb   Thumb Code     0  startup_stm32h743xx.o(.text)
    LPUART1_IRQHandler                       0x080002cb   Thumb Code     0  startup_stm32h743xx.o(.text)
    LTDC_ER_IRQHandler                       0x080002cb   Thumb Code     0  startup_stm32h743xx.o(.text)
    LTDC_IRQHandler                          0x080002cb   Thumb Code     0  startup_stm32h743xx.o(.text)
    MDIOS_IRQHandler                         0x080002cb   Thumb Code     0  startup_stm32h743xx.o(.text)
    MDIOS_WKUP_IRQHandler                    0x080002cb   Thumb Code     0  startup_stm32h743xx.o(.text)
    MDMA_IRQHandler                          0x080002cb   Thumb Code     0  startup_stm32h743xx.o(.text)
    OTG_FS_EP1_IN_IRQHandler                 0x080002cb   Thumb Code     0  startup_stm32h743xx.o(.text)
    OTG_FS_EP1_OUT_IRQHandler                0x080002cb   Thumb Code     0  startup_stm32h743xx.o(.text)
    OTG_FS_IRQHandler                        0x080002cb   Thumb Code     0  startup_stm32h743xx.o(.text)
    OTG_FS_WKUP_IRQHandler                   0x080002cb   Thumb Code     0  startup_stm32h743xx.o(.text)
    OTG_HS_EP1_IN_IRQHandler                 0x080002cb   Thumb Code     0  startup_stm32h743xx.o(.text)
    OTG_HS_EP1_OUT_IRQHandler                0x080002cb   Thumb Code     0  startup_stm32h743xx.o(.text)
    OTG_HS_IRQHandler                        0x080002cb   Thumb Code     0  startup_stm32h743xx.o(.text)
    OTG_HS_WKUP_IRQHandler                   0x080002cb   Thumb Code     0  startup_stm32h743xx.o(.text)
    PVD_AVD_IRQHandler                       0x080002cb   Thumb Code     0  startup_stm32h743xx.o(.text)
    QUADSPI_IRQHandler                       0x080002cb   Thumb Code     0  startup_stm32h743xx.o(.text)
    RCC_IRQHandler                           0x080002cb   Thumb Code     0  startup_stm32h743xx.o(.text)
    RNG_IRQHandler                           0x080002cb   Thumb Code     0  startup_stm32h743xx.o(.text)
    RTC_Alarm_IRQHandler                     0x080002cb   Thumb Code     0  startup_stm32h743xx.o(.text)
    RTC_WKUP_IRQHandler                      0x080002cb   Thumb Code     0  startup_stm32h743xx.o(.text)
    SAI1_IRQHandler                          0x080002cb   Thumb Code     0  startup_stm32h743xx.o(.text)
    SAI2_IRQHandler                          0x080002cb   Thumb Code     0  startup_stm32h743xx.o(.text)
    SAI3_IRQHandler                          0x080002cb   Thumb Code     0  startup_stm32h743xx.o(.text)
    SAI4_IRQHandler                          0x080002cb   Thumb Code     0  startup_stm32h743xx.o(.text)
    SDMMC1_IRQHandler                        0x080002cb   Thumb Code     0  startup_stm32h743xx.o(.text)
    SDMMC2_IRQHandler                        0x080002cb   Thumb Code     0  startup_stm32h743xx.o(.text)
    SPDIF_RX_IRQHandler                      0x080002cb   Thumb Code     0  startup_stm32h743xx.o(.text)
    SPI1_IRQHandler                          0x080002cb   Thumb Code     0  startup_stm32h743xx.o(.text)
    SPI2_IRQHandler                          0x080002cb   Thumb Code     0  startup_stm32h743xx.o(.text)
    SPI3_IRQHandler                          0x080002cb   Thumb Code     0  startup_stm32h743xx.o(.text)
    SPI4_IRQHandler                          0x080002cb   Thumb Code     0  startup_stm32h743xx.o(.text)
    SPI5_IRQHandler                          0x080002cb   Thumb Code     0  startup_stm32h743xx.o(.text)
    SPI6_IRQHandler                          0x080002cb   Thumb Code     0  startup_stm32h743xx.o(.text)
    SWPMI1_IRQHandler                        0x080002cb   Thumb Code     0  startup_stm32h743xx.o(.text)
    TAMP_STAMP_IRQHandler                    0x080002cb   Thumb Code     0  startup_stm32h743xx.o(.text)
    TIM15_IRQHandler                         0x080002cb   Thumb Code     0  startup_stm32h743xx.o(.text)
    TIM16_IRQHandler                         0x080002cb   Thumb Code     0  startup_stm32h743xx.o(.text)
    TIM17_IRQHandler                         0x080002cb   Thumb Code     0  startup_stm32h743xx.o(.text)
    TIM1_BRK_IRQHandler                      0x080002cb   Thumb Code     0  startup_stm32h743xx.o(.text)
    TIM1_CC_IRQHandler                       0x080002cb   Thumb Code     0  startup_stm32h743xx.o(.text)
    TIM1_TRG_COM_IRQHandler                  0x080002cb   Thumb Code     0  startup_stm32h743xx.o(.text)
    TIM1_UP_IRQHandler                       0x080002cb   Thumb Code     0  startup_stm32h743xx.o(.text)
    TIM2_IRQHandler                          0x080002cb   Thumb Code     0  startup_stm32h743xx.o(.text)
    TIM3_IRQHandler                          0x080002cb   Thumb Code     0  startup_stm32h743xx.o(.text)
    TIM4_IRQHandler                          0x080002cb   Thumb Code     0  startup_stm32h743xx.o(.text)
    TIM5_IRQHandler                          0x080002cb   Thumb Code     0  startup_stm32h743xx.o(.text)
    TIM6_DAC_IRQHandler                      0x080002cb   Thumb Code     0  startup_stm32h743xx.o(.text)
    TIM7_IRQHandler                          0x080002cb   Thumb Code     0  startup_stm32h743xx.o(.text)
    TIM8_BRK_TIM12_IRQHandler                0x080002cb   Thumb Code     0  startup_stm32h743xx.o(.text)
    TIM8_CC_IRQHandler                       0x080002cb   Thumb Code     0  startup_stm32h743xx.o(.text)
    TIM8_TRG_COM_TIM14_IRQHandler            0x080002cb   Thumb Code     0  startup_stm32h743xx.o(.text)
    TIM8_UP_TIM13_IRQHandler                 0x080002cb   Thumb Code     0  startup_stm32h743xx.o(.text)
    UART4_IRQHandler                         0x080002cb   Thumb Code     0  startup_stm32h743xx.o(.text)
    UART5_IRQHandler                         0x080002cb   Thumb Code     0  startup_stm32h743xx.o(.text)
    UART7_IRQHandler                         0x080002cb   Thumb Code     0  startup_stm32h743xx.o(.text)
    UART8_IRQHandler                         0x080002cb   Thumb Code     0  startup_stm32h743xx.o(.text)
    USART1_IRQHandler                        0x080002cb   Thumb Code     0  startup_stm32h743xx.o(.text)
    USART2_IRQHandler                        0x080002cb   Thumb Code     0  startup_stm32h743xx.o(.text)
    USART3_IRQHandler                        0x080002cb   Thumb Code     0  startup_stm32h743xx.o(.text)
    USART6_IRQHandler                        0x080002cb   Thumb Code     0  startup_stm32h743xx.o(.text)
    WAKEUP_PIN_IRQHandler                    0x080002cb   Thumb Code     0  startup_stm32h743xx.o(.text)
    WWDG_IRQHandler                          0x080002cb   Thumb Code     0  startup_stm32h743xx.o(.text)
    __aeabi_memcpy                           0x080002d5   Thumb Code    36  memcpya.o(.text)
    __aeabi_memcpy4                          0x080002d5   Thumb Code     0  memcpya.o(.text)
    __aeabi_memcpy8                          0x080002d5   Thumb Code     0  memcpya.o(.text)
    __aeabi_memset                           0x080002f9   Thumb Code    14  memseta.o(.text)
    __aeabi_memset4                          0x080002f9   Thumb Code     0  memseta.o(.text)
    __aeabi_memset8                          0x080002f9   Thumb Code     0  memseta.o(.text)
    __aeabi_memclr                           0x08000307   Thumb Code     4  memseta.o(.text)
    __aeabi_memclr4                          0x08000307   Thumb Code     0  memseta.o(.text)
    __aeabi_memclr8                          0x08000307   Thumb Code     0  memseta.o(.text)
    _memset$wrapper                          0x0800030b   Thumb Code    18  memseta.o(.text)
    strcat                                   0x0800031d   Thumb Code    24  strcat.o(.text)
    strncpy                                  0x08000335   Thumb Code    24  strncpy.o(.text)
    strlen                                   0x0800034d   Thumb Code    14  strlen.o(.text)
    strcpy                                   0x0800035b   Thumb Code    18  strcpy.o(.text)
    __aeabi_uidiv                            0x0800036d   Thumb Code     0  uidiv.o(.text)
    __aeabi_uidivmod                         0x0800036d   Thumb Code    44  uidiv.o(.text)
    __aeabi_uldivmod                         0x08000399   Thumb Code    98  uldiv.o(.text)
    __I$use$fp                               0x080003fb   Thumb Code     0  iusefp.o(.text)
    __aeabi_dadd                             0x080003fb   Thumb Code   322  dadd.o(.text)
    __aeabi_dsub                             0x0800053d   Thumb Code     6  dadd.o(.text)
    __aeabi_drsub                            0x08000543   Thumb Code     6  dadd.o(.text)
    __aeabi_dmul                             0x08000549   Thumb Code   228  dmul.o(.text)
    __aeabi_ddiv                             0x0800062d   Thumb Code   222  ddiv.o(.text)
    __aeabi_d2ulz                            0x0800070b   Thumb Code    48  dfixul.o(.text)
    __aeabi_cdrcmple                         0x0800073d   Thumb Code    48  cdrcmple.o(.text)
    __scatterload                            0x0800076d   Thumb Code    28  init.o(.text)
    __scatterload_rt2                        0x0800076d   Thumb Code     0  init.o(.text)
    __aeabi_llsl                             0x08000791   Thumb Code    30  llshl.o(.text)
    _ll_shift_l                              0x08000791   Thumb Code     0  llshl.o(.text)
    __aeabi_llsr                             0x080007af   Thumb Code    32  llushr.o(.text)
    _ll_ushift_r                             0x080007af   Thumb Code     0  llushr.o(.text)
    __aeabi_lasr                             0x080007cf   Thumb Code    36  llsshr.o(.text)
    _ll_sshift_r                             0x080007cf   Thumb Code     0  llsshr.o(.text)
    _double_round                            0x080007f3   Thumb Code    30  depilogue.o(.text)
    _double_epilogue                         0x08000811   Thumb Code   156  depilogue.o(.text)
    BusFault_Handler                         0x080008ad   Thumb Code     4  stm32h7xx_it.o(i.BusFault_Handler)
    DebugMon_Handler                         0x080008b1   Thumb Code     2  stm32h7xx_it.o(i.DebugMon_Handler)
    Error_Handler                            0x080008b3   Thumb Code     6  main.o(i.Error_Handler)
    FMC_SDRAM_Init                           0x080008b9   Thumb Code   108  stm32h7xx_ll_fmc.o(i.FMC_SDRAM_Init)
    FMC_SDRAM_ProgramRefreshRate             0x08000925   Thumb Code    20  stm32h7xx_ll_fmc.o(i.FMC_SDRAM_ProgramRefreshRate)
    FMC_SDRAM_SendCommand                    0x08000939   Thumb Code    38  stm32h7xx_ll_fmc.o(i.FMC_SDRAM_SendCommand)
    FMC_SDRAM_Timing_Init                    0x08000961   Thumb Code   144  stm32h7xx_ll_fmc.o(i.FMC_SDRAM_Timing_Init)
    HAL_Delay                                0x080009f5   Thumb Code    36  stm32h7xx_hal.o(i.HAL_Delay)
    HAL_GPIO_Init                            0x08000bb9   Thumb Code   456  stm32h7xx_hal_gpio.o(i.HAL_GPIO_Init)
    HAL_GPIO_TogglePin                       0x08000db5   Thumb Code    20  stm32h7xx_hal_gpio.o(i.HAL_GPIO_TogglePin)
    HAL_GPIO_WritePin                        0x08000dc9   Thumb Code    12  stm32h7xx_hal_gpio.o(i.HAL_GPIO_WritePin)
    HAL_GetREVID                             0x08000dd5   Thumb Code     8  stm32h7xx_hal.o(i.HAL_GetREVID)
    HAL_GetTick                              0x08000de1   Thumb Code     6  stm32h7xx_hal.o(i.HAL_GetTick)
    HAL_IncTick                              0x08000ded   Thumb Code    16  stm32h7xx_hal.o(i.HAL_IncTick)
    HAL_Init                                 0x08000e05   Thumb Code    80  stm32h7xx_hal.o(i.HAL_Init)
    HAL_InitTick                             0x08000e65   Thumb Code    74  stm32h7xx_hal.o(i.HAL_InitTick)
    HAL_MPU_ConfigRegion                     0x08000ebd   Thumb Code    86  stm32h7xx_hal_cortex.o(i.HAL_MPU_ConfigRegion)
    HAL_MPU_Disable                          0x08000f19   Thumb Code    38  stm32h7xx_hal_cortex.o(i.HAL_MPU_Disable)
    HAL_MPU_Enable                           0x08000f45   Thumb Code    58  stm32h7xx_hal_cortex.o(i.HAL_MPU_Enable)
    HAL_MspInit                              0x08000f85   Thumb Code    32  stm32h7xx_hal_msp.o(i.HAL_MspInit)
    HAL_NVIC_SetPriority                     0x08000fa9   Thumb Code   122  stm32h7xx_hal_cortex.o(i.HAL_NVIC_SetPriority)
    HAL_NVIC_SetPriorityGrouping             0x08001025   Thumb Code    32  stm32h7xx_hal_cortex.o(i.HAL_NVIC_SetPriorityGrouping)
    HAL_PWREx_ConfigSupply                   0x0800104d   Thumb Code    90  stm32h7xx_hal_pwr_ex.o(i.HAL_PWREx_ConfigSupply)
    HAL_RCCEx_PeriphCLKConfig                0x080010ad   Thumb Code  3432  stm32h7xx_hal_rcc_ex.o(i.HAL_RCCEx_PeriphCLKConfig)
    HAL_RCC_ClockConfig                      0x08001e15   Thumb Code   774  stm32h7xx_hal_rcc.o(i.HAL_RCC_ClockConfig)
    HAL_RCC_GetSysClockFreq                  0x08002135   Thumb Code   524  stm32h7xx_hal_rcc.o(i.HAL_RCC_GetSysClockFreq)
    HAL_RCC_OscConfig                        0x08002361   Thumb Code  2130  stm32h7xx_hal_rcc.o(i.HAL_RCC_OscConfig)
    HAL_SDRAM_Init                           0x08002bb9   Thumb Code    76  stm32h7xx_hal_sdram.o(i.HAL_SDRAM_Init)
    HAL_SDRAM_MspInit                        0x08002c09   Thumb Code    10  sdram.o(i.HAL_SDRAM_MspInit)
    HAL_SDRAM_ProgramRefreshRate             0x08002c13   Thumb Code    54  stm32h7xx_hal_sdram.o(i.HAL_SDRAM_ProgramRefreshRate)
    HAL_SDRAM_SendCommand                    0x08002c49   Thumb Code    78  stm32h7xx_hal_sdram.o(i.HAL_SDRAM_SendCommand)
    HAL_SPI_Init                             0x08002c99   Thumb Code   420  stm32h7xx_hal_spi.o(i.HAL_SPI_Init)
    HAL_SPI_MspInit                          0x08002e49   Thumb Code   294  lcd_spi_200.o(i.HAL_SPI_MspInit)
    HAL_SPI_Transmit                         0x08002f85   Thumb Code   692  stm32h7xx_hal_spi.o(i.HAL_SPI_Transmit)
    HAL_SYSTICK_Config                       0x08003239   Thumb Code    52  stm32h7xx_hal_cortex.o(i.HAL_SYSTICK_Config)
    HardFault_Handler                        0x0800326d   Thumb Code     4  stm32h7xx_it.o(i.HardFault_Handler)
    LCD_Clear                                0x08003271   Thumb Code    82  lcd_spi_200.o(i.LCD_Clear)
    LCD_DisplayChar                          0x080032d1   Thumb Code   202  lcd_spi_200.o(i.LCD_DisplayChar)
    LCD_DisplayString                        0x080033a9   Thumb Code    48  lcd_spi_200.o(i.LCD_DisplayString)
    LCD_DrawLine                             0x080033e1   Thumb Code   294  lcd_spi_200.o(i.LCD_DrawLine)
    LCD_DrawPoint                            0x0800350d   Thumb Code    28  lcd_spi_200.o(i.LCD_DrawPoint)
    LCD_SPI_CloseTransfer                    0x08003529   Thumb Code   214  lcd_spi_200.o(i.LCD_SPI_CloseTransfer)
    LCD_SPI_Transmit                         0x080035ff   Thumb Code   412  lcd_spi_200.o(i.LCD_SPI_Transmit)
    LCD_SPI_WaitOnFlagUntilTimeout           0x0800379b   Thumb Code    64  lcd_spi_200.o(i.LCD_SPI_WaitOnFlagUntilTimeout)
    LCD_SetAddress                           0x080037dd   Thumb Code    82  lcd_spi_200.o(i.LCD_SetAddress)
    LCD_SetAsciiFont                         0x08003835   Thumb Code     6  lcd_spi_200.o(i.LCD_SetAsciiFont)
    LCD_SetBackColor                         0x08003841   Thumb Code    36  lcd_spi_200.o(i.LCD_SetBackColor)
    LCD_SetColor                             0x08003869   Thumb Code    36  lcd_spi_200.o(i.LCD_SetColor)
    LCD_SetDirection                         0x08003891   Thumb Code   150  lcd_spi_200.o(i.LCD_SetDirection)
    LCD_ShowNumMode                          0x0800392d   Thumb Code     6  lcd_spi_200.o(i.LCD_ShowNumMode)
    LCD_WriteBuff                            0x08003939   Thumb Code    52  lcd_spi_200.o(i.LCD_WriteBuff)
    LCD_WriteCommand                         0x08003975   Thumb Code    30  lcd_spi_200.o(i.LCD_WriteCommand)
    LCD_WriteData_16bit                      0x0800399d   Thumb Code    42  lcd_spi_200.o(i.LCD_WriteData_16bit)
    LCD_WriteData_8bit                       0x080039d1   Thumb Code    28  lcd_spi_200.o(i.LCD_WriteData_8bit)
    LED_Init                                 0x080039f5   Thumb Code    80  led.o(i.LED_Init)
    MPU_Config_Nobug                         0x08003a4d   Thumb Code    82  main.o(i.MPU_Config_Nobug)
    MX_FMC_Init                              0x08003aa1   Thumb Code   110  sdram.o(i.MX_FMC_Init)
    MX_GPIO_Init                             0x08003b1d   Thumb Code    84  gpio.o(i.MX_GPIO_Init)
    MX_SPI5_Init                             0x08003b75   Thumb Code    86  lcd_spi_200.o(i.MX_SPI5_Init)
    MemManage_Handler                        0x08003bd5   Thumb Code     4  stm32h7xx_it.o(i.MemManage_Handler)
    NMI_Handler                              0x08003bd9   Thumb Code     4  stm32h7xx_it.o(i.NMI_Handler)
    PendSV_Handler                           0x08003bdd   Thumb Code     2  stm32h7xx_it.o(i.PendSV_Handler)
    SDRAM_Initialization_Sequence            0x08003ea9   Thumb Code   146  sdram.o(i.SDRAM_Initialization_Sequence)
    SDRAM_Test                               0x08003f3d   Thumb Code   418  sdram.o(i.SDRAM_Test)
    SPI_LCD_Init                             0x08004285   Thumb Code   426  lcd_spi_200.o(i.SPI_LCD_Init)
    SPI_PrintWithPrefix                      0x08004439   Thumb Code   182  gui.o(i.SPI_PrintWithPrefix)
    SVC_Handler                              0x08004537   Thumb Code     2  stm32h7xx_it.o(i.SVC_Handler)
    SysTick_Handler                          0x08004539   Thumb Code     8  stm32h7xx_it.o(i.SysTick_Handler)
    SystemClock_Config_Nobug                 0x08004541   Thumb Code   334  main.o(i.SystemClock_Config_Nobug)
    SystemInit                               0x080046a1   Thumb Code   212  system_stm32h7xx.o(i.SystemInit)
    UsageFault_Handler                       0x0800479d   Thumb Code     4  stm32h7xx_it.o(i.UsageFault_Handler)
    __0sprintf                               0x080047a1   Thumb Code    34  printfa.o(i.__0sprintf)
    __1sprintf                               0x080047a1   Thumb Code     0  printfa.o(i.__0sprintf)
    __2sprintf                               0x080047a1   Thumb Code     0  printfa.o(i.__0sprintf)
    __c89sprintf                             0x080047a1   Thumb Code     0  printfa.o(i.__0sprintf)
    sprintf                                  0x080047a1   Thumb Code     0  printfa.o(i.__0sprintf)
    __scatterload_copy                       0x08004801   Thumb Code    14  handlers.o(i.__scatterload_copy)
    __scatterload_null                       0x0800480f   Thumb Code     2  handlers.o(i.__scatterload_null)
    __scatterload_zeroinit                   0x08004811   Thumb Code    14  handlers.o(i.__scatterload_zeroinit)
    free                                     0x080050b5   Thumb Code    76  malloc.o(i.free)
    main                                     0x08005105   Thumb Code   412  main.o(i.main)
    malloc                                   0x08005309   Thumb Code    92  malloc.o(i.malloc)
    syslog                                   0x08005511   Thumb Code    18  gui.o(i.syslog)
    D1CorePrescTable                         0x08005528   Data          16  system_stm32h7xx.o(.constdata)
    Chinese_1212                             0x08005538   Data         480  lcd_fonts.o(.constdata)
    Chinese_1616                             0x08005718   Data         640  lcd_fonts.o(.constdata)
    Chinese_2020                             0x08005998   Data        1200  lcd_fonts.o(.constdata)
    Chinese_2424                             0x08005e48   Data        4680  lcd_fonts.o(.constdata)
    Chinese_3232                             0x08007090   Data        2560  lcd_fonts.o(.constdata)
    ASCII_3216_Table                         0x08007a90   Data        6080  lcd_fonts.o(.constdata)
    ASCII_2412_Table                         0x08009250   Data        4560  lcd_fonts.o(.constdata)
    ASCII_2010_Table                         0x0800a420   Data        3800  lcd_fonts.o(.constdata)
    ASCII_1608_Table                         0x0800b2f8   Data        1520  lcd_fonts.o(.constdata)
    ASCII_1206_Table                         0x0800b8e8   Data        1140  lcd_fonts.o(.constdata)
    Region$$Table$$Base                      0x0800bd5c   Number         0  anon$$obj.o(Region$$Table)
    Region$$Table$$Limit                     0x0800bd7c   Number         0  anon$$obj.o(Region$$Table)
    uwTick                                   0x24000000   Data           4  stm32h7xx_hal.o(.data)
    uwTickPrio                               0x24000004   Data           4  stm32h7xx_hal.o(.data)
    uwTickFreq                               0x24000008   Data           1  stm32h7xx_hal.o(.data)
    SystemCoreClock                          0x2400000c   Data           4  system_stm32h7xx.o(.data)
    SystemD2Clock                            0x24000010   Data           4  system_stm32h7xx.o(.data)
    CH_Font12                                0x24000014   Data          12  lcd_fonts.o(.data)
    CH_Font16                                0x24000020   Data          12  lcd_fonts.o(.data)
    CH_Font20                                0x2400002c   Data          12  lcd_fonts.o(.data)
    CH_Font24                                0x24000038   Data          12  lcd_fonts.o(.data)
    CH_Font32                                0x24000044   Data          12  lcd_fonts.o(.data)
    ASCII_Font32                             0x24000050   Data          12  lcd_fonts.o(.data)
    ASCII_Font24                             0x2400005c   Data          12  lcd_fonts.o(.data)
    ASCII_Font20                             0x24000068   Data          12  lcd_fonts.o(.data)
    ASCII_Font16                             0x24000074   Data          12  lcd_fonts.o(.data)
    ASCII_Font12                             0x24000080   Data          12  lcd_fonts.o(.data)
    __microlib_freelist                      0x240000ac   Data           4  mvars.o(.data)
    __microlib_freelist_initialised          0x240000b0   Data           4  mvars.o(.data)
    hspi5                                    0x240000b4   Data         136  lcd_spi_200.o(.bss)
    LCD_Buff                                 0x2400013c   Data        2048  lcd_spi_200.o(.bss)
    LCD                                      0x2400093c   Data          16  lcd_spi_200.o(.bss)
    hsdram1                                  0x24000a34   Data          52  sdram.o(.bss)
    command                                  0x24000a68   Data          16  sdram.o(.bss)
    __heap_base                              0x24000a78   Data           0  startup_stm32h743xx.o(HEAP)
    __heap_limit                             0x24000c78   Data           0  startup_stm32h743xx.o(HEAP)
    __initial_sp                             0x24001078   Data           0  startup_stm32h743xx.o(STACK)



==============================================================================

Memory Map of the image

  Image Entry point : 0x08000299

  Load Region LR_IROM1 (Base: 0x08000000, Size: 0x0000be30, Max: 0x00200000, ABSOLUTE)

    Execution Region ER_IROM1 (Exec base: 0x08000000, Load base: 0x08000000, Size: 0x0000bd7c, Max: 0x00200000, ABSOLUTE)

    Exec Addr    Load Addr    Size         Type   Attr      Idx    E Section Name        Object

    0x08000000   0x08000000   0x00000298   Data   RO            3    RESET               startup_stm32h743xx.o
    0x08000298   0x08000298   0x00000000   Code   RO         4036  * .ARM.Collect$$$$00000000  mc_w.l(entry.o)
    0x08000298   0x08000298   0x00000004   Code   RO         4342    .ARM.Collect$$$$00000001  mc_w.l(entry2.o)
    0x0800029c   0x0800029c   0x00000004   Code   RO         4345    .ARM.Collect$$$$00000004  mc_w.l(entry5.o)
    0x080002a0   0x080002a0   0x00000000   Code   RO         4347    .ARM.Collect$$$$00000008  mc_w.l(entry7b.o)
    0x080002a0   0x080002a0   0x00000000   Code   RO         4349    .ARM.Collect$$$$0000000A  mc_w.l(entry8b.o)
    0x080002a0   0x080002a0   0x00000008   Code   RO         4350    .ARM.Collect$$$$0000000B  mc_w.l(entry9a.o)
    0x080002a8   0x080002a8   0x00000004   Code   RO         4357    .ARM.Collect$$$$0000000E  mc_w.l(entry12b.o)
    0x080002ac   0x080002ac   0x00000000   Code   RO         4352    .ARM.Collect$$$$0000000F  mc_w.l(entry10a.o)
    0x080002ac   0x080002ac   0x00000000   Code   RO         4354    .ARM.Collect$$$$00000011  mc_w.l(entry11a.o)
    0x080002ac   0x080002ac   0x00000004   Code   RO         4343    .ARM.Collect$$$$00002712  mc_w.l(entry2.o)
    0x080002b0   0x080002b0   0x00000024   Code   RO            4    .text               startup_stm32h743xx.o
    0x080002d4   0x080002d4   0x00000024   Code   RO         4039    .text               mc_w.l(memcpya.o)
    0x080002f8   0x080002f8   0x00000024   Code   RO         4041    .text               mc_w.l(memseta.o)
    0x0800031c   0x0800031c   0x00000018   Code   RO         4043    .text               mc_w.l(strcat.o)
    0x08000334   0x08000334   0x00000018   Code   RO         4045    .text               mc_w.l(strncpy.o)
    0x0800034c   0x0800034c   0x0000000e   Code   RO         4047    .text               mc_w.l(strlen.o)
    0x0800035a   0x0800035a   0x00000012   Code   RO         4049    .text               mc_w.l(strcpy.o)
    0x0800036c   0x0800036c   0x0000002c   Code   RO         4361    .text               mc_w.l(uidiv.o)
    0x08000398   0x08000398   0x00000062   Code   RO         4363    .text               mc_w.l(uldiv.o)
    0x080003fa   0x080003fa   0x00000000   Code   RO         4367    .text               mc_w.l(iusefp.o)
    0x080003fa   0x080003fa   0x0000014e   Code   RO         4368    .text               mf_w.l(dadd.o)
    0x08000548   0x08000548   0x000000e4   Code   RO         4370    .text               mf_w.l(dmul.o)
    0x0800062c   0x0800062c   0x000000de   Code   RO         4372    .text               mf_w.l(ddiv.o)
    0x0800070a   0x0800070a   0x00000030   Code   RO         4374    .text               mf_w.l(dfixul.o)
    0x0800073a   0x0800073a   0x00000002   PAD
    0x0800073c   0x0800073c   0x00000030   Code   RO         4376    .text               mf_w.l(cdrcmple.o)
    0x0800076c   0x0800076c   0x00000024   Code   RO         4378    .text               mc_w.l(init.o)
    0x08000790   0x08000790   0x0000001e   Code   RO         4381    .text               mc_w.l(llshl.o)
    0x080007ae   0x080007ae   0x00000020   Code   RO         4383    .text               mc_w.l(llushr.o)
    0x080007ce   0x080007ce   0x00000024   Code   RO         4385    .text               mc_w.l(llsshr.o)
    0x080007f2   0x080007f2   0x000000ba   Code   RO         4388    .text               mf_w.l(depilogue.o)
    0x080008ac   0x080008ac   0x00000004   Code   RO          257    i.BusFault_Handler  stm32h7xx_it.o
    0x080008b0   0x080008b0   0x00000002   Code   RO          258    i.DebugMon_Handler  stm32h7xx_it.o
    0x080008b2   0x080008b2   0x00000006   Code   RO           13    i.Error_Handler     main.o
    0x080008b8   0x080008b8   0x0000006c   Code   RO         3407    i.FMC_SDRAM_Init    stm32h7xx_ll_fmc.o
    0x08000924   0x08000924   0x00000014   Code   RO         3408    i.FMC_SDRAM_ProgramRefreshRate  stm32h7xx_ll_fmc.o
    0x08000938   0x08000938   0x00000026   Code   RO         3409    i.FMC_SDRAM_SendCommand  stm32h7xx_ll_fmc.o
    0x0800095e   0x0800095e   0x00000002   PAD
    0x08000960   0x08000960   0x00000094   Code   RO         3411    i.FMC_SDRAM_Timing_Init  stm32h7xx_ll_fmc.o
    0x080009f4   0x080009f4   0x00000028   Code   RO         2282    i.HAL_Delay         stm32h7xx_hal.o
    0x08000a1c   0x08000a1c   0x0000019c   Code   RO         3982    i.HAL_FMC_MspInit   sdram.o
    0x08000bb8   0x08000bb8   0x000001fc   Code   RO         1421    i.HAL_GPIO_Init     stm32h7xx_hal_gpio.o
    0x08000db4   0x08000db4   0x00000014   Code   RO         1424    i.HAL_GPIO_TogglePin  stm32h7xx_hal_gpio.o
    0x08000dc8   0x08000dc8   0x0000000c   Code   RO         1425    i.HAL_GPIO_WritePin  stm32h7xx_hal_gpio.o
    0x08000dd4   0x08000dd4   0x0000000c   Code   RO         2293    i.HAL_GetREVID      stm32h7xx_hal.o
    0x08000de0   0x08000de0   0x0000000c   Code   RO         2294    i.HAL_GetTick       stm32h7xx_hal.o
    0x08000dec   0x08000dec   0x00000018   Code   RO         2300    i.HAL_IncTick       stm32h7xx_hal.o
    0x08000e04   0x08000e04   0x00000060   Code   RO         2301    i.HAL_Init          stm32h7xx_hal.o
    0x08000e64   0x08000e64   0x00000058   Code   RO         2302    i.HAL_InitTick      stm32h7xx_hal.o
    0x08000ebc   0x08000ebc   0x0000005c   Code   RO          699    i.HAL_MPU_ConfigRegion  stm32h7xx_hal_cortex.o
    0x08000f18   0x08000f18   0x0000002c   Code   RO          700    i.HAL_MPU_Disable   stm32h7xx_hal_cortex.o
    0x08000f44   0x08000f44   0x00000040   Code   RO          702    i.HAL_MPU_Enable    stm32h7xx_hal_cortex.o
    0x08000f84   0x08000f84   0x00000024   Code   RO          336    i.HAL_MspInit       stm32h7xx_hal_msp.o
    0x08000fa8   0x08000fa8   0x0000007a   Code   RO          712    i.HAL_NVIC_SetPriority  stm32h7xx_hal_cortex.o
    0x08001022   0x08001022   0x00000002   PAD
    0x08001024   0x08001024   0x00000028   Code   RO          713    i.HAL_NVIC_SetPriorityGrouping  stm32h7xx_hal_cortex.o
    0x0800104c   0x0800104c   0x00000060   Code   RO         2022    i.HAL_PWREx_ConfigSupply  stm32h7xx_hal_pwr_ex.o
    0x080010ac   0x080010ac   0x00000d68   Code   RO          981    i.HAL_RCCEx_PeriphCLKConfig  stm32h7xx_hal_rcc_ex.o
    0x08001e14   0x08001e14   0x00000320   Code   RO          857    i.HAL_RCC_ClockConfig  stm32h7xx_hal_rcc.o
    0x08002134   0x08002134   0x0000022c   Code   RO          866    i.HAL_RCC_GetSysClockFreq  stm32h7xx_hal_rcc.o
    0x08002360   0x08002360   0x00000858   Code   RO          869    i.HAL_RCC_OscConfig  stm32h7xx_hal_rcc.o
    0x08002bb8   0x08002bb8   0x00000050   Code   RO         3227    i.HAL_SDRAM_Init    stm32h7xx_hal_sdram.o
    0x08002c08   0x08002c08   0x0000000a   Code   RO         3983    i.HAL_SDRAM_MspInit  sdram.o
    0x08002c12   0x08002c12   0x00000036   Code   RO         3230    i.HAL_SDRAM_ProgramRefreshRate  stm32h7xx_hal_sdram.o
    0x08002c48   0x08002c48   0x0000004e   Code   RO         3236    i.HAL_SDRAM_SendCommand  stm32h7xx_hal_sdram.o
    0x08002c96   0x08002c96   0x00000002   PAD
    0x08002c98   0x08002c98   0x000001b0   Code   RO          375    i.HAL_SPI_Init      stm32h7xx_hal_spi.o
    0x08002e48   0x08002e48   0x0000013c   Code   RO         3631    i.HAL_SPI_MspInit   lcd_spi_200.o
    0x08002f84   0x08002f84   0x000002b4   Code   RO          384    i.HAL_SPI_Transmit  stm32h7xx_hal_spi.o
    0x08003238   0x08003238   0x00000034   Code   RO          717    i.HAL_SYSTICK_Config  stm32h7xx_hal_cortex.o
    0x0800326c   0x0800326c   0x00000004   Code   RO          259    i.HardFault_Handler  stm32h7xx_it.o
    0x08003270   0x08003270   0x00000060   Code   RO         3632    i.LCD_Clear         lcd_spi_200.o
    0x080032d0   0x080032d0   0x000000d8   Code   RO         3635    i.LCD_DisplayChar   lcd_spi_200.o
    0x080033a8   0x080033a8   0x00000038   Code   RO         3639    i.LCD_DisplayString  lcd_spi_200.o
    0x080033e0   0x080033e0   0x0000012c   Code   RO         3644    i.LCD_DrawLine      lcd_spi_200.o
    0x0800350c   0x0800350c   0x0000001c   Code   RO         3647    i.LCD_DrawPoint     lcd_spi_200.o
    0x08003528   0x08003528   0x000000d6   Code   RO         3651    i.LCD_SPI_CloseTransfer  lcd_spi_200.o
    0x080035fe   0x080035fe   0x0000019c   Code   RO         3652    i.LCD_SPI_Transmit  lcd_spi_200.o
    0x0800379a   0x0800379a   0x00000040   Code   RO         3654    i.LCD_SPI_WaitOnFlagUntilTimeout  lcd_spi_200.o
    0x080037da   0x080037da   0x00000002   PAD
    0x080037dc   0x080037dc   0x00000058   Code   RO         3655    i.LCD_SetAddress    lcd_spi_200.o
    0x08003834   0x08003834   0x0000000c   Code   RO         3656    i.LCD_SetAsciiFont  lcd_spi_200.o
    0x08003840   0x08003840   0x00000028   Code   RO         3657    i.LCD_SetBackColor  lcd_spi_200.o
    0x08003868   0x08003868   0x00000028   Code   RO         3658    i.LCD_SetColor      lcd_spi_200.o
    0x08003890   0x08003890   0x0000009c   Code   RO         3659    i.LCD_SetDirection  lcd_spi_200.o
    0x0800392c   0x0800392c   0x0000000c   Code   RO         3661    i.LCD_ShowNumMode   lcd_spi_200.o
    0x08003938   0x08003938   0x0000003c   Code   RO         3669    i.LCD_WriteBuff     lcd_spi_200.o
    0x08003974   0x08003974   0x00000028   Code   RO         3670    i.LCD_WriteCommand  lcd_spi_200.o
    0x0800399c   0x0800399c   0x00000034   Code   RO         3671    i.LCD_WriteData_16bit  lcd_spi_200.o
    0x080039d0   0x080039d0   0x00000024   Code   RO         3672    i.LCD_WriteData_8bit  lcd_spi_200.o
    0x080039f4   0x080039f4   0x00000058   Code   RO         3579    i.LED_Init          led.o
    0x08003a4c   0x08003a4c   0x00000052   Code   RO           15    i.MPU_Config_Nobug  main.o
    0x08003a9e   0x08003a9e   0x00000002   PAD
    0x08003aa0   0x08003aa0   0x0000007c   Code   RO         3984    i.MX_FMC_Init       sdram.o
    0x08003b1c   0x08003b1c   0x00000058   Code   RO          225    i.MX_GPIO_Init      gpio.o
    0x08003b74   0x08003b74   0x00000060   Code   RO         3673    i.MX_SPI5_Init      lcd_spi_200.o
    0x08003bd4   0x08003bd4   0x00000004   Code   RO          260    i.MemManage_Handler  stm32h7xx_it.o
    0x08003bd8   0x08003bd8   0x00000004   Code   RO          261    i.NMI_Handler       stm32h7xx_it.o
    0x08003bdc   0x08003bdc   0x00000002   Code   RO          262    i.PendSV_Handler    stm32h7xx_it.o
    0x08003bde   0x08003bde   0x00000002   PAD
    0x08003be0   0x08003be0   0x00000164   Code   RO          984    i.RCCEx_PLL2_Config  stm32h7xx_hal_rcc_ex.o
    0x08003d44   0x08003d44   0x00000164   Code   RO          985    i.RCCEx_PLL3_Config  stm32h7xx_hal_rcc_ex.o
    0x08003ea8   0x08003ea8   0x00000092   Code   RO         3985    i.SDRAM_Initialization_Sequence  sdram.o
    0x08003f3a   0x08003f3a   0x00000002   PAD
    0x08003f3c   0x08003f3c   0x00000258   Code   RO         3986    i.SDRAM_Test        sdram.o
    0x08004194   0x08004194   0x000000d6   Code   RO          395    i.SPI_CloseTransfer  stm32h7xx_hal_spi.o
    0x0800426a   0x0800426a   0x0000001a   Code   RO          406    i.SPI_GetPacketSize  stm32h7xx_hal_spi.o
    0x08004284   0x08004284   0x000001b4   Code   RO         3674    i.SPI_LCD_Init      lcd_spi_200.o
    0x08004438   0x08004438   0x000000bc   Code   RO         3932    i.SPI_PrintWithPrefix  gui.o
    0x080044f4   0x080044f4   0x00000042   Code   RO          413    i.SPI_WaitOnFlagUntilTimeout  stm32h7xx_hal_spi.o
    0x08004536   0x08004536   0x00000002   Code   RO          263    i.SVC_Handler       stm32h7xx_it.o
    0x08004538   0x08004538   0x00000008   Code   RO          264    i.SysTick_Handler   stm32h7xx_it.o
    0x08004540   0x08004540   0x00000160   Code   RO           17    i.SystemClock_Config_Nobug  main.o
    0x080046a0   0x080046a0   0x000000fc   Code   RO         3543    i.SystemInit        system_stm32h7xx.o
    0x0800479c   0x0800479c   0x00000004   Code   RO          265    i.UsageFault_Handler  stm32h7xx_it.o
    0x080047a0   0x080047a0   0x00000028   Code   RO         4288    i.__0sprintf        mc_w.l(printfa.o)
    0x080047c8   0x080047c8   0x00000010   Code   RO          719    i.__NVIC_GetPriorityGrouping  stm32h7xx_hal_cortex.o
    0x080047d8   0x080047d8   0x00000028   Code   RO          720    i.__NVIC_SetPriority  stm32h7xx_hal_cortex.o
    0x08004800   0x08004800   0x0000000e   Code   RO         4392    i.__scatterload_copy  mc_w.l(handlers.o)
    0x0800480e   0x0800480e   0x00000002   Code   RO         4393    i.__scatterload_null  mc_w.l(handlers.o)
    0x08004810   0x08004810   0x0000000e   Code   RO         4394    i.__scatterload_zeroinit  mc_w.l(handlers.o)
    0x0800481e   0x0800481e   0x00000002   PAD
    0x08004820   0x08004820   0x00000184   Code   RO         4293    i._fp_digits        mc_w.l(printfa.o)
    0x080049a4   0x080049a4   0x000006b4   Code   RO         4294    i._printf_core      mc_w.l(printfa.o)
    0x08005058   0x08005058   0x00000024   Code   RO         4295    i._printf_post_padding  mc_w.l(printfa.o)
    0x0800507c   0x0800507c   0x0000002e   Code   RO         4296    i._printf_pre_padding  mc_w.l(printfa.o)
    0x080050aa   0x080050aa   0x0000000a   Code   RO         4298    i._sputc            mc_w.l(printfa.o)
    0x080050b4   0x080050b4   0x00000050   Code   RO         4314    i.free              mc_w.l(malloc.o)
    0x08005104   0x08005104   0x00000204   Code   RO           18    i.main              main.o
    0x08005308   0x08005308   0x0000006c   Code   RO         4315    i.malloc            mc_w.l(malloc.o)
    0x08005374   0x08005374   0x000000a0   Code   RO         3933    i.push_line         gui.o
    0x08005414   0x08005414   0x000000fc   Code   RO         3934    i.redraw_all        gui.o
    0x08005510   0x08005510   0x00000018   Code   RO         3935    i.syslog            gui.o
    0x08005528   0x08005528   0x00000010   Data   RO         3544    .constdata          system_stm32h7xx.o
    0x08005538   0x08005538   0x00006824   Data   RO         3603    .constdata          lcd_fonts.o
    0x0800bd5c   0x0800bd5c   0x00000020   Data   RO         4390    Region$$Table       anon$$obj.o


    Execution Region RW_IRAM1 (Exec base: 0x20000000, Load base: 0x0800bd7c, Size: 0x00000000, Max: 0x00020000, ABSOLUTE)

    **** No section assigned to this execution region ****


    Execution Region RW_IRAM2 (Exec base: 0x24000000, Load base: 0x0800bd7c, Size: 0x00001078, Max: 0x00080000, ABSOLUTE)

    Exec Addr    Load Addr    Size         Type   Attr      Idx    E Section Name        Object

    0x24000000   0x0800bd7c   0x00000009   Data   RW         2323    .data               stm32h7xx_hal.o
    0x24000009   0x0800bd85   0x00000003   PAD
    0x2400000c   0x0800bd88   0x00000008   Data   RW         3545    .data               system_stm32h7xx.o
    0x24000014   0x0800bd90   0x00000078   Data   RW         3604    .data               lcd_fonts.o
    0x2400008c   0x0800be08   0x00000008   Data   RW         3676    .data               lcd_spi_200.o
    0x24000094   0x0800be10   0x00000018   Data   RW         3937    .data               gui.o
    0x240000ac   0x0800be28   0x00000004   Data   RW         4365    .data               mc_w.l(mvars.o)
    0x240000b0   0x0800be2c   0x00000004   Data   RW         4366    .data               mc_w.l(mvars.o)
    0x240000b4        -       0x00000898   Zero   RW         3675    .bss                lcd_spi_200.o
    0x2400094c        -       0x000000e8   Zero   RW         3936    .bss                gui.o
    0x24000a34        -       0x00000044   Zero   RW         3987    .bss                sdram.o
    0x24000a78        -       0x00000200   Zero   RW            2    HEAP                startup_stm32h743xx.o
    0x24000c78        -       0x00000400   Zero   RW            1    STACK               startup_stm32h743xx.o


==============================================================================

Image component sizes


      Code (inc. data)   RO Data    RW Data    ZI Data      Debug   Object Name

        88          4          0          0          0        963   gpio.o
       624         68          0         24        232       3935   gui.o
         0          0      26660        120          0       2067   lcd_fonts.o
      2770        152          0          8       2200      16684   lcd_spi_200.o
        88          8          0          0          0       1059   led.o
       956        122          0          0          0    1295127   main.o
      1292        226          0          0         68       4749   sdram.o
        36          8        664          0       1536        836   startup_stm32h743xx.o
       272         52          0          9          0      23424   stm32h7xx_hal.o
       470         40          0          0          0      41624   stm32h7xx_hal_cortex.o
       540         52          0          0          0       2885   stm32h7xx_hal_gpio.o
        36          4          0          0          0        938   stm32h7xx_hal_msp.o
        96          6          0          0          0        777   stm32h7xx_hal_pwr_ex.o
      3492         78          0          0          0       5236   stm32h7xx_hal_rcc.o
      4144         50          0          0          0       4748   stm32h7xx_hal_rcc_ex.o
       212          4          0          0          0       2928   stm32h7xx_hal_sdram.o
      1430         12          0          0          0       4994   stm32h7xx_hal_spi.o
        34          0          0          0          0       4238   stm32h7xx_it.o
       314          4          0          0          0       4300   stm32h7xx_ll_fmc.o
       252         40         16          8          0       1430   system_stm32h7xx.o

    ----------------------------------------------------------------------
     17160        930      27372        172       4036    1422942   Object Totals
         0          0         32          0          0          0   (incl. Generated)
        14          0          0          3          0          0   (incl. Padding)

    ----------------------------------------------------------------------

      Code (inc. data)   RO Data    RW Data    ZI Data      Debug   Library Member Name

         0          0          0          0          0          0   entry.o
         0          0          0          0          0          0   entry10a.o
         0          0          0          0          0          0   entry11a.o
         4          0          0          0          0          0   entry12b.o
         8          4          0          0          0          0   entry2.o
         4          0          0          0          0          0   entry5.o
         0          0          0          0          0          0   entry7b.o
         0          0          0          0          0          0   entry8b.o
         8          4          0          0          0          0   entry9a.o
        30          0          0          0          0          0   handlers.o
        36          8          0          0          0         68   init.o
         0          0          0          0          0          0   iusefp.o
        30          0          0          0          0         68   llshl.o
        36          0          0          0          0         68   llsshr.o
        32          0          0          0          0         68   llushr.o
       188         20          0          0          0        160   malloc.o
        36          0          0          0          0         68   memcpya.o
        36          0          0          0          0        108   memseta.o
         0          0          0          8          0          0   mvars.o
      2236         86          0          0          0        532   printfa.o
        24          0          0          0          0         68   strcat.o
        18          0          0          0          0         68   strcpy.o
        14          0          0          0          0         68   strlen.o
        24          0          0          0          0         76   strncpy.o
        44          0          0          0          0         80   uidiv.o
        98          0          0          0          0         92   uldiv.o
        48          0          0          0          0         68   cdrcmple.o
       334          0          0          0          0        148   dadd.o
       222          0          0          0          0        100   ddiv.o
       186          0          0          0          0        176   depilogue.o
        48          0          0          0          0         68   dfixul.o
       228          0          0          0          0         96   dmul.o

    ----------------------------------------------------------------------
      3976        122          0          8          0       2248   Library Totals
         4          0          0          0          0          0   (incl. Padding)

    ----------------------------------------------------------------------

      Code (inc. data)   RO Data    RW Data    ZI Data      Debug   Library Name

      2906        122          0          8          0       1592   mc_w.l
      1066          0          0          0          0        656   mf_w.l

    ----------------------------------------------------------------------
      3976        122          0          8          0       2248   Library Totals

    ----------------------------------------------------------------------

==============================================================================


      Code (inc. data)   RO Data    RW Data    ZI Data      Debug   

     21136       1052      27372        180       4036    1416698   Grand Totals
     21136       1052      27372        180       4036    1416698   ELF Image Totals
     21136       1052      27372        180          0          0   ROM Totals

==============================================================================

    Total RO  Size (Code + RO Data)                48508 (  47.37kB)
    Total RW  Size (RW Data + ZI Data)              4216 (   4.12kB)
    Total ROM Size (Code + RO Data + RW Data)      48688 (  47.55kB)

==============================================================================

